Archive member included to satisfy reference by file (symbol)

/usr/lib/gcc/arm-none-eabi/11.2.0/thumb/v6-m/nofp/libgcc.a(_dvmd_tls.o)
                              CMakeFiles/RP2040-CAN-Driver.dir/usr/share/pico-sdk/src/rp2_common/pico_divider/divider.S.obj (__aeabi_idiv0)
/usr/lib/gcc/arm-none-eabi/11.2.0/../../../../arm-none-eabi/lib/thumb/v6-m/nofp/libg.a(lib_a-atexit.o)
                              /usr/lib/gcc/arm-none-eabi/11.2.0/../../../../arm-none-eabi/lib/thumb/v6-m/nofp/crt0.o (atexit)
/usr/lib/gcc/arm-none-eabi/11.2.0/../../../../arm-none-eabi/lib/thumb/v6-m/nofp/libg.a(lib_a-calloc.o)
                              CMakeFiles/RP2040-CAN-Driver.dir/usr/share/pico-sdk/src/rp2_common/pico_malloc/pico_malloc.c.obj (calloc)
/usr/lib/gcc/arm-none-eabi/11.2.0/../../../../arm-none-eabi/lib/thumb/v6-m/nofp/libg.a(lib_a-callocr.o)
                              /usr/lib/gcc/arm-none-eabi/11.2.0/../../../../arm-none-eabi/lib/thumb/v6-m/nofp/libg.a(lib_a-calloc.o) (_calloc_r)
/usr/lib/gcc/arm-none-eabi/11.2.0/../../../../arm-none-eabi/lib/thumb/v6-m/nofp/libg.a(lib_a-ctype_.o)
                              CMakeFiles/RP2040-CAN-Driver.dir/usr/share/pico-sdk/lib/tinyusb/src/tusb.c.obj (_ctype_)
/usr/lib/gcc/arm-none-eabi/11.2.0/../../../../arm-none-eabi/lib/thumb/v6-m/nofp/libg.a(lib_a-errno.o)
                              /usr/lib/gcc/arm-none-eabi/11.2.0/../../../../arm-none-eabi/lib/thumb/v6-m/nofp/libg.a(lib_a-callocr.o) (__errno)
/usr/lib/gcc/arm-none-eabi/11.2.0/../../../../arm-none-eabi/lib/thumb/v6-m/nofp/libg.a(lib_a-fini.o)
                              /usr/lib/gcc/arm-none-eabi/11.2.0/../../../../arm-none-eabi/lib/thumb/v6-m/nofp/crt0.o (__libc_fini_array)
/usr/lib/gcc/arm-none-eabi/11.2.0/../../../../arm-none-eabi/lib/thumb/v6-m/nofp/libg.a(lib_a-impure.o)
                              /usr/lib/gcc/arm-none-eabi/11.2.0/../../../../arm-none-eabi/lib/thumb/v6-m/nofp/libg.a(lib_a-calloc.o) (_impure_ptr)
/usr/lib/gcc/arm-none-eabi/11.2.0/../../../../arm-none-eabi/lib/thumb/v6-m/nofp/libg.a(lib_a-init.o)
                              /usr/lib/gcc/arm-none-eabi/11.2.0/../../../../arm-none-eabi/lib/thumb/v6-m/nofp/crt0.o (__libc_init_array)
/usr/lib/gcc/arm-none-eabi/11.2.0/../../../../arm-none-eabi/lib/thumb/v6-m/nofp/libg.a(lib_a-malloc.o)
                              CMakeFiles/RP2040-CAN-Driver.dir/usr/share/pico-sdk/src/rp2_common/pico_malloc/pico_malloc.c.obj (malloc)
/usr/lib/gcc/arm-none-eabi/11.2.0/../../../../arm-none-eabi/lib/thumb/v6-m/nofp/libg.a(lib_a-mallocr.o)
                              /usr/lib/gcc/arm-none-eabi/11.2.0/../../../../arm-none-eabi/lib/thumb/v6-m/nofp/libg.a(lib_a-callocr.o) (_malloc_r)
/usr/lib/gcc/arm-none-eabi/11.2.0/../../../../arm-none-eabi/lib/thumb/v6-m/nofp/libg.a(lib_a-mlock.o)
                              /usr/lib/gcc/arm-none-eabi/11.2.0/../../../../arm-none-eabi/lib/thumb/v6-m/nofp/libg.a(lib_a-mallocr.o) (__malloc_lock)
/usr/lib/gcc/arm-none-eabi/11.2.0/../../../../arm-none-eabi/lib/thumb/v6-m/nofp/libg.a(lib_a-sbrkr.o)
                              /usr/lib/gcc/arm-none-eabi/11.2.0/../../../../arm-none-eabi/lib/thumb/v6-m/nofp/libg.a(lib_a-mallocr.o) (_sbrk_r)
/usr/lib/gcc/arm-none-eabi/11.2.0/../../../../arm-none-eabi/lib/thumb/v6-m/nofp/libg.a(lib_a-strlen-stub.o)
                              CMakeFiles/RP2040-CAN-Driver.dir/usr/share/pico-sdk/src/rp2_common/pico_stdio/stdio.c.obj (strlen)
/usr/lib/gcc/arm-none-eabi/11.2.0/../../../../arm-none-eabi/lib/thumb/v6-m/nofp/libg.a(lib_a-__atexit.o)
                              /usr/lib/gcc/arm-none-eabi/11.2.0/../../../../arm-none-eabi/lib/thumb/v6-m/nofp/libg.a(lib_a-atexit.o) (__register_exitproc)
/usr/lib/gcc/arm-none-eabi/11.2.0/../../../../arm-none-eabi/lib/thumb/v6-m/nofp/libg.a(lib_a-__call_atexit.o)
                              /usr/lib/gcc/arm-none-eabi/11.2.0/../../../../arm-none-eabi/lib/thumb/v6-m/nofp/libg.a(lib_a-__atexit.o) (__atexit_recursive_mutex)
/usr/lib/gcc/arm-none-eabi/11.2.0/../../../../arm-none-eabi/lib/thumb/v6-m/nofp/libg.a(lib_a-freer.o)
                              /usr/lib/gcc/arm-none-eabi/11.2.0/../../../../arm-none-eabi/lib/thumb/v6-m/nofp/libg.a(lib_a-malloc.o) (_free_r)
/usr/lib/gcc/arm-none-eabi/11.2.0/../../../../arm-none-eabi/lib/thumb/v6-m/nofp/libg.a(lib_a-lock.o)
                              /usr/lib/gcc/arm-none-eabi/11.2.0/../../../../arm-none-eabi/lib/thumb/v6-m/nofp/libg.a(lib_a-mlock.o) (__retarget_lock_acquire_recursive)
/usr/lib/gcc/arm-none-eabi/11.2.0/../../../../arm-none-eabi/lib/thumb/v6-m/nofp/libg.a(lib_a-reent.o)
                              /usr/lib/gcc/arm-none-eabi/11.2.0/../../../../arm-none-eabi/lib/thumb/v6-m/nofp/libg.a(lib_a-sbrkr.o) (errno)

Discarded input sections

 .text          0x0000000000000000        0x0 /usr/lib/gcc/arm-none-eabi/11.2.0/thumb/v6-m/nofp/crti.o
 .data          0x0000000000000000        0x0 /usr/lib/gcc/arm-none-eabi/11.2.0/thumb/v6-m/nofp/crti.o
[...]
Memory Configuration

Name             Origin             Length             Attributes
FLASH            0x0000000010000000 0x0000000000200000 xr
RAM              0x0000000020000000 0x0000000000040000 xrw
SCRATCH_X        0x0000000020040000 0x0000000000001000 xrw
SCRATCH_Y        0x0000000020041000 0x0000000000001000 xrw
*default*        0x0000000000000000 0xffffffffffffffff

Linker script and memory map

LOAD /usr/lib/gcc/arm-none-eabi/11.2.0/thumb/v6-m/nofp/crti.o
LOAD /usr/lib/gcc/arm-none-eabi/11.2.0/thumb/v6-m/nofp/crtbegin.o
LOAD /usr/lib/gcc/arm-none-eabi/11.2.0/../../../../arm-none-eabi/lib/thumb/v6-m/nofp/crt0.o

.flash_begin    0x0000000010000000        0x0
                0x0000000010000000                __flash_binary_start = .

.boot2          0x0000000010000000      0x100
                0x0000000010000000                __boot2_start__ = .
 *(.boot2)
 .boot2         0x0000000010000000      0x100 /tmp/cc7bHzBv.o
                0x0000000010000100                __boot2_end__ = .
                0x0000000000000001                ASSERT (((__boot2_end__ - __boot2_start__) == 0x100), ERROR: Pico second stage bootloader must be 256 bytes in size)

.text           0x0000000010000100     0x7b88
                0x0000000010000100                __logical_binary_start = .
 *(.vectors)
 .vectors       0x0000000010000100       0xd4 CMakeFiles/RP2040-CAN-Driver.dir/usr/share/pico-sdk/src/rp2_common/pico_standard_link/crt0.S.obj
                0x0000000010000100                __vectors
                0x0000000010000100                __VECTOR_TABLE
                0x00000000100001c0                isr_invalid
                0x00000000100001c0                __default_isrs_start
                0x00000000100001c2                isr_nmi
                0x00000000100001c4                isr_hardfault
                0x00000000100001c6                isr_svcall
                0x00000000100001c8                isr_pendsv
                0x00000000100001ca                isr_systick
                0x00000000100001cc                isr_irq30
                0x00000000100001cc                __unhandled_user_irq
                0x00000000100001cc                isr_irq13
                0x00000000100001cc                isr_irq27
                0x00000000100001cc                isr_irq31
                0x00000000100001cc                isr_irq5
                0x00000000100001cc                isr_irq11
                0x00000000100001cc                isr_irq23
                0x00000000100001cc                isr_irq18
                0x00000000100001cc                isr_irq28
                0x00000000100001cc                isr_irq19
                0x00000000100001cc                isr_irq0
                0x00000000100001cc                isr_irq6
                0x00000000100001cc                isr_irq22
                0x00000000100001cc                isr_irq17
                0x00000000100001cc                isr_irq14
                0x00000000100001cc                isr_irq2
                0x00000000100001cc                isr_irq10
                0x00000000100001cc                isr_irq8
                0x00000000100001cc                isr_irq24
                0x00000000100001cc                isr_irq1
                0x00000000100001cc                isr_irq7
                0x00000000100001cc                isr_irq21
                0x00000000100001cc                isr_irq20
                0x00000000100001cc                isr_irq15
                0x00000000100001cc                isr_irq25
                0x00000000100001cc                isr_irq4
                0x00000000100001cc                isr_irq16
                0x00000000100001cc                isr_irq29
                0x00000000100001cc                isr_irq26
                0x00000000100001cc                __default_isrs_end
                0x00000000100001cc                isr_irq3
                0x00000000100001cc                isr_irq12
                0x00000000100001cc                isr_irq9
                0x00000000100001d2                unhandled_user_irq_num_in_r0
 *(.binary_info_header)
 .binary_info_header
                0x00000000100001d4       0x14 CMakeFiles/RP2040-CAN-Driver.dir/usr/share/pico-sdk/src/rp2_common/pico_standard_link/crt0.S.obj
                0x00000000100001e8                __binary_info_header_end = .
 *(.reset)
 .reset         0x00000000100001e8       0xa8 CMakeFiles/RP2040-CAN-Driver.dir/usr/share/pico-sdk/src/rp2_common/pico_standard_link/crt0.S.obj
                0x00000000100001e8                _entry_point
                0x0000000010000266                __get_current_exception
 .reset         0x0000000010000290       0x30 CMakeFiles/RP2040-CAN-Driver.dir/usr/share/pico-sdk/src/rp2_common/pico_standard_link/binary_info.c.obj
 *(.init)
 .init          0x00000000100002c0        0x4 /usr/lib/gcc/arm-none-eabi/11.2.0/thumb/v6-m/nofp/crti.o
                0x00000000100002c0                _init
 *(EXCLUDE_FILE(*libm.a: *libc.a:*lib_a-mem*.o *libgcc.a:) .text*)
 .text.frame_dummy
                0x00000000100002c4       0x20 /usr/lib/gcc/arm-none-eabi/11.2.0/thumb/v6-m/nofp/crtbegin.o
 .text.mcp2515_bitModify
                0x00000000100002e4       0x6e CMakeFiles/RP2040-CAN-Driver.dir/main.c.obj
 .text.mcp2515_writeByte
                0x0000000010000352       0x58 CMakeFiles/RP2040-CAN-Driver.dir/main.c.obj
 .text.mcp2515_readByte
                0x00000000100003aa       0x56 CMakeFiles/RP2040-CAN-Driver.dir/main.c.obj
 .text.mcp2515_readStatus
                0x0000000010000400       0x46 CMakeFiles/RP2040-CAN-Driver.dir/main.c.obj
 .text.mcp2515_rxStatus
                0x0000000010000446       0x46 CMakeFiles/RP2040-CAN-Driver.dir/main.c.obj
 .text.mcp2515_reset
                0x000000001000048c       0x34 CMakeFiles/RP2040-CAN-Driver.dir/main.c.obj
 .text.mcp2515_loadTxBuffer
                0x00000000100004c0      0x104 CMakeFiles/RP2040-CAN-Driver.dir/main.c.obj
 .text.mcp2515_requestToSend
                0x00000000100005c4       0x60 CMakeFiles/RP2040-CAN-Driver.dir/main.c.obj
 .text.mcp2515_readRxBuffer
                0x0000000010000624      0x14c CMakeFiles/RP2040-CAN-Driver.dir/main.c.obj
 .text.get_absolute_time
                0x0000000010000770       0x2c CMakeFiles/RP2040-CAN-Driver.dir/main.c.obj
 .text.mcp2515_setOpmode
                0x000000001000079c       0x26 CMakeFiles/RP2040-CAN-Driver.dir/main.c.obj
                0x000000001000079c                mcp2515_setOpmode
 *fill*         0x00000000100007c2        0x2 
 .text.mcp2515_init
                0x00000000100007c4       0xf4 CMakeFiles/RP2040-CAN-Driver.dir/main.c.obj
                0x00000000100007c4                mcp2515_init
 .text.mcp2515_TrySendMessage
                0x00000000100008b8       0x50 CMakeFiles/RP2040-CAN-Driver.dir/main.c.obj
                0x00000000100008b8                mcp2515_TrySendMessage
 .text.mcp2515_sendMessageBlocking
                0x0000000010000908       0x18 CMakeFiles/RP2040-CAN-Driver.dir/main.c.obj
                0x0000000010000908                mcp2515_sendMessageBlocking
 .text.mcp2515_TryRecieveMessage
                0x0000000010000920       0x36 CMakeFiles/RP2040-CAN-Driver.dir/main.c.obj
                0x0000000010000920                mcp2515_TryRecieveMessage
 .text.mcp2515_recieveMessageBlocking
                0x0000000010000956       0x18 CMakeFiles/RP2040-CAN-Driver.dir/main.c.obj
                0x0000000010000956                mcp2515_recieveMessageBlocking
 *fill*         0x000000001000096e        0x2 
 .text.main     0x0000000010000970      0x21c CMakeFiles/RP2040-CAN-Driver.dir/main.c.obj
                0x0000000010000970                main
 .text.gpio_set_function
                0x0000000010000b8c       0x30 CMakeFiles/RP2040-CAN-Driver.dir/usr/share/pico-sdk/src/rp2_common/hardware_gpio/gpio.c.obj
                0x0000000010000b8c                gpio_set_function
 .text.gpio_init
                0x0000000010000bbc       0x16 CMakeFiles/RP2040-CAN-Driver.dir/usr/share/pico-sdk/src/rp2_common/hardware_gpio/gpio.c.obj
                0x0000000010000bbc                gpio_init
 *fill*         0x0000000010000bd2        0x2 
 .text.hw_claim_lock
                0x0000000010000bd4       0x18 CMakeFiles/RP2040-CAN-Driver.dir/usr/share/pico-sdk/src/rp2_common/hardware_claim/claim.c.obj
                0x0000000010000bd4                hw_claim_lock
 .text.hw_claim_unlock
                0x0000000010000bec       0x14 CMakeFiles/RP2040-CAN-Driver.dir/usr/share/pico-sdk/src/rp2_common/hardware_claim/claim.c.obj
                0x0000000010000bec                hw_claim_unlock
 .text.hw_claim_or_assert
                0x0000000010000c00       0x32 CMakeFiles/RP2040-CAN-Driver.dir/usr/share/pico-sdk/src/rp2_common/hardware_claim/claim.c.obj
                0x0000000010000c00                hw_claim_or_assert
 .text.hw_claim_unused_from_range
                0x0000000010000c32       0x50 CMakeFiles/RP2040-CAN-Driver.dir/usr/share/pico-sdk/src/rp2_common/hardware_claim/claim.c.obj
                0x0000000010000c32                hw_claim_unused_from_range
 *fill*         0x0000000010000c82        0x2 
 .text.running_on_fpga
                0x0000000010000c84       0x14 CMakeFiles/RP2040-CAN-Driver.dir/usr/share/pico-sdk/src/rp2_common/pico_platform/platform.c.obj
                0x0000000010000c84                running_on_fpga
 .text.spin_locks_reset
                0x0000000010000c98       0x20 CMakeFiles/RP2040-CAN-Driver.dir/usr/share/pico-sdk/src/rp2_common/hardware_sync/sync.c.obj
                0x0000000010000c98                spin_locks_reset
 .text.next_striped_spin_lock_num
                0x0000000010000cb8       0x1c CMakeFiles/RP2040-CAN-Driver.dir/usr/share/pico-sdk/src/rp2_common/hardware_sync/sync.c.obj
                0x0000000010000cb8                next_striped_spin_lock_num
 .text.spin_lock_claim_unused
                0x0000000010000cd4       0x24 CMakeFiles/RP2040-CAN-Driver.dir/usr/share/pico-sdk/src/rp2_common/hardware_sync/sync.c.obj
                0x0000000010000cd4                spin_lock_claim_unused
 .text.uart_set_baudrate
                0x0000000010000cf8       0x5c CMakeFiles/RP2040-CAN-Driver.dir/usr/share/pico-sdk/src/rp2_common/hardware_uart/uart.c.obj
                0x0000000010000cf8                uart_set_baudrate
 .text.uart_set_translate_crlf
                0x0000000010000d54       0x28 CMakeFiles/RP2040-CAN-Driver.dir/usr/share/pico-sdk/src/rp2_common/hardware_uart/uart.c.obj
                0x0000000010000d54                uart_set_translate_crlf
 .text.uart_init
                0x0000000010000d7c       0x80 CMakeFiles/RP2040-CAN-Driver.dir/usr/share/pico-sdk/src/rp2_common/hardware_uart/uart.c.obj
                0x0000000010000d7c                uart_init
 .text.alarm_pool_post_alloc_init
                0x0000000010000dfc       0x40 CMakeFiles/RP2040-CAN-Driver.dir/usr/share/pico-sdk/src/common/pico_time/time.c.obj
 .text.sleep_until_callback
                0x0000000010000e3c       0x30 CMakeFiles/RP2040-CAN-Driver.dir/usr/share/pico-sdk/src/common/pico_time/time.c.obj
 .text.timer_pool_entry_comparator
                0x0000000010000e6c       0x78 CMakeFiles/RP2040-CAN-Driver.dir/usr/share/pico-sdk/src/common/pico_time/time.c.obj
                0x0000000010000e6c                timer_pool_entry_comparator
 .text.ph_add_child_node
                0x0000000010000ee4       0xa0 CMakeFiles/RP2040-CAN-Driver.dir/usr/share/pico-sdk/src/common/pico_time/time.c.obj
 .text.ph_merge_nodes
                0x0000000010000f84       0x3e CMakeFiles/RP2040-CAN-Driver.dir/usr/share/pico-sdk/src/common/pico_time/time.c.obj
 *fill*         0x0000000010000fc2        0x2 
 .text.add_alarm_under_lock
                0x0000000010000fc4      0x16c CMakeFiles/RP2040-CAN-Driver.dir/usr/share/pico-sdk/src/common/pico_time/time.c.obj
 .text.alarm_pool_alarm_callback
                0x0000000010001130      0x328 CMakeFiles/RP2040-CAN-Driver.dir/usr/share/pico-sdk/src/common/pico_time/time.c.obj
 .text.alarm_pool_init_default
                0x0000000010001458       0x38 CMakeFiles/RP2040-CAN-Driver.dir/usr/share/pico-sdk/src/common/pico_time/time.c.obj
                0x0000000010001458                alarm_pool_init_default
 .text.alarm_pool_get_default
                0x0000000010001490       0x2c CMakeFiles/RP2040-CAN-Driver.dir/usr/share/pico-sdk/src/common/pico_time/time.c.obj
                0x0000000010001490                alarm_pool_get_default
 .text.alarm_pool_add_alarm_at
                0x00000000100014bc      0x178 CMakeFiles/RP2040-CAN-Driver.dir/usr/share/pico-sdk/src/common/pico_time/time.c.obj
                0x00000000100014bc                alarm_pool_add_alarm_at
 .text.alarm_pool_cancel_alarm
                0x0000000010001634       0xec CMakeFiles/RP2040-CAN-Driver.dir/usr/share/pico-sdk/src/common/pico_time/time.c.obj
                0x0000000010001634                alarm_pool_cancel_alarm
 .text.sleep_until
                0x0000000010001720       0xfc CMakeFiles/RP2040-CAN-Driver.dir/usr/share/pico-sdk/src/common/pico_time/time.c.obj
                0x0000000010001720                sleep_until
 .text.sleep_us
                0x000000001000181c       0x58 CMakeFiles/RP2040-CAN-Driver.dir/usr/share/pico-sdk/src/common/pico_time/time.c.obj
                0x000000001000181c                sleep_us
 .text.sleep_ms
                0x0000000010001874       0x14 CMakeFiles/RP2040-CAN-Driver.dir/usr/share/pico-sdk/src/common/pico_time/time.c.obj
                0x0000000010001874                sleep_ms
 .text.best_effort_wfe_or_timeout
                0x0000000010001888       0x80 CMakeFiles/RP2040-CAN-Driver.dir/usr/share/pico-sdk/src/common/pico_time/time.c.obj
                0x0000000010001888                best_effort_wfe_or_timeout
 .text.hardware_alarm_irq_handler
                0x0000000010001908       0x88 CMakeFiles/RP2040-CAN-Driver.dir/usr/share/pico-sdk/src/rp2_common/hardware_timer/timer.c.obj
 .text.hardware_alarm_claim
                0x0000000010001990       0x18 CMakeFiles/RP2040-CAN-Driver.dir/usr/share/pico-sdk/src/rp2_common/hardware_timer/timer.c.obj
                0x0000000010001990                hardware_alarm_claim
 .text.time_us_64
                0x00000000100019a8       0x18 CMakeFiles/RP2040-CAN-Driver.dir/usr/share/pico-sdk/src/rp2_common/hardware_timer/timer.c.obj
                0x00000000100019a8                time_us_64
 .text.busy_wait_until
                0x00000000100019c0       0x28 CMakeFiles/RP2040-CAN-Driver.dir/usr/share/pico-sdk/src/rp2_common/hardware_timer/timer.c.obj
                0x00000000100019c0                busy_wait_until
 .text.hardware_alarm_set_callback
                0x00000000100019e8       0x90 CMakeFiles/RP2040-CAN-Driver.dir/usr/share/pico-sdk/src/rp2_common/hardware_timer/timer.c.obj
                0x00000000100019e8                hardware_alarm_set_callback
 .text.hardware_alarm_set_target
                0x0000000010001a78       0xe8 CMakeFiles/RP2040-CAN-Driver.dir/usr/share/pico-sdk/src/rp2_common/hardware_timer/timer.c.obj
                0x0000000010001a78                hardware_alarm_set_target
 .text.hardware_alarm_cancel
                0x0000000010001b60       0x40 CMakeFiles/RP2040-CAN-Driver.dir/usr/share/pico-sdk/src/rp2_common/hardware_timer/timer.c.obj
                0x0000000010001b60                hardware_alarm_cancel
 .text.lock_init
                0x0000000010001ba0       0x10 CMakeFiles/RP2040-CAN-Driver.dir/usr/share/pico-sdk/src/common/pico_sync/lock_core.c.obj
                0x0000000010001ba0                lock_init
 .text.mutex_init
                0x0000000010001bb0       0x1a CMakeFiles/RP2040-CAN-Driver.dir/usr/share/pico-sdk/src/common/pico_sync/mutex.c.obj
                0x0000000010001bb0                mutex_init
 .text.recursive_mutex_init
                0x0000000010001bca       0x1e CMakeFiles/RP2040-CAN-Driver.dir/usr/share/pico-sdk/src/common/pico_sync/mutex.c.obj
                0x0000000010001bca                recursive_mutex_init
 .text.critical_section_init_with_lock_num
                0x0000000010001be8       0x14 CMakeFiles/RP2040-CAN-Driver.dir/usr/share/pico-sdk/src/common/pico_sync/critical_section.c.obj
                0x0000000010001be8                critical_section_init_with_lock_num
 .text.critical_section_init
                0x0000000010001bfc       0x14 CMakeFiles/RP2040-CAN-Driver.dir/usr/share/pico-sdk/src/common/pico_sync/critical_section.c.obj
                0x0000000010001bfc                critical_section_init
 .text.ph_add_child_node
                0x0000000010001c10       0xa0 CMakeFiles/RP2040-CAN-Driver.dir/usr/share/pico-sdk/src/common/pico_util/pheap.c.obj
 .text.ph_merge_nodes
                0x0000000010001cb0       0x3e CMakeFiles/RP2040-CAN-Driver.dir/usr/share/pico-sdk/src/common/pico_util/pheap.c.obj
 *fill*         0x0000000010001cee        0x2 
 .text.ph_clear
                0x0000000010001cf0       0x70 CMakeFiles/RP2040-CAN-Driver.dir/usr/share/pico-sdk/src/common/pico_util/pheap.c.obj
                0x0000000010001cf0                ph_clear
 .text.ph_post_alloc_init
                0x0000000010001d60        0xe CMakeFiles/RP2040-CAN-Driver.dir/usr/share/pico-sdk/src/common/pico_util/pheap.c.obj
                0x0000000010001d60                ph_post_alloc_init
 *fill*         0x0000000010001d6e        0x2 
 .text.ph_merge_two_pass
                0x0000000010001d70       0xa4 CMakeFiles/RP2040-CAN-Driver.dir/usr/share/pico-sdk/src/common/pico_util/pheap.c.obj
                0x0000000010001d70                ph_merge_two_pass
 .text.ph_remove_any_head
                0x0000000010001e14      0x104 CMakeFiles/RP2040-CAN-Driver.dir/usr/share/pico-sdk/src/common/pico_util/pheap.c.obj
 .text.ph_remove_head
                0x0000000010001f18       0x14 CMakeFiles/RP2040-CAN-Driver.dir/usr/share/pico-sdk/src/common/pico_util/pheap.c.obj
                0x0000000010001f18                ph_remove_head
 .text.ph_remove_and_free_node
                0x0000000010001f2c       0xf8 CMakeFiles/RP2040-CAN-Driver.dir/usr/share/pico-sdk/src/common/pico_util/pheap.c.obj
                0x0000000010001f2c                ph_remove_and_free_node
 .text._exit    0x0000000010002024        0x4 CMakeFiles/RP2040-CAN-Driver.dir/usr/share/pico-sdk/src/rp2_common/pico_runtime/runtime.c.obj
                0x0000000010002024                _exit
 .text.exit     0x0000000010002028        0x6 CMakeFiles/RP2040-CAN-Driver.dir/usr/share/pico-sdk/src/rp2_common/pico_runtime/runtime.c.obj
                0x0000000010002028                exit
 *fill*         0x000000001000202e        0x2 
 .text.__assert_func
                0x0000000010002030       0x3c CMakeFiles/RP2040-CAN-Driver.dir/usr/share/pico-sdk/src/rp2_common/pico_runtime/runtime.c.obj
                0x0000000010002030                __assert_func
 .text.runtime_init
                0x000000001000206c       0xf8 CMakeFiles/RP2040-CAN-Driver.dir/usr/share/pico-sdk/src/rp2_common/pico_runtime/runtime.c.obj
                0x000000001000206c                runtime_init
 .text.panic    0x0000000010002164       0x30 CMakeFiles/RP2040-CAN-Driver.dir/usr/share/pico-sdk/src/rp2_common/pico_runtime/runtime.c.obj
                0x0000000010002164                panic
 .text.clock_configure
                0x0000000010002194      0x104 CMakeFiles/RP2040-CAN-Driver.dir/usr/share/pico-sdk/src/rp2_common/hardware_clocks/clocks.c.obj
                0x0000000010002194                clock_configure
 .text.clocks_init
                0x0000000010002298      0x100 CMakeFiles/RP2040-CAN-Driver.dir/usr/share/pico-sdk/src/rp2_common/hardware_clocks/clocks.c.obj
                0x0000000010002298                clocks_init
 .text.clock_get_hz
                0x0000000010002398        0xc CMakeFiles/RP2040-CAN-Driver.dir/usr/share/pico-sdk/src/rp2_common/hardware_clocks/clocks.c.obj
                0x0000000010002398                clock_get_hz
 .text.set_raw_irq_handler_and_unlock
                0x00000000100023a4       0x28 CMakeFiles/RP2040-CAN-Driver.dir/usr/share/pico-sdk/src/rp2_common/hardware_irq/irq.c.obj
 .text.make_branch
                0x00000000100023cc       0x34 CMakeFiles/RP2040-CAN-Driver.dir/usr/share/pico-sdk/src/rp2_common/hardware_irq/irq.c.obj
 .text.insert_branch_and_link
                0x0000000010002400       0x40 CMakeFiles/RP2040-CAN-Driver.dir/usr/share/pico-sdk/src/rp2_common/hardware_irq/irq.c.obj
 .text.irq_is_enabled
                0x0000000010002440       0x18 CMakeFiles/RP2040-CAN-Driver.dir/usr/share/pico-sdk/src/rp2_common/hardware_irq/irq.c.obj
                0x0000000010002440                irq_is_enabled
 .text.irq_set_mask_enabled
                0x0000000010002458       0x20 CMakeFiles/RP2040-CAN-Driver.dir/usr/share/pico-sdk/src/rp2_common/hardware_irq/irq.c.obj
                0x0000000010002458                irq_set_mask_enabled
 .text.irq_set_enabled
                0x0000000010002478        0xe CMakeFiles/RP2040-CAN-Driver.dir/usr/share/pico-sdk/src/rp2_common/hardware_irq/irq.c.obj
                0x0000000010002478                irq_set_enabled
 *fill*         0x0000000010002486        0x2 
 .text.irq_set_pending
                0x0000000010002488       0x10 CMakeFiles/RP2040-CAN-Driver.dir/usr/share/pico-sdk/src/rp2_common/hardware_irq/irq.c.obj
                0x0000000010002488                irq_set_pending
 .text.irq_get_vtable_handler
                0x0000000010002498       0x10 CMakeFiles/RP2040-CAN-Driver.dir/usr/share/pico-sdk/src/rp2_common/hardware_irq/irq.c.obj
                0x0000000010002498                irq_get_vtable_handler
 .text.irq_set_exclusive_handler
                0x00000000100024a8       0x54 CMakeFiles/RP2040-CAN-Driver.dir/usr/share/pico-sdk/src/rp2_common/hardware_irq/irq.c.obj
                0x00000000100024a8                irq_set_exclusive_handler
 .text.irq_remove_handler
                0x00000000100024fc      0x1ac CMakeFiles/RP2040-CAN-Driver.dir/usr/share/pico-sdk/src/rp2_common/hardware_irq/irq.c.obj
                0x00000000100024fc                irq_remove_handler
 .text.irq_add_tail_to_free_list
                0x00000000100026a8       0xf0 CMakeFiles/RP2040-CAN-Driver.dir/usr/share/pico-sdk/src/rp2_common/hardware_irq/irq.c.obj
                0x00000000100026a8                irq_add_tail_to_free_list
 .text.irq_init_priorities
                0x0000000010002798       0x1c CMakeFiles/RP2040-CAN-Driver.dir/usr/share/pico-sdk/src/rp2_common/hardware_irq/irq.c.obj
                0x0000000010002798                irq_init_priorities
 .text.pll_init
                0x00000000100027b4      0x118 CMakeFiles/RP2040-CAN-Driver.dir/usr/share/pico-sdk/src/rp2_common/hardware_pll/pll.c.obj
                0x00000000100027b4                pll_init
 .text.watchdog_start_tick
                0x00000000100028cc       0x10 CMakeFiles/RP2040-CAN-Driver.dir/usr/share/pico-sdk/src/rp2_common/hardware_watchdog/watchdog.c.obj
                0x00000000100028cc                watchdog_start_tick
 .text.watchdog_update
                0x00000000100028dc       0x14 CMakeFiles/RP2040-CAN-Driver.dir/usr/share/pico-sdk/src/rp2_common/hardware_watchdog/watchdog.c.obj
                0x00000000100028dc                watchdog_update
 .text._watchdog_enable
                0x00000000100028f0       0x78 CMakeFiles/RP2040-CAN-Driver.dir/usr/share/pico-sdk/src/rp2_common/hardware_watchdog/watchdog.c.obj
                0x00000000100028f0                _watchdog_enable
 .text.watchdog_reboot
                0x0000000010002968       0x48 CMakeFiles/RP2040-CAN-Driver.dir/usr/share/pico-sdk/src/rp2_common/hardware_watchdog/watchdog.c.obj
                0x0000000010002968                watchdog_reboot
 .text.xosc_init
                0x00000000100029b0       0x28 CMakeFiles/RP2040-CAN-Driver.dir/usr/share/pico-sdk/src/rp2_common/hardware_xosc/xosc.c.obj
                0x00000000100029b0                xosc_init
 .text._out_null
                0x00000000100029d8        0x2 CMakeFiles/RP2040-CAN-Driver.dir/usr/share/pico-sdk/src/rp2_common/pico_printf/printf.c.obj
 .text._out_fct
                0x00000000100029da        0xe CMakeFiles/RP2040-CAN-Driver.dir/usr/share/pico-sdk/src/rp2_common/pico_printf/printf.c.obj
 .text._atoi    0x00000000100029e8       0x24 CMakeFiles/RP2040-CAN-Driver.dir/usr/share/pico-sdk/src/rp2_common/pico_printf/printf.c.obj
 .text._out_rev
                0x0000000010002a0c       0xae CMakeFiles/RP2040-CAN-Driver.dir/usr/share/pico-sdk/src/rp2_common/pico_printf/printf.c.obj
 .text._ntoa_format
                0x0000000010002aba      0x112 CMakeFiles/RP2040-CAN-Driver.dir/usr/share/pico-sdk/src/rp2_common/pico_printf/printf.c.obj
 .text._ntoa_long
                0x0000000010002bcc       0xbc CMakeFiles/RP2040-CAN-Driver.dir/usr/share/pico-sdk/src/rp2_common/pico_printf/printf.c.obj
 .text._ntoa_long_long
                0x0000000010002c88       0xe2 CMakeFiles/RP2040-CAN-Driver.dir/usr/share/pico-sdk/src/rp2_common/pico_printf/printf.c.obj
 *fill*         0x0000000010002d6a        0x2 
 .text._etoa    0x0000000010002d6c      0x414 CMakeFiles/RP2040-CAN-Driver.dir/usr/share/pico-sdk/src/rp2_common/pico_printf/printf.c.obj
 .text._ftoa    0x0000000010003180      0x354 CMakeFiles/RP2040-CAN-Driver.dir/usr/share/pico-sdk/src/rp2_common/pico_printf/printf.c.obj
 .text._vsnprintf
                0x00000000100034d4      0x650 CMakeFiles/RP2040-CAN-Driver.dir/usr/share/pico-sdk/src/rp2_common/pico_printf/printf.c.obj
 .text.vfctprintf
                0x0000000010003b24       0x20 CMakeFiles/RP2040-CAN-Driver.dir/usr/share/pico-sdk/src/rp2_common/pico_printf/printf.c.obj
                0x0000000010003b24                vfctprintf
 .text          0x0000000010003b44       0x10 CMakeFiles/RP2040-CAN-Driver.dir/usr/share/pico-sdk/src/rp2_common/pico_bit_ops/bit_ops_aeabi.S.obj
 .text.rom_func_lookup
                0x0000000010003b54       0x10 CMakeFiles/RP2040-CAN-Driver.dir/usr/share/pico-sdk/src/rp2_common/pico_bootrom/bootrom.c.obj
                0x0000000010003b54                rom_func_lookup
 .text.rom_data_lookup
                0x0000000010003b64       0x10 CMakeFiles/RP2040-CAN-Driver.dir/usr/share/pico-sdk/src/rp2_common/pico_bootrom/bootrom.c.obj
                0x0000000010003b64                rom_data_lookup
 .text.rom_funcs_lookup
                0x0000000010003b74       0x36 CMakeFiles/RP2040-CAN-Driver.dir/usr/share/pico-sdk/src/rp2_common/pico_bootrom/bootrom.c.obj
                0x0000000010003b74                rom_funcs_lookup
 *fill*         0x0000000010003baa        0x2 
 .text.__wrap___aeabi_idiv
                0x0000000010003bac       0x50 CMakeFiles/RP2040-CAN-Driver.dir/usr/share/pico-sdk/src/rp2_common/pico_divider/divider.S.obj
                0x0000000010003bac                __wrap___aeabi_idivmod
                0x0000000010003bac                divmod_s32s32
                0x0000000010003bac                div_s32s32
                0x0000000010003bac                __wrap___aeabi_idiv
                0x0000000010003bb4                divmod_s32s32_unsafe
                0x0000000010003be0                divmod_s32s32_savestate
 .text.__wrap___aeabi_uidiv
                0x0000000010003bfc       0x4c CMakeFiles/RP2040-CAN-Driver.dir/usr/share/pico-sdk/src/rp2_common/pico_divider/divider.S.obj
                0x0000000010003bfc                __wrap___aeabi_uidiv
                0x0000000010003bfc                __wrap___aeabi_uidivmod
                0x0000000010003bfc                div_u32u32
                0x0000000010003bfc                divmod_u32u32
                0x0000000010003c04                divmod_u32u32_unsafe
                0x0000000010003c2c                divmod_u32u32_savestate
 .text.__wrap___aeabi_ldiv
                0x0000000010003c48      0x434 CMakeFiles/RP2040-CAN-Driver.dir/usr/share/pico-sdk/src/rp2_common/pico_divider/divider.S.obj
                0x0000000010003c48                div_s64s64
                0x0000000010003c48                divmod_s64s64
                0x0000000010003c48                __wrap___aeabi_ldivmod
                0x0000000010003c80                div_u64u64
                0x0000000010003c80                divmod_u64u64
                0x0000000010003c80                __wrap___aeabi_uldivmod
                0x0000000010003c90                divmod_u64u64_savestate
                0x0000000010003cb8                divmod_s64s64_unsafe
                0x0000000010003d40                divmod_u64u64_unsafe
 .text.__wrap___aeabi_darithmetic
                0x000000001000407c       0x80 CMakeFiles/RP2040-CAN-Driver.dir/usr/share/pico-sdk/src/rp2_common/pico_double/double_aeabi.S.obj
                0x000000001000407c                __wrap___aeabi_drsub
                0x0000000010004082                __wrap___aeabi_dsub
                0x0000000010004094                __wrap___aeabi_dadd
                0x00000000100040a6                __wrap___aeabi_ddiv
                0x00000000100040e2                __wrap___aeabi_dmul
 .text.__wrap___aeabi_cdcmple
                0x00000000100040fc       0x6c CMakeFiles/RP2040-CAN-Driver.dir/usr/share/pico-sdk/src/rp2_common/pico_double/double_aeabi.S.obj
                0x00000000100040fc                __wrap___aeabi_cdrcmple
                0x000000001000410c                __wrap___aeabi_cdcmple
                0x000000001000410c                __wrap___aeabi_cdcmpeq
 .text.__wrap___aeabi_dcmplt
                0x0000000010004168        0xc CMakeFiles/RP2040-CAN-Driver.dir/usr/share/pico-sdk/src/rp2_common/pico_double/double_aeabi.S.obj
                0x0000000010004168                __wrap___aeabi_dcmplt
 .text.__wrap___aeabi_dcmple
                0x0000000010004174       0x10 CMakeFiles/RP2040-CAN-Driver.dir/usr/share/pico-sdk/src/rp2_common/pico_double/double_aeabi.S.obj
                0x0000000010004174                __wrap___aeabi_dcmple
 .text.__wrap___aeabi_dcmpge
                0x0000000010004184       0x10 CMakeFiles/RP2040-CAN-Driver.dir/usr/share/pico-sdk/src/rp2_common/pico_double/double_aeabi.S.obj
                0x0000000010004184                __wrap___aeabi_dcmpge
 .text.__wrap___aeabi_dcmpgt
                0x0000000010004194        0xa CMakeFiles/RP2040-CAN-Driver.dir/usr/share/pico-sdk/src/rp2_common/pico_double/double_aeabi.S.obj
                0x0000000010004194                __wrap___aeabi_dcmpgt
 .text.__wrap___aeabi_dcmpun
                0x000000001000419e       0x1c CMakeFiles/RP2040-CAN-Driver.dir/usr/share/pico-sdk/src/rp2_common/pico_double/double_aeabi.S.obj
                0x000000001000419e                __wrap___aeabi_dcmpun
 *fill*         0x00000000100041ba        0x2 
 .text.__wrap___aeabi_i2d
                0x00000000100041bc       0x38 CMakeFiles/RP2040-CAN-Driver.dir/usr/share/pico-sdk/src/rp2_common/pico_double/double_aeabi.S.obj
                0x00000000100041bc                __wrap___aeabi_ui2d
                0x00000000100041c4                __wrap___aeabi_i2d
 .text.__wrap___aeabi_d2iz
                0x00000000100041f4       0x48 CMakeFiles/RP2040-CAN-Driver.dir/usr/share/pico-sdk/src/rp2_common/pico_double/double_aeabi.S.obj
                0x00000000100041f4                __wrap___aeabi_d2iz
                0x00000000100041f4                double2int_z
 .text.__wrap___aeabi_d2uiz
                0x000000001000423c       0x18 CMakeFiles/RP2040-CAN-Driver.dir/usr/share/pico-sdk/src/rp2_common/pico_double/double_aeabi.S.obj
                0x000000001000423c                double2uint
                0x000000001000423c                __wrap___aeabi_d2uiz
 .text.__aeabi_double_init
                0x0000000010004254       0xc8 CMakeFiles/RP2040-CAN-Driver.dir/usr/share/pico-sdk/src/rp2_common/pico_double/double_init_rom.c.obj
                0x0000000010004254                __aeabi_double_init
 .text.double_table_shim_on_use_helper
                0x000000001000431c       0x34 CMakeFiles/RP2040-CAN-Driver.dir/usr/share/pico-sdk/src/rp2_common/pico_double/double_v1_rom_shim.S.obj
                0x000000001000431c                double_table_shim_on_use_helper
 .text.__wrap___aeabi_dsub
                0x0000000010004350       0x10 CMakeFiles/RP2040-CAN-Driver.dir/usr/share/pico-sdk/src/rp2_common/pico_double/double_v1_rom_shim.S.obj
                0x0000000010004350                drsub_shim
                0x0000000010004356                dsub_shim
 .text.dadd_shim
                0x0000000010004360      0x15c CMakeFiles/RP2040-CAN-Driver.dir/usr/share/pico-sdk/src/rp2_common/pico_double/double_v1_rom_shim.S.obj
                0x0000000010004360                dadd_shim
 .text.dmul_shim
                0x00000000100044bc      0x15c CMakeFiles/RP2040-CAN-Driver.dir/usr/share/pico-sdk/src/rp2_common/pico_double/double_v1_rom_shim.S.obj
                0x00000000100044bc                dmul_shim
 .text.ddiv_shim
                0x0000000010004618      0x1b0 CMakeFiles/RP2040-CAN-Driver.dir/usr/share/pico-sdk/src/rp2_common/pico_double/double_v1_rom_shim.S.obj
                0x0000000010004618                ddiv_shim
 .text.double2uint_shim
                0x00000000100047c8        0xe CMakeFiles/RP2040-CAN-Driver.dir/usr/share/pico-sdk/src/rp2_common/pico_double/double_v1_rom_shim.S.obj
                0x00000000100047c8                double2uint_shim
                0x00000000100047ca                double2ufix_shim
 *fill*         0x00000000100047d6        0x2 
 .text.double2uint64_shim
                0x00000000100047d8       0x70 CMakeFiles/RP2040-CAN-Driver.dir/usr/share/pico-sdk/src/rp2_common/pico_double/double_v1_rom_shim.S.obj
                0x00000000100047d8                double2uint64_shim
                0x00000000100047da                double2ufix64_shim
                0x00000000100047fa                d2fix_a
 .text.dunpacks
                0x0000000010004848       0x3c CMakeFiles/RP2040-CAN-Driver.dir/usr/share/pico-sdk/src/rp2_common/pico_double/double_v1_rom_shim.S.obj
                0x0000000010004848                dunpacks
 .text.__aeabi_lmul
                0x0000000010004884       0x32 CMakeFiles/RP2040-CAN-Driver.dir/usr/share/pico-sdk/src/rp2_common/pico_int64_ops/pico_int64_ops_aeabi.S.obj
                0x0000000010004884                __wrap___aeabi_lmul
 *fill*         0x00000000100048b6        0x2 
 .text.__aeabi_float_init
                0x00000000100048b8       0xfc CMakeFiles/RP2040-CAN-Driver.dir/usr/share/pico-sdk/src/rp2_common/pico_float/float_init_rom.c.obj
                0x00000000100048b8                __aeabi_float_init
 .text.float_table_shim_on_use_helper
                0x00000000100049b4       0x34 CMakeFiles/RP2040-CAN-Driver.dir/usr/share/pico-sdk/src/rp2_common/pico_float/float_v1_rom_shim.S.obj
                0x00000000100049b4                float_table_shim_on_use_helper
 .text          0x00000000100049e8       0x10 CMakeFiles/RP2040-CAN-Driver.dir/usr/share/pico-sdk/src/rp2_common/pico_mem_ops/mem_ops_aeabi.S.obj
                0x00000000100049e8                __aeabi_mem_init
 .text.memset   0x00000000100049f8        0xc CMakeFiles/RP2040-CAN-Driver.dir/usr/share/pico-sdk/src/rp2_common/pico_mem_ops/mem_ops_aeabi.S.obj
                0x00000000100049f8                __wrap_memset
 .text.memcpy   0x0000000010004a04        0xc CMakeFiles/RP2040-CAN-Driver.dir/usr/share/pico-sdk/src/rp2_common/pico_mem_ops/mem_ops_aeabi.S.obj
                0x0000000010004a04                __wrap___aeabi_memcpy
                0x0000000010004a04                __wrap_memcpy
 .text.stdio_out_chars_no_crlf
                0x0000000010004a10        0xe CMakeFiles/RP2040-CAN-Driver.dir/usr/share/pico-sdk/src/rp2_common/pico_stdio/stdio.c.obj
 *fill*         0x0000000010004a1e        0x2 
 .text.stdio_out_chars_crlf
                0x0000000010004a20       0x80 CMakeFiles/RP2040-CAN-Driver.dir/usr/share/pico-sdk/src/rp2_common/pico_stdio/stdio.c.obj
 .text.stdio_stack_buffer_flush
                0x0000000010004aa0       0x44 CMakeFiles/RP2040-CAN-Driver.dir/usr/share/pico-sdk/src/rp2_common/pico_stdio/stdio.c.obj
 .text.stdio_buffered_printer
                0x0000000010004ae4       0x20 CMakeFiles/RP2040-CAN-Driver.dir/usr/share/pico-sdk/src/rp2_common/pico_stdio/stdio.c.obj
 .text.stdout_serialize_begin
                0x0000000010004b04       0x30 CMakeFiles/RP2040-CAN-Driver.dir/usr/share/pico-sdk/src/rp2_common/pico_stdio/stdio.c.obj
                0x0000000010004b04                stdout_serialize_begin
 .text.stdout_serialize_end
                0x0000000010004b34       0x10 CMakeFiles/RP2040-CAN-Driver.dir/usr/share/pico-sdk/src/rp2_common/pico_stdio/stdio.c.obj
                0x0000000010004b34                stdout_serialize_end
 .text.stdio_put_string
                0x0000000010004b44       0x98 CMakeFiles/RP2040-CAN-Driver.dir/usr/share/pico-sdk/src/rp2_common/pico_stdio/stdio.c.obj
 .text.stdio_set_driver_enabled
                0x0000000010004bdc       0x38 CMakeFiles/RP2040-CAN-Driver.dir/usr/share/pico-sdk/src/rp2_common/pico_stdio/stdio.c.obj
                0x0000000010004bdc                stdio_set_driver_enabled
 .text.stdio_flush
                0x0000000010004c14       0x20 CMakeFiles/RP2040-CAN-Driver.dir/usr/share/pico-sdk/src/rp2_common/pico_stdio/stdio.c.obj
                0x0000000010004c14                stdio_flush
 .text.__wrap_puts
                0x0000000010004c34       0x1e CMakeFiles/RP2040-CAN-Driver.dir/usr/share/pico-sdk/src/rp2_common/pico_stdio/stdio.c.obj
                0x0000000010004c34                __wrap_puts
 *fill*         0x0000000010004c52        0x2 
 .text.__wrap_vprintf
                0x0000000010004c54       0x44 CMakeFiles/RP2040-CAN-Driver.dir/usr/share/pico-sdk/src/rp2_common/pico_stdio/stdio.c.obj
                0x0000000010004c54                __wrap_vprintf
 .text.__wrap_printf
                0x0000000010004c98       0x18 CMakeFiles/RP2040-CAN-Driver.dir/usr/share/pico-sdk/src/rp2_common/pico_stdio/stdio.c.obj
                0x0000000010004c98                __wrap_printf
 .text.stdio_init_all
                0x0000000010004cb0        0xc CMakeFiles/RP2040-CAN-Driver.dir/usr/share/pico-sdk/src/rp2_common/pico_stdio/stdio.c.obj
                0x0000000010004cb0                stdio_init_all
 .text.stdio_uart_out_chars
                0x0000000010004cbc       0x74 CMakeFiles/RP2040-CAN-Driver.dir/usr/share/pico-sdk/src/rp2_common/pico_stdio_uart/stdio_uart.c.obj
 .text.stdio_uart_in_chars
                0x0000000010004d30       0x58 CMakeFiles/RP2040-CAN-Driver.dir/usr/share/pico-sdk/src/rp2_common/pico_stdio_uart/stdio_uart.c.obj
                0x0000000010004d30                stdio_uart_in_chars
 .text.stdio_uart_init_full
                0x0000000010004d88       0x3c CMakeFiles/RP2040-CAN-Driver.dir/usr/share/pico-sdk/src/rp2_common/pico_stdio_uart/stdio_uart.c.obj
                0x0000000010004d88                stdio_uart_init_full
 .text.stdio_uart_init
                0x0000000010004dc4       0x28 CMakeFiles/RP2040-CAN-Driver.dir/usr/share/pico-sdk/src/rp2_common/pico_stdio_uart/stdio_uart.c.obj
                0x0000000010004dc4                stdio_uart_init
 .text.resetd_init
                0x0000000010004dec        0x2 CMakeFiles/RP2040-CAN-Driver.dir/usr/share/pico-sdk/src/rp2_common/pico_stdio_usb/reset_interface.c.obj
 *fill*         0x0000000010004dee        0x2 
 .text.resetd_reset
                0x0000000010004df0        0xc CMakeFiles/RP2040-CAN-Driver.dir/usr/share/pico-sdk/src/rp2_common/pico_stdio_usb/reset_interface.c.obj
 .text.resetd_open
                0x0000000010004dfc       0x34 CMakeFiles/RP2040-CAN-Driver.dir/usr/share/pico-sdk/src/rp2_common/pico_stdio_usb/reset_interface.c.obj
 .text.resetd_xfer_cb
                0x0000000010004e30        0x4 CMakeFiles/RP2040-CAN-Driver.dir/usr/share/pico-sdk/src/rp2_common/pico_stdio_usb/reset_interface.c.obj
 .text.reset_usb_boot
                0x0000000010004e34       0x18 CMakeFiles/RP2040-CAN-Driver.dir/usr/share/pico-sdk/src/rp2_common/pico_stdio_usb/reset_interface.c.obj
 .text.resetd_control_xfer_cb
                0x0000000010004e4c       0x5c CMakeFiles/RP2040-CAN-Driver.dir/usr/share/pico-sdk/src/rp2_common/pico_stdio_usb/reset_interface.c.obj
 .text.usbd_app_driver_get_cb
                0x0000000010004ea8        0xc CMakeFiles/RP2040-CAN-Driver.dir/usr/share/pico-sdk/src/rp2_common/pico_stdio_usb/reset_interface.c.obj
                0x0000000010004ea8                usbd_app_driver_get_cb
 .text.tud_cdc_line_coding_cb
                0x0000000010004eb4       0x28 CMakeFiles/RP2040-CAN-Driver.dir/usr/share/pico-sdk/src/rp2_common/pico_stdio_usb/reset_interface.c.obj
                0x0000000010004eb4                tud_cdc_line_coding_cb
 .text.stdio_usb_in_chars
                0x0000000010004edc       0x70 CMakeFiles/RP2040-CAN-Driver.dir/usr/share/pico-sdk/src/rp2_common/pico_stdio_usb/stdio_usb.c.obj
                0x0000000010004edc                stdio_usb_in_chars
 .text.low_priority_worker_irq
                0x0000000010004f4c       0x20 CMakeFiles/RP2040-CAN-Driver.dir/usr/share/pico-sdk/src/rp2_common/pico_stdio_usb/stdio_usb.c.obj
 .text.stdio_usb_out_chars
                0x0000000010004f6c       0xd4 CMakeFiles/RP2040-CAN-Driver.dir/usr/share/pico-sdk/src/rp2_common/pico_stdio_usb/stdio_usb.c.obj
 .text.timer_task
                0x0000000010005040       0x10 CMakeFiles/RP2040-CAN-Driver.dir/usr/share/pico-sdk/src/rp2_common/pico_stdio_usb/stdio_usb.c.obj
 .text.stdio_usb_init
                0x0000000010005050       0xb8 CMakeFiles/RP2040-CAN-Driver.dir/usr/share/pico-sdk/src/rp2_common/pico_stdio_usb/stdio_usb.c.obj
                0x0000000010005050                stdio_usb_init
 .text.tud_descriptor_device_cb
                0x0000000010005108        0x8 CMakeFiles/RP2040-CAN-Driver.dir/usr/share/pico-sdk/src/rp2_common/pico_stdio_usb/stdio_usb_descriptors.c.obj
                0x0000000010005108                tud_descriptor_device_cb
 .text.tud_descriptor_configuration_cb
                0x0000000010005110        0x8 CMakeFiles/RP2040-CAN-Driver.dir/usr/share/pico-sdk/src/rp2_common/pico_stdio_usb/stdio_usb_descriptors.c.obj
                0x0000000010005110                tud_descriptor_configuration_cb
 .text.tud_descriptor_string_cb
                0x0000000010005118       0x6c CMakeFiles/RP2040-CAN-Driver.dir/usr/share/pico-sdk/src/rp2_common/pico_stdio_usb/stdio_usb_descriptors.c.obj
                0x0000000010005118                tud_descriptor_string_cb
 .text.hw_endpoint_get_by_addr
                0x0000000010005184       0x18 CMakeFiles/RP2040-CAN-Driver.dir/usr/share/pico-sdk/lib/tinyusb/src/portable/raspberrypi/rp2040/dcd_rp2040.c.obj
 .text.reset_ep0_pid
                0x000000001000519c       0x28 CMakeFiles/RP2040-CAN-Driver.dir/usr/share/pico-sdk/lib/tinyusb/src/portable/raspberrypi/rp2040/dcd_rp2040.c.obj
 .text._hw_endpoint_alloc
                0x00000000100051c4       0x70 CMakeFiles/RP2040-CAN-Driver.dir/usr/share/pico-sdk/lib/tinyusb/src/portable/raspberrypi/rp2040/dcd_rp2040.c.obj
 .text.hw_endpoint_init
                0x0000000010005234       0x88 CMakeFiles/RP2040-CAN-Driver.dir/usr/share/pico-sdk/lib/tinyusb/src/portable/raspberrypi/rp2040/dcd_rp2040.c.obj
 .text.reset_non_control_endpoints
                0x00000000100052bc       0x40 CMakeFiles/RP2040-CAN-Driver.dir/usr/share/pico-sdk/lib/tinyusb/src/portable/raspberrypi/rp2040/dcd_rp2040.c.obj
 .text.hw_handle_buff_status
                0x00000000100052fc       0x8c CMakeFiles/RP2040-CAN-Driver.dir/usr/share/pico-sdk/lib/tinyusb/src/portable/raspberrypi/rp2040/dcd_rp2040.c.obj
 .text.dcd_rp2040_irq
                0x0000000010005388       0xc0 CMakeFiles/RP2040-CAN-Driver.dir/usr/share/pico-sdk/lib/tinyusb/src/portable/raspberrypi/rp2040/dcd_rp2040.c.obj
 .text.hw_endpoint_xfer
                0x0000000010005448       0x14 CMakeFiles/RP2040-CAN-Driver.dir/usr/share/pico-sdk/lib/tinyusb/src/portable/raspberrypi/rp2040/dcd_rp2040.c.obj
 .text.dcd_int_enable
                0x000000001000545c       0x2c CMakeFiles/RP2040-CAN-Driver.dir/usr/share/pico-sdk/lib/tinyusb/src/portable/raspberrypi/rp2040/dcd_rp2040.c.obj
                0x000000001000545c                dcd_int_enable
 .text.dcd_set_address
                0x0000000010005488       0x2c CMakeFiles/RP2040-CAN-Driver.dir/usr/share/pico-sdk/lib/tinyusb/src/portable/raspberrypi/rp2040/dcd_rp2040.c.obj
                0x0000000010005488                dcd_set_address
 .text.dcd_connect
                0x00000000100054b4       0x10 CMakeFiles/RP2040-CAN-Driver.dir/usr/share/pico-sdk/lib/tinyusb/src/portable/raspberrypi/rp2040/dcd_rp2040.c.obj
                0x00000000100054b4                dcd_connect
 .text.dcd_init
                0x00000000100054c4       0x7c CMakeFiles/RP2040-CAN-Driver.dir/usr/share/pico-sdk/lib/tinyusb/src/portable/raspberrypi/rp2040/dcd_rp2040.c.obj
                0x00000000100054c4                dcd_init
 .text.dcd_edpt0_status_complete
                0x0000000010005540       0x1c CMakeFiles/RP2040-CAN-Driver.dir/usr/share/pico-sdk/lib/tinyusb/src/portable/raspberrypi/rp2040/dcd_rp2040.c.obj
                0x0000000010005540                dcd_edpt0_status_complete
 .text.dcd_edpt_open
                0x000000001000555c       0x40 CMakeFiles/RP2040-CAN-Driver.dir/usr/share/pico-sdk/lib/tinyusb/src/portable/raspberrypi/rp2040/dcd_rp2040.c.obj
                0x000000001000555c                dcd_edpt_open
 .text.dcd_edpt_close_all
                0x000000001000559c        0x8 CMakeFiles/RP2040-CAN-Driver.dir/usr/share/pico-sdk/lib/tinyusb/src/portable/raspberrypi/rp2040/dcd_rp2040.c.obj
                0x000000001000559c                dcd_edpt_close_all
 .text.dcd_edpt_xfer
                0x00000000100055a4       0x30 CMakeFiles/RP2040-CAN-Driver.dir/usr/share/pico-sdk/lib/tinyusb/src/portable/raspberrypi/rp2040/dcd_rp2040.c.obj
                0x00000000100055a4                dcd_edpt_xfer
 .text.dcd_edpt_stall
                0x00000000100055d4       0x2c CMakeFiles/RP2040-CAN-Driver.dir/usr/share/pico-sdk/lib/tinyusb/src/portable/raspberrypi/rp2040/dcd_rp2040.c.obj
                0x00000000100055d4                dcd_edpt_stall
 .text.dcd_edpt_clear_stall
                0x0000000010005600       0x20 CMakeFiles/RP2040-CAN-Driver.dir/usr/share/pico-sdk/lib/tinyusb/src/portable/raspberrypi/rp2040/dcd_rp2040.c.obj
                0x0000000010005600                dcd_edpt_clear_stall
 .text.prepare_ep_buffer
                0x0000000010005620       0x6c CMakeFiles/RP2040-CAN-Driver.dir/usr/share/pico-sdk/lib/tinyusb/src/portable/raspberrypi/rp2040/rp2040_usb.c.obj
 .text.sync_ep_buffer
                0x000000001000568c       0x78 CMakeFiles/RP2040-CAN-Driver.dir/usr/share/pico-sdk/lib/tinyusb/src/portable/raspberrypi/rp2040/rp2040_usb.c.obj
 .text._hw_endpoint_xfer_sync
                0x0000000010005704       0x28 CMakeFiles/RP2040-CAN-Driver.dir/usr/share/pico-sdk/lib/tinyusb/src/portable/raspberrypi/rp2040/rp2040_usb.c.obj
 .text.rp2040_usb_init
                0x000000001000572c       0x4c CMakeFiles/RP2040-CAN-Driver.dir/usr/share/pico-sdk/lib/tinyusb/src/portable/raspberrypi/rp2040/rp2040_usb.c.obj
                0x000000001000572c                rp2040_usb_init
 .text.hw_endpoint_reset_transfer
                0x0000000010005778        0xc CMakeFiles/RP2040-CAN-Driver.dir/usr/share/pico-sdk/lib/tinyusb/src/portable/raspberrypi/rp2040/rp2040_usb.c.obj
                0x0000000010005778                hw_endpoint_reset_transfer
 .text._hw_endpoint_buffer_control_update32
                0x0000000010005784       0x58 CMakeFiles/RP2040-CAN-Driver.dir/usr/share/pico-sdk/lib/tinyusb/src/portable/raspberrypi/rp2040/rp2040_usb.c.obj
                0x0000000010005784                _hw_endpoint_buffer_control_update32
 .text._hw_endpoint_start_next_buffer
                0x00000000100057dc       0x74 CMakeFiles/RP2040-CAN-Driver.dir/usr/share/pico-sdk/lib/tinyusb/src/portable/raspberrypi/rp2040/rp2040_usb.c.obj
 .text.hw_endpoint_xfer_start
                0x0000000010005850       0x48 CMakeFiles/RP2040-CAN-Driver.dir/usr/share/pico-sdk/lib/tinyusb/src/portable/raspberrypi/rp2040/rp2040_usb.c.obj
                0x0000000010005850                hw_endpoint_xfer_start
 .text.hw_endpoint_xfer_continue
                0x0000000010005898       0x38 CMakeFiles/RP2040-CAN-Driver.dir/usr/share/pico-sdk/lib/tinyusb/src/portable/raspberrypi/rp2040/rp2040_usb.c.obj
                0x0000000010005898                hw_endpoint_xfer_continue
 .text.configuration_reset
                0x00000000100058d0       0x84 CMakeFiles/RP2040-CAN-Driver.dir/usr/share/pico-sdk/lib/tinyusb/src/device/usbd.c.obj
 .text.usbd_reset
                0x0000000010005954        0xc CMakeFiles/RP2040-CAN-Driver.dir/usr/share/pico-sdk/lib/tinyusb/src/device/usbd.c.obj
 .text.invoke_class_control
                0x0000000010005960       0x1a CMakeFiles/RP2040-CAN-Driver.dir/usr/share/pico-sdk/lib/tinyusb/src/device/usbd.c.obj
 *fill*         0x000000001000597a        0x2 
 .text.process_set_config
                0x000000001000597c      0x1b0 CMakeFiles/RP2040-CAN-Driver.dir/usr/share/pico-sdk/lib/tinyusb/src/device/usbd.c.obj
 .text.process_get_descriptor
                0x0000000010005b2c       0xec CMakeFiles/RP2040-CAN-Driver.dir/usr/share/pico-sdk/lib/tinyusb/src/device/usbd.c.obj
 .text.tud_mounted
                0x0000000010005c18       0x10 CMakeFiles/RP2040-CAN-Driver.dir/usr/share/pico-sdk/lib/tinyusb/src/device/usbd.c.obj
                0x0000000010005c18                tud_mounted
 .text.tud_suspended
                0x0000000010005c28       0x10 CMakeFiles/RP2040-CAN-Driver.dir/usr/share/pico-sdk/lib/tinyusb/src/device/usbd.c.obj
                0x0000000010005c28                tud_suspended
 .text.tud_inited
                0x0000000010005c38        0xc CMakeFiles/RP2040-CAN-Driver.dir/usr/share/pico-sdk/lib/tinyusb/src/device/usbd.c.obj
                0x0000000010005c38                tud_inited
 .text.tud_init
                0x0000000010005c44       0xcc CMakeFiles/RP2040-CAN-Driver.dir/usr/share/pico-sdk/lib/tinyusb/src/device/usbd.c.obj
                0x0000000010005c44                tud_init
 .text.dcd_event_handler
                0x0000000010005d10      0x1e0 CMakeFiles/RP2040-CAN-Driver.dir/usr/share/pico-sdk/lib/tinyusb/src/device/usbd.c.obj
                0x0000000010005d10                dcd_event_handler
 .text.dcd_event_bus_signal
                0x0000000010005ef0       0x26 CMakeFiles/RP2040-CAN-Driver.dir/usr/share/pico-sdk/lib/tinyusb/src/device/usbd.c.obj
                0x0000000010005ef0                dcd_event_bus_signal
 .text.dcd_event_bus_reset
                0x0000000010005f16       0x2a CMakeFiles/RP2040-CAN-Driver.dir/usr/share/pico-sdk/lib/tinyusb/src/device/usbd.c.obj
                0x0000000010005f16                dcd_event_bus_reset
 .text.dcd_event_setup_received
                0x0000000010005f40       0x34 CMakeFiles/RP2040-CAN-Driver.dir/usr/share/pico-sdk/lib/tinyusb/src/device/usbd.c.obj
                0x0000000010005f40                dcd_event_setup_received
 .text.dcd_event_xfer_complete
                0x0000000010005f74       0x44 CMakeFiles/RP2040-CAN-Driver.dir/usr/share/pico-sdk/lib/tinyusb/src/device/usbd.c.obj
                0x0000000010005f74                dcd_event_xfer_complete
 .text.usbd_edpt_open
                0x0000000010005fb8       0x58 CMakeFiles/RP2040-CAN-Driver.dir/usr/share/pico-sdk/lib/tinyusb/src/device/usbd.c.obj
                0x0000000010005fb8                usbd_edpt_open
 .text.usbd_open_edpt_pair
                0x0000000010006010       0x8c CMakeFiles/RP2040-CAN-Driver.dir/usr/share/pico-sdk/lib/tinyusb/src/device/usbd.c.obj
                0x0000000010006010                usbd_open_edpt_pair
 .text.usbd_edpt_claim
                0x000000001000609c       0x8c CMakeFiles/RP2040-CAN-Driver.dir/usr/share/pico-sdk/lib/tinyusb/src/device/usbd.c.obj
                0x000000001000609c                usbd_edpt_claim
 .text.usbd_edpt_release
                0x0000000010006128       0x68 CMakeFiles/RP2040-CAN-Driver.dir/usr/share/pico-sdk/lib/tinyusb/src/device/usbd.c.obj
                0x0000000010006128                usbd_edpt_release
 .text.usbd_edpt_xfer
                0x0000000010006190       0x84 CMakeFiles/RP2040-CAN-Driver.dir/usr/share/pico-sdk/lib/tinyusb/src/device/usbd.c.obj
                0x0000000010006190                usbd_edpt_xfer
 .text.usbd_edpt_stall
                0x0000000010006214       0x40 CMakeFiles/RP2040-CAN-Driver.dir/usr/share/pico-sdk/lib/tinyusb/src/device/usbd.c.obj
                0x0000000010006214                usbd_edpt_stall
 .text.usbd_edpt_clear_stall
                0x0000000010006254       0x40 CMakeFiles/RP2040-CAN-Driver.dir/usr/share/pico-sdk/lib/tinyusb/src/device/usbd.c.obj
                0x0000000010006254                usbd_edpt_clear_stall
 .text.usbd_edpt_stalled
                0x0000000010006294       0x1c CMakeFiles/RP2040-CAN-Driver.dir/usr/share/pico-sdk/lib/tinyusb/src/device/usbd.c.obj
                0x0000000010006294                usbd_edpt_stalled
 .text.process_control_request
                0x00000000100062b0      0x3b8 CMakeFiles/RP2040-CAN-Driver.dir/usr/share/pico-sdk/lib/tinyusb/src/device/usbd.c.obj
 .text.tud_task
                0x0000000010006668      0x218 CMakeFiles/RP2040-CAN-Driver.dir/usr/share/pico-sdk/lib/tinyusb/src/device/usbd.c.obj
                0x0000000010006668                tud_task
 .text._data_stage_xact
                0x0000000010006880       0x58 CMakeFiles/RP2040-CAN-Driver.dir/usr/share/pico-sdk/lib/tinyusb/src/device/usbd_control.c.obj
 .text.tud_control_status
                0x00000000100068d8       0x38 CMakeFiles/RP2040-CAN-Driver.dir/usr/share/pico-sdk/lib/tinyusb/src/device/usbd_control.c.obj
                0x00000000100068d8                tud_control_status
 .text.tud_control_xfer
                0x0000000010006910       0xa8 CMakeFiles/RP2040-CAN-Driver.dir/usr/share/pico-sdk/lib/tinyusb/src/device/usbd_control.c.obj
                0x0000000010006910                tud_control_xfer
 .text.usbd_control_reset
                0x00000000100069b8       0x14 CMakeFiles/RP2040-CAN-Driver.dir/usr/share/pico-sdk/lib/tinyusb/src/device/usbd_control.c.obj
                0x00000000100069b8                usbd_control_reset
 .text.usbd_control_set_complete_callback
                0x00000000100069cc        0xc CMakeFiles/RP2040-CAN-Driver.dir/usr/share/pico-sdk/lib/tinyusb/src/device/usbd_control.c.obj
                0x00000000100069cc                usbd_control_set_complete_callback
 .text.usbd_control_set_request
                0x00000000100069d8       0x1c CMakeFiles/RP2040-CAN-Driver.dir/usr/share/pico-sdk/lib/tinyusb/src/device/usbd_control.c.obj
                0x00000000100069d8                usbd_control_set_request
 .text.usbd_control_xfer_cb
                0x00000000100069f4       0xfc CMakeFiles/RP2040-CAN-Driver.dir/usr/share/pico-sdk/lib/tinyusb/src/device/usbd_control.c.obj
                0x00000000100069f4                usbd_control_xfer_cb
 .text._prep_out_transaction
                0x0000000010006af0       0x46 CMakeFiles/RP2040-CAN-Driver.dir/usr/share/pico-sdk/lib/tinyusb/src/class/cdc/cdc_device.c.obj
 *fill*         0x0000000010006b36        0x2 
 .text.tud_cdc_n_connected
                0x0000000010006b38       0x44 CMakeFiles/RP2040-CAN-Driver.dir/usr/share/pico-sdk/lib/tinyusb/src/class/cdc/cdc_device.c.obj
                0x0000000010006b38                tud_cdc_n_connected
 .text.tud_cdc_n_available
                0x0000000010006b7c       0x18 CMakeFiles/RP2040-CAN-Driver.dir/usr/share/pico-sdk/lib/tinyusb/src/class/cdc/cdc_device.c.obj
                0x0000000010006b7c                tud_cdc_n_available
 .text.tud_cdc_n_read
                0x0000000010006b94       0x28 CMakeFiles/RP2040-CAN-Driver.dir/usr/share/pico-sdk/lib/tinyusb/src/class/cdc/cdc_device.c.obj
                0x0000000010006b94                tud_cdc_n_read
 .text.tud_cdc_n_write_flush
                0x0000000010006bbc       0xcc CMakeFiles/RP2040-CAN-Driver.dir/usr/share/pico-sdk/lib/tinyusb/src/class/cdc/cdc_device.c.obj
                0x0000000010006bbc                tud_cdc_n_write_flush
 .text.tud_cdc_n_write
                0x0000000010006c88       0x38 CMakeFiles/RP2040-CAN-Driver.dir/usr/share/pico-sdk/lib/tinyusb/src/class/cdc/cdc_device.c.obj
                0x0000000010006c88                tud_cdc_n_write
 .text.tud_cdc_n_write_available
                0x0000000010006cc0       0x1c CMakeFiles/RP2040-CAN-Driver.dir/usr/share/pico-sdk/lib/tinyusb/src/class/cdc/cdc_device.c.obj
                0x0000000010006cc0                tud_cdc_n_write_available
 .text.cdcd_init
                0x0000000010006cdc       0xbc CMakeFiles/RP2040-CAN-Driver.dir/usr/share/pico-sdk/lib/tinyusb/src/class/cdc/cdc_device.c.obj
                0x0000000010006cdc                cdcd_init
 .text.cdcd_reset
                0x0000000010006d98       0x44 CMakeFiles/RP2040-CAN-Driver.dir/usr/share/pico-sdk/lib/tinyusb/src/class/cdc/cdc_device.c.obj
                0x0000000010006d98                cdcd_reset
 .text.cdcd_open
                0x0000000010006ddc       0xf8 CMakeFiles/RP2040-CAN-Driver.dir/usr/share/pico-sdk/lib/tinyusb/src/class/cdc/cdc_device.c.obj
                0x0000000010006ddc                cdcd_open
 .text.cdcd_control_xfer_cb
                0x0000000010006ed4      0x134 CMakeFiles/RP2040-CAN-Driver.dir/usr/share/pico-sdk/lib/tinyusb/src/class/cdc/cdc_device.c.obj
                0x0000000010006ed4                cdcd_control_xfer_cb
 .text.cdcd_xfer_cb
                0x0000000010007008      0x144 CMakeFiles/RP2040-CAN-Driver.dir/usr/share/pico-sdk/lib/tinyusb/src/class/cdc/cdc_device.c.obj
                0x0000000010007008                cdcd_xfer_cb
 .text.tusb_init
                0x000000001000714c       0x24 CMakeFiles/RP2040-CAN-Driver.dir/usr/share/pico-sdk/lib/tinyusb/src/tusb.c.obj
                0x000000001000714c                tusb_init
 .text.tusb_inited
                0x0000000010007170        0xe CMakeFiles/RP2040-CAN-Driver.dir/usr/share/pico-sdk/lib/tinyusb/src/tusb.c.obj
                0x0000000010007170                tusb_inited
 *fill*         0x000000001000717e        0x2 
 .text.tu_edpt_validate
                0x0000000010007180       0xa8 CMakeFiles/RP2040-CAN-Driver.dir/usr/share/pico-sdk/lib/tinyusb/src/tusb.c.obj
                0x0000000010007180                tu_edpt_validate
 .text.tu_edpt_bind_driver
                0x0000000010007228       0x2a CMakeFiles/RP2040-CAN-Driver.dir/usr/share/pico-sdk/lib/tinyusb/src/tusb.c.obj
                0x0000000010007228                tu_edpt_bind_driver
 .text.advance_pointer
                0x0000000010007252       0x18 CMakeFiles/RP2040-CAN-Driver.dir/usr/share/pico-sdk/lib/tinyusb/src/common/tusb_fifo.c.obj
 .text.backward_pointer
                0x000000001000726a       0x1e CMakeFiles/RP2040-CAN-Driver.dir/usr/share/pico-sdk/lib/tinyusb/src/common/tusb_fifo.c.obj
 .text.get_relative_pointer
                0x0000000010007288       0x10 CMakeFiles/RP2040-CAN-Driver.dir/usr/share/pico-sdk/lib/tinyusb/src/common/tusb_fifo.c.obj
 .text._tu_fifo_peek
                0x0000000010007298       0x50 CMakeFiles/RP2040-CAN-Driver.dir/usr/share/pico-sdk/lib/tinyusb/src/common/tusb_fifo.c.obj
 .text._ff_pull_const_addr
                0x00000000100072e8       0x4c CMakeFiles/RP2040-CAN-Driver.dir/usr/share/pico-sdk/lib/tinyusb/src/common/tusb_fifo.c.obj
 .text._ff_pull_n
                0x0000000010007334      0x10c CMakeFiles/RP2040-CAN-Driver.dir/usr/share/pico-sdk/lib/tinyusb/src/common/tusb_fifo.c.obj
 .text._tu_fifo_peek_n
                0x0000000010007440       0x5e CMakeFiles/RP2040-CAN-Driver.dir/usr/share/pico-sdk/lib/tinyusb/src/common/tusb_fifo.c.obj
 .text._tu_fifo_read_n
                0x000000001000749e       0x4e CMakeFiles/RP2040-CAN-Driver.dir/usr/share/pico-sdk/lib/tinyusb/src/common/tusb_fifo.c.obj
 .text._ff_push_const_addr
                0x00000000100074ec       0x40 CMakeFiles/RP2040-CAN-Driver.dir/usr/share/pico-sdk/lib/tinyusb/src/common/tusb_fifo.c.obj
 .text._ff_push_n
                0x000000001000752c      0x108 CMakeFiles/RP2040-CAN-Driver.dir/usr/share/pico-sdk/lib/tinyusb/src/common/tusb_fifo.c.obj
 .text._tu_fifo_write_n
                0x0000000010007634       0x9e CMakeFiles/RP2040-CAN-Driver.dir/usr/share/pico-sdk/lib/tinyusb/src/common/tusb_fifo.c.obj
 .text.tu_fifo_config
                0x00000000100076d2       0x72 CMakeFiles/RP2040-CAN-Driver.dir/usr/share/pico-sdk/lib/tinyusb/src/common/tusb_fifo.c.obj
                0x00000000100076d2                tu_fifo_config
 .text.tu_fifo_count
                0x0000000010007744       0x26 CMakeFiles/RP2040-CAN-Driver.dir/usr/share/pico-sdk/lib/tinyusb/src/common/tusb_fifo.c.obj
                0x0000000010007744                tu_fifo_count
 .text.tu_fifo_empty
                0x000000001000776a        0xe CMakeFiles/RP2040-CAN-Driver.dir/usr/share/pico-sdk/lib/tinyusb/src/common/tusb_fifo.c.obj
                0x000000001000776a                tu_fifo_empty
 .text.tu_fifo_remaining
                0x0000000010007778       0x20 CMakeFiles/RP2040-CAN-Driver.dir/usr/share/pico-sdk/lib/tinyusb/src/common/tusb_fifo.c.obj
                0x0000000010007778                tu_fifo_remaining
 .text.tu_fifo_read
                0x0000000010007798       0x42 CMakeFiles/RP2040-CAN-Driver.dir/usr/share/pico-sdk/lib/tinyusb/src/common/tusb_fifo.c.obj
                0x0000000010007798                tu_fifo_read
 .text.tu_fifo_read_n
                0x00000000100077da        0xa CMakeFiles/RP2040-CAN-Driver.dir/usr/share/pico-sdk/lib/tinyusb/src/common/tusb_fifo.c.obj
                0x00000000100077da                tu_fifo_read_n
 .text.tu_fifo_write
                0x00000000100077e4       0x6a CMakeFiles/RP2040-CAN-Driver.dir/usr/share/pico-sdk/lib/tinyusb/src/common/tusb_fifo.c.obj
                0x00000000100077e4                tu_fifo_write
 .text.tu_fifo_write_n
                0x000000001000784e        0xa CMakeFiles/RP2040-CAN-Driver.dir/usr/share/pico-sdk/lib/tinyusb/src/common/tusb_fifo.c.obj
                0x000000001000784e                tu_fifo_write_n
 .text.tu_fifo_clear
                0x0000000010007858       0x4c CMakeFiles/RP2040-CAN-Driver.dir/usr/share/pico-sdk/lib/tinyusb/src/common/tusb_fifo.c.obj
                0x0000000010007858                tu_fifo_clear
 .text.tu_fifo_set_overwritable
                0x00000000100078a4       0x3c CMakeFiles/RP2040-CAN-Driver.dir/usr/share/pico-sdk/lib/tinyusb/src/common/tusb_fifo.c.obj
                0x00000000100078a4                tu_fifo_set_overwritable
 .text._retrieve_unique_id_on_boot
                0x00000000100078e0       0x10 CMakeFiles/RP2040-CAN-Driver.dir/usr/share/pico-sdk/src/rp2_common/pico_unique_id/unique_id.c.obj
 .text.pico_get_unique_board_id_string
                0x00000000100078f0       0x5c CMakeFiles/RP2040-CAN-Driver.dir/usr/share/pico-sdk/src/rp2_common/pico_unique_id/unique_id.c.obj
                0x00000000100078f0                pico_get_unique_board_id_string
 .text.flash_get_unique_id
                0x000000001000794c       0x46 CMakeFiles/RP2040-CAN-Driver.dir/usr/share/pico-sdk/src/rp2_common/hardware_flash/flash.c.obj
                0x000000001000794c                flash_get_unique_id
 .text.spi_set_baudrate
                0x0000000010007992       0x92 CMakeFiles/RP2040-CAN-Driver.dir/usr/share/pico-sdk/src/rp2_common/hardware_spi/spi.c.obj
                0x0000000010007992                spi_set_baudrate
 .text.spi_init
                0x0000000010007a24       0x68 CMakeFiles/RP2040-CAN-Driver.dir/usr/share/pico-sdk/src/rp2_common/hardware_spi/spi.c.obj
                0x0000000010007a24                spi_init
 .text.atexit   0x0000000010007a8c       0x10 /usr/lib/gcc/arm-none-eabi/11.2.0/../../../../arm-none-eabi/lib/thumb/v6-m/nofp/libg.a(lib_a-atexit.o)
                0x0000000010007a8c                atexit
 .text.__libc_fini_array
                0x0000000010007a9c       0x28 /usr/lib/gcc/arm-none-eabi/11.2.0/../../../../arm-none-eabi/lib/thumb/v6-m/nofp/libg.a(lib_a-fini.o)
                0x0000000010007a9c                __libc_fini_array
 .text.strlen   0x0000000010007ac4       0x5c /usr/lib/gcc/arm-none-eabi/11.2.0/../../../../arm-none-eabi/lib/thumb/v6-m/nofp/libg.a(lib_a-strlen-stub.o)
                0x0000000010007ac4                strlen
 .text.__register_exitproc
                0x0000000010007b20       0xb0 /usr/lib/gcc/arm-none-eabi/11.2.0/../../../../arm-none-eabi/lib/thumb/v6-m/nofp/libg.a(lib_a-__atexit.o)
                0x0000000010007b20                __register_exitproc
 .text.startup.register_fini
                0x0000000010007bd0       0x18 /usr/lib/gcc/arm-none-eabi/11.2.0/../../../../arm-none-eabi/lib/thumb/v6-m/nofp/libg.a(lib_a-__call_atexit.o)
 .text.__retarget_lock_acquire_recursive
                0x0000000010007be8        0x4 /usr/lib/gcc/arm-none-eabi/11.2.0/../../../../arm-none-eabi/lib/thumb/v6-m/nofp/libg.a(lib_a-lock.o)
                0x0000000010007be8                __retarget_lock_acquire_recursive
 .text.__retarget_lock_release_recursive
                0x0000000010007bec        0x4 /usr/lib/gcc/arm-none-eabi/11.2.0/../../../../arm-none-eabi/lib/thumb/v6-m/nofp/libg.a(lib_a-lock.o)
                0x0000000010007bec                __retarget_lock_release_recursive
 *(.fini)
 .fini          0x0000000010007bf0        0x4 /usr/lib/gcc/arm-none-eabi/11.2.0/thumb/v6-m/nofp/crti.o
                0x0000000010007bf0                _fini
 *fill*         0x0000000010007bf4        0x4 
 .fini.__stub   0x0000000010007bf8       0x90 linker stubs
 *crtbegin.o(.ctors)
 *crtbegin?.o(.ctors)
 *(EXCLUDE_FILE(*crtend.o *crtend?.o) .ctors)
 *(SORT_BY_NAME(.ctors.*))
 *(.ctors)
 *crtbegin.o(.dtors)
 *crtbegin?.o(.dtors)
 *(EXCLUDE_FILE(*crtend.o *crtend?.o) .dtors)
 *(SORT_BY_NAME(.dtors.*))
 *(.dtors)
 *(.eh_frame*)
 .eh_frame      0x0000000010007c88        0x0 /usr/lib/gcc/arm-none-eabi/11.2.0/thumb/v6-m/nofp/crtbegin.o
                0x0000000010007c88                . = ALIGN (0x4)

.glue_7         0x0000000010007c88        0x0
 .glue_7        0x0000000010007c88        0x0 linker stubs

.glue_7t        0x0000000010007c88        0x0
 .glue_7t       0x0000000010007c88        0x0 linker stubs

.vfp11_veneer   0x0000000010007c88        0x0
 .vfp11_veneer  0x0000000010007c88        0x0 linker stubs

.v4_bx          0x0000000010007c88        0x0
 .v4_bx         0x0000000010007c88        0x0 linker stubs

.iplt           0x0000000010007c88        0x0
 .iplt          0x0000000010007c88        0x0 /usr/lib/gcc/arm-none-eabi/11.2.0/thumb/v6-m/nofp/crtbegin.o

.rodata         0x0000000010007c88     0x15dc
 *(EXCLUDE_FILE(*libm.a: *libc.a:*lib_a-mem*.o *libgcc.a:) .rodata*)
 .rodata.mcp2515_loadTxBuffer.str1.4
                0x0000000010007c88       0x15 CMakeFiles/RP2040-CAN-Driver.dir/main.c.obj
 *fill*         0x0000000010007c9d        0x3 
 .rodata.mcp2515_requestToSend.str1.4
                0x0000000010007ca0       0x16 CMakeFiles/RP2040-CAN-Driver.dir/main.c.obj
 *fill*         0x0000000010007cb6        0x2 
 .rodata.get_absolute_time.str1.4
                0x0000000010007cb8       0x5a CMakeFiles/RP2040-CAN-Driver.dir/main.c.obj
 *fill*         0x0000000010007d12        0x2 
 .rodata.mcp2515_init.str1.4
                0x0000000010007d14       0x3c CMakeFiles/RP2040-CAN-Driver.dir/main.c.obj
 .rodata.main.str1.4
                0x0000000010007d50       0x2d CMakeFiles/RP2040-CAN-Driver.dir/main.c.obj
 *fill*         0x0000000010007d7d        0x3 
 .rodata.__func__.0
                0x0000000010007d80       0x15 CMakeFiles/RP2040-CAN-Driver.dir/main.c.obj
 *fill*         0x0000000010007d95        0x3 
 .rodata.spin_lock_claim_unused.str1.4
                0x0000000010007d98       0x1b CMakeFiles/RP2040-CAN-Driver.dir/usr/share/pico-sdk/src/rp2_common/hardware_sync/sync.c.obj
 *fill*         0x0000000010007db3        0x1 
 .rodata.repeating_timer_callback.str1.4
                0x0000000010007db4       0x44 CMakeFiles/RP2040-CAN-Driver.dir/usr/share/pico-sdk/src/common/pico_time/time.c.obj
 .rodata.alarm_pool_dump_key.str1.4
                0x0000000010007df8       0x33 CMakeFiles/RP2040-CAN-Driver.dir/usr/share/pico-sdk/src/common/pico_time/time.c.obj
 *fill*         0x0000000010007e2b        0x1 
 .rodata.ph_add_child_node.str1.4
                0x0000000010007e2c       0x8e CMakeFiles/RP2040-CAN-Driver.dir/usr/share/pico-sdk/src/common/pico_time/time.c.obj
 *fill*         0x0000000010007eba        0x2 
 .rodata.add_alarm_under_lock.str1.4
                0x0000000010007ebc       0x28 CMakeFiles/RP2040-CAN-Driver.dir/usr/share/pico-sdk/src/common/pico_time/time.c.obj
                                         0x2b (size before relaxing)
 .rodata.alarm_pool_alarm_callback.str1.4
                0x0000000010007ee4       0x82 CMakeFiles/RP2040-CAN-Driver.dir/usr/share/pico-sdk/src/common/pico_time/time.c.obj
                                         0xde (size before relaxing)
 *fill*         0x0000000010007f66        0x2 
 .rodata.alarm_pool_get_default.str1.4
                0x0000000010007f68       0x21 CMakeFiles/RP2040-CAN-Driver.dir/usr/share/pico-sdk/src/common/pico_time/time.c.obj
 *fill*         0x0000000010007f89        0x3 
 .rodata.alarm_pool_cancel_alarm.str1.4
                0x0000000010007f8c       0x27 CMakeFiles/RP2040-CAN-Driver.dir/usr/share/pico-sdk/src/common/pico_time/time.c.obj
 *fill*         0x0000000010007fb3        0x1 
 .rodata.sleep_until.str1.4
                0x0000000010007fb4       0x4d CMakeFiles/RP2040-CAN-Driver.dir/usr/share/pico-sdk/src/common/pico_time/time.c.obj
 *fill*         0x0000000010008001        0x3 
 .rodata.__func__.1
                0x0000000010008004       0x18 CMakeFiles/RP2040-CAN-Driver.dir/usr/share/pico-sdk/src/common/pico_time/time.c.obj
 .rodata.__func__.10
                0x000000001000801c       0x15 CMakeFiles/RP2040-CAN-Driver.dir/usr/share/pico-sdk/src/common/pico_time/time.c.obj
 *fill*         0x0000000010008031        0x3 
 .rodata.__func__.11
                0x0000000010008034       0x1a CMakeFiles/RP2040-CAN-Driver.dir/usr/share/pico-sdk/src/common/pico_time/time.c.obj
 *fill*         0x000000001000804e        0x2 
 .rodata.__func__.12
                0x0000000010008050        0xa CMakeFiles/RP2040-CAN-Driver.dir/usr/share/pico-sdk/src/common/pico_time/time.c.obj
 *fill*         0x000000001000805a        0x2 
 .rodata.__func__.3
                0x000000001000805c       0x17 CMakeFiles/RP2040-CAN-Driver.dir/usr/share/pico-sdk/src/common/pico_time/time.c.obj
 *fill*         0x0000000010008073        0x1 
 .rodata.__func__.4
                0x0000000010008074       0x12 CMakeFiles/RP2040-CAN-Driver.dir/usr/share/pico-sdk/src/common/pico_time/time.c.obj
 *fill*         0x0000000010008086        0x2 
 .rodata.__func__.5
                0x0000000010008088        0xd CMakeFiles/RP2040-CAN-Driver.dir/usr/share/pico-sdk/src/common/pico_time/time.c.obj
 *fill*         0x0000000010008095        0x3 
 .rodata.__func__.6
                0x0000000010008098       0x12 CMakeFiles/RP2040-CAN-Driver.dir/usr/share/pico-sdk/src/common/pico_time/time.c.obj
 *fill*         0x00000000100080aa        0x2 
 .rodata.__func__.7
                0x00000000100080ac        0xf CMakeFiles/RP2040-CAN-Driver.dir/usr/share/pico-sdk/src/common/pico_time/time.c.obj
 *fill*         0x00000000100080bb        0x1 
 .rodata.__func__.8
                0x00000000100080bc        0xc CMakeFiles/RP2040-CAN-Driver.dir/usr/share/pico-sdk/src/common/pico_time/time.c.obj
 .rodata.__func__.9
                0x00000000100080c8       0x15 CMakeFiles/RP2040-CAN-Driver.dir/usr/share/pico-sdk/src/common/pico_time/time.c.obj
 *fill*         0x00000000100080dd        0x3 
 .rodata.hardware_alarm_claim.str1.4
                0x00000000100080e0       0x22 CMakeFiles/RP2040-CAN-Driver.dir/usr/share/pico-sdk/src/rp2_common/hardware_timer/timer.c.obj
 *fill*         0x0000000010008102        0x2 
 .rodata.hardware_alarm_set_target.str1.4
                0x0000000010008104       0x5e CMakeFiles/RP2040-CAN-Driver.dir/usr/share/pico-sdk/src/rp2_common/hardware_timer/timer.c.obj
 *fill*         0x0000000010008162        0x2 
 .rodata.__func__.0
                0x0000000010008164       0x1a CMakeFiles/RP2040-CAN-Driver.dir/usr/share/pico-sdk/src/rp2_common/hardware_timer/timer.c.obj
 *fill*         0x000000001000817e        0x2 
 .rodata.str1.4
                0x0000000010008180       0x85 CMakeFiles/RP2040-CAN-Driver.dir/usr/share/pico-sdk/src/common/pico_sync/mutex.c.obj
                                         0xe1 (size before relaxing)
 *fill*         0x0000000010008205        0x3 
 .rodata.__func__.1
                0x0000000010008208        0xb CMakeFiles/RP2040-CAN-Driver.dir/usr/share/pico-sdk/src/common/pico_sync/mutex.c.obj
 *fill*         0x0000000010008213        0x1 
 .rodata.__func__.3
                0x0000000010008214       0x18 CMakeFiles/RP2040-CAN-Driver.dir/usr/share/pico-sdk/src/common/pico_sync/mutex.c.obj
 .rodata.__func__.4
                0x000000001000822c       0x15 CMakeFiles/RP2040-CAN-Driver.dir/usr/share/pico-sdk/src/common/pico_sync/mutex.c.obj
 .rodata.ph_add_child_node.str1.4
                0x0000000010008241       0x8e CMakeFiles/RP2040-CAN-Driver.dir/usr/share/pico-sdk/src/common/pico_util/pheap.c.obj
 *fill*         0x0000000010008241        0x3 
 .rodata.ph_remove_any_head.str1.4
                0x0000000010008244       0x88 CMakeFiles/RP2040-CAN-Driver.dir/usr/share/pico-sdk/src/common/pico_util/pheap.c.obj
 .rodata.ph_remove_and_free_node.str1.4
                0x00000000100082cc       0x26 CMakeFiles/RP2040-CAN-Driver.dir/usr/share/pico-sdk/src/common/pico_util/pheap.c.obj
 *fill*         0x00000000100082f2        0x2 
 .rodata.__func__.0
                0x00000000100082f4       0x18 CMakeFiles/RP2040-CAN-Driver.dir/usr/share/pico-sdk/src/common/pico_util/pheap.c.obj
 .rodata.__func__.1
                0x000000001000830c       0x13 CMakeFiles/RP2040-CAN-Driver.dir/usr/share/pico-sdk/src/common/pico_util/pheap.c.obj
 *fill*         0x000000001000831f        0x1 
 .rodata.__func__.2
                0x0000000010008320       0x12 CMakeFiles/RP2040-CAN-Driver.dir/usr/share/pico-sdk/src/common/pico_util/pheap.c.obj
 *fill*         0x0000000010008332        0x2 
 .rodata.__func__.3
                0x0000000010008334        0xc CMakeFiles/RP2040-CAN-Driver.dir/usr/share/pico-sdk/src/common/pico_util/pheap.c.obj
 .rodata.__assert_func.str1.4
                0x0000000010008340       0x3f CMakeFiles/RP2040-CAN-Driver.dir/usr/share/pico-sdk/src/rp2_common/pico_runtime/runtime.c.obj
                                         0x43 (size before relaxing)
 *fill*         0x000000001000837f        0x1 
 .rodata.runtime_init.str1.4
                0x0000000010008380       0x5a CMakeFiles/RP2040-CAN-Driver.dir/usr/share/pico-sdk/src/rp2_common/pico_runtime/runtime.c.obj
 *fill*         0x00000000100083da        0x2 
 .rodata.panic.str1.4
                0x00000000100083dc       0x12 CMakeFiles/RP2040-CAN-Driver.dir/usr/share/pico-sdk/src/rp2_common/pico_runtime/runtime.c.obj
 *fill*         0x00000000100083ee        0x2 
 .rodata.__func__.1
                0x00000000100083f0        0xd CMakeFiles/RP2040-CAN-Driver.dir/usr/share/pico-sdk/src/rp2_common/pico_runtime/runtime.c.obj
 *fill*         0x00000000100083fd        0x3 
 .rodata.clock_configure.str1.4
                0x0000000010008400       0x50 CMakeFiles/RP2040-CAN-Driver.dir/usr/share/pico-sdk/src/rp2_common/hardware_clocks/clocks.c.obj
 .rodata.__func__.1
                0x0000000010008450       0x10 CMakeFiles/RP2040-CAN-Driver.dir/usr/share/pico-sdk/src/rp2_common/hardware_clocks/clocks.c.obj
 .rodata.make_branch.str1.4
                0x0000000010008460       0x46 CMakeFiles/RP2040-CAN-Driver.dir/usr/share/pico-sdk/src/rp2_common/hardware_irq/irq.c.obj
 *fill*         0x00000000100084a6        0x2 
 .rodata.irq_set_exclusive_handler.str1.4
                0x00000000100084a8       0x36 CMakeFiles/RP2040-CAN-Driver.dir/usr/share/pico-sdk/src/rp2_common/hardware_irq/irq.c.obj
 *fill*         0x00000000100084de        0x2 
 .rodata.irq_add_shared_handler.str1.4
                0x00000000100084e0       0xd9 CMakeFiles/RP2040-CAN-Driver.dir/usr/share/pico-sdk/src/rp2_common/hardware_irq/irq.c.obj
 *fill*         0x00000000100085b9        0x3 
 .rodata.irq_remove_handler.str1.4
                0x00000000100085bc       0x2a CMakeFiles/RP2040-CAN-Driver.dir/usr/share/pico-sdk/src/rp2_common/hardware_irq/irq.c.obj
 *fill*         0x00000000100085e6        0x2 
 .rodata.irq_add_tail_to_free_list.str1.4
                0x00000000100085e8       0x32 CMakeFiles/RP2040-CAN-Driver.dir/usr/share/pico-sdk/src/rp2_common/hardware_irq/irq.c.obj
                                         0x3a (size before relaxing)
 *fill*         0x000000001000861a        0x2 
 .rodata.__func__.0
                0x000000001000861c       0x1a CMakeFiles/RP2040-CAN-Driver.dir/usr/share/pico-sdk/src/rp2_common/hardware_irq/irq.c.obj
 *fill*         0x0000000010008636        0x2 
 .rodata.__func__.1
                0x0000000010008638       0x17 CMakeFiles/RP2040-CAN-Driver.dir/usr/share/pico-sdk/src/rp2_common/hardware_irq/irq.c.obj
 *fill*         0x000000001000864f        0x1 
 .rodata.__func__.2
                0x0000000010008650       0x13 CMakeFiles/RP2040-CAN-Driver.dir/usr/share/pico-sdk/src/rp2_common/hardware_irq/irq.c.obj
 *fill*         0x0000000010008663        0x1 
 .rodata.__func__.3
                0x0000000010008664        0xc CMakeFiles/RP2040-CAN-Driver.dir/usr/share/pico-sdk/src/rp2_common/hardware_irq/irq.c.obj
 .rodata.__func__.4
                0x0000000010008670        0xf CMakeFiles/RP2040-CAN-Driver.dir/usr/share/pico-sdk/src/rp2_common/hardware_irq/irq.c.obj
 *fill*         0x000000001000867f        0x1 
 .rodata.__func__.6
                0x0000000010008680       0x1a CMakeFiles/RP2040-CAN-Driver.dir/usr/share/pico-sdk/src/rp2_common/hardware_irq/irq.c.obj
 *fill*         0x000000001000869a        0x2 
 .rodata.pll_init.str1.4
                0x000000001000869c       0xd3 CMakeFiles/RP2040-CAN-Driver.dir/usr/share/pico-sdk/src/rp2_common/hardware_pll/pll.c.obj
 *fill*         0x000000001000876f        0x1 
 .rodata.__func__.0
                0x0000000010008770        0x9 CMakeFiles/RP2040-CAN-Driver.dir/usr/share/pico-sdk/src/rp2_common/hardware_pll/pll.c.obj
 *fill*         0x0000000010008779        0x3 
 .rodata._ftoa.str1.4
                0x000000001000877c       0x15 CMakeFiles/RP2040-CAN-Driver.dir/usr/share/pico-sdk/src/rp2_common/pico_printf/printf.c.obj
 *fill*         0x0000000010008791        0x3 
 .rodata._vsnprintf
                0x0000000010008794      0x19c CMakeFiles/RP2040-CAN-Driver.dir/usr/share/pico-sdk/src/rp2_common/pico_printf/printf.c.obj
 .rodata.pow10.0
                0x0000000010008930       0x50 CMakeFiles/RP2040-CAN-Driver.dir/usr/share/pico-sdk/src/rp2_common/pico_printf/printf.c.obj
 .rodata.__aeabi_double_init.str1.4
                0x0000000010008980       0xa1 CMakeFiles/RP2040-CAN-Driver.dir/usr/share/pico-sdk/src/rp2_common/pico_double/double_init_rom.c.obj
 *fill*         0x0000000010008a21        0x3 
 .rodata.__func__.0
                0x0000000010008a24       0x14 CMakeFiles/RP2040-CAN-Driver.dir/usr/share/pico-sdk/src/rp2_common/pico_double/double_init_rom.c.obj
 .rodata.__aeabi_float_init.str1.4
                0x0000000010008a38       0x73 CMakeFiles/RP2040-CAN-Driver.dir/usr/share/pico-sdk/src/rp2_common/pico_float/float_init_rom.c.obj
                                         0x77 (size before relaxing)
 *fill*         0x0000000010008aab        0x1 
 .rodata.__func__.0
                0x0000000010008aac       0x13 CMakeFiles/RP2040-CAN-Driver.dir/usr/share/pico-sdk/src/rp2_common/pico_float/float_init_rom.c.obj
 *fill*         0x0000000010008abf        0x1 
 .rodata.str1.4
                0x0000000010008ac0       0x48 CMakeFiles/RP2040-CAN-Driver.dir/usr/share/pico-sdk/src/rp2_common/pico_standard_link/binary_info.c.obj
 .rodata.__bi_44
                0x0000000010008b08        0xc CMakeFiles/RP2040-CAN-Driver.dir/usr/share/pico-sdk/src/rp2_common/pico_standard_link/binary_info.c.obj
 .rodata.__bi_75
                0x0000000010008b14        0xc CMakeFiles/RP2040-CAN-Driver.dir/usr/share/pico-sdk/src/rp2_common/pico_standard_link/binary_info.c.obj
 .rodata.__bi_81
                0x0000000010008b20        0xc CMakeFiles/RP2040-CAN-Driver.dir/usr/share/pico-sdk/src/rp2_common/pico_standard_link/binary_info.c.obj
 .rodata.crlf_str.3
                0x0000000010008b2c        0x2 CMakeFiles/RP2040-CAN-Driver.dir/usr/share/pico-sdk/src/rp2_common/pico_stdio/stdio.c.obj
 *fill*         0x0000000010008b2e        0x2 
 .rodata.str1.4
                0x0000000010008b30       0x2c CMakeFiles/RP2040-CAN-Driver.dir/usr/share/pico-sdk/src/rp2_common/pico_stdio_uart/stdio_uart.c.obj
 .rodata.__bi_28.4
                0x0000000010008b5c        0xc CMakeFiles/RP2040-CAN-Driver.dir/usr/share/pico-sdk/src/rp2_common/pico_stdio_uart/stdio_uart.c.obj
 .rodata.__bi_29.5
                0x0000000010008b68        0x8 CMakeFiles/RP2040-CAN-Driver.dir/usr/share/pico-sdk/src/rp2_common/pico_stdio_uart/stdio_uart.c.obj
 .rodata._resetd_driver
                0x0000000010008b70       0x18 CMakeFiles/RP2040-CAN-Driver.dir/usr/share/pico-sdk/src/rp2_common/pico_stdio_usb/reset_interface.c.obj
 .rodata.stdio_usb_init.str1.4
                0x0000000010008b88       0x5a CMakeFiles/RP2040-CAN-Driver.dir/usr/share/pico-sdk/src/rp2_common/pico_stdio_usb/stdio_usb.c.obj
 .rodata.str1.4
                0x0000000010008b88       0x13 CMakeFiles/RP2040-CAN-Driver.dir/usr/share/pico-sdk/src/rp2_common/pico_stdio_usb/stdio_usb.c.obj
 *fill*         0x0000000010008b9b        0x1 
 .rodata.__bi_93.1
                0x0000000010008b9c        0xc CMakeFiles/RP2040-CAN-Driver.dir/usr/share/pico-sdk/src/rp2_common/pico_stdio_usb/stdio_usb.c.obj
 .rodata.__func__.0
                0x0000000010008ba8       0x15 CMakeFiles/RP2040-CAN-Driver.dir/usr/share/pico-sdk/src/rp2_common/pico_stdio_usb/stdio_usb.c.obj
 *fill*         0x0000000010008bbd        0x3 
 .rodata.str1.4
                0x0000000010008bc0       0x2a CMakeFiles/RP2040-CAN-Driver.dir/usr/share/pico-sdk/src/rp2_common/pico_stdio_usb/stdio_usb_descriptors.c.obj
 *fill*         0x0000000010008bea        0x2 
 .rodata.usbd_desc_cfg
                0x0000000010008bec       0x54 CMakeFiles/RP2040-CAN-Driver.dir/usr/share/pico-sdk/src/rp2_common/pico_stdio_usb/stdio_usb_descriptors.c.obj
 .rodata.usbd_desc_device
                0x0000000010008c40       0x12 CMakeFiles/RP2040-CAN-Driver.dir/usr/share/pico-sdk/src/rp2_common/pico_stdio_usb/stdio_usb_descriptors.c.obj
 *fill*         0x0000000010008c52        0x2 
 .rodata.usbd_desc_str
                0x0000000010008c54       0x18 CMakeFiles/RP2040-CAN-Driver.dir/usr/share/pico-sdk/src/rp2_common/pico_stdio_usb/stdio_usb_descriptors.c.obj
 .rodata._hw_endpoint_alloc.str1.4
                0x0000000010008c6c       0xb1 CMakeFiles/RP2040-CAN-Driver.dir/usr/share/pico-sdk/lib/tinyusb/src/portable/raspberrypi/rp2040/dcd_rp2040.c.obj
 *fill*         0x0000000010008d1d        0x3 
 .rodata.dcd_rp2040_irq.str1.4
                0x0000000010008d20       0x14 CMakeFiles/RP2040-CAN-Driver.dir/usr/share/pico-sdk/lib/tinyusb/src/portable/raspberrypi/rp2040/dcd_rp2040.c.obj
 .rodata.dcd_int_enable.str1.4
                0x0000000010008d34        0xc CMakeFiles/RP2040-CAN-Driver.dir/usr/share/pico-sdk/lib/tinyusb/src/portable/raspberrypi/rp2040/dcd_rp2040.c.obj
 .rodata.__func__.0
                0x0000000010008d40        0xe CMakeFiles/RP2040-CAN-Driver.dir/usr/share/pico-sdk/lib/tinyusb/src/portable/raspberrypi/rp2040/dcd_rp2040.c.obj
 *fill*         0x0000000010008d4e        0x2 
 .rodata.__func__.1
                0x0000000010008d50        0xe CMakeFiles/RP2040-CAN-Driver.dir/usr/share/pico-sdk/lib/tinyusb/src/portable/raspberrypi/rp2040/dcd_rp2040.c.obj
 *fill*         0x0000000010008d5e        0x2 
 .rodata.__func__.3
                0x0000000010008d60       0x10 CMakeFiles/RP2040-CAN-Driver.dir/usr/share/pico-sdk/lib/tinyusb/src/portable/raspberrypi/rp2040/dcd_rp2040.c.obj
 .rodata.__func__.5
                0x0000000010008d70        0xf CMakeFiles/RP2040-CAN-Driver.dir/usr/share/pico-sdk/lib/tinyusb/src/portable/raspberrypi/rp2040/dcd_rp2040.c.obj
 *fill*         0x0000000010008d7f        0x1 
 .rodata.__func__.6
                0x0000000010008d80       0x13 CMakeFiles/RP2040-CAN-Driver.dir/usr/share/pico-sdk/lib/tinyusb/src/portable/raspberrypi/rp2040/dcd_rp2040.c.obj
 *fill*         0x0000000010008d93        0x1 
 .rodata.__func__.7
                0x0000000010008d94        0x9 CMakeFiles/RP2040-CAN-Driver.dir/usr/share/pico-sdk/lib/tinyusb/src/portable/raspberrypi/rp2040/dcd_rp2040.c.obj
 *fill*         0x0000000010008d9d        0x3 
 .rodata.sync_ep_buffer.str1.4
                0x0000000010008da0       0x8d CMakeFiles/RP2040-CAN-Driver.dir/usr/share/pico-sdk/lib/tinyusb/src/portable/raspberrypi/rp2040/rp2040_usb.c.obj
 *fill*         0x0000000010008e2d        0x3 
 .rodata._hw_endpoint_buffer_control_update32.str1.4
                0x0000000010008e30       0x1f CMakeFiles/RP2040-CAN-Driver.dir/usr/share/pico-sdk/lib/tinyusb/src/portable/raspberrypi/rp2040/rp2040_usb.c.obj
 *fill*         0x0000000010008e4f        0x1 
 .rodata.hw_endpoint_xfer_start.str1.4
                0x0000000010008e50       0x38 CMakeFiles/RP2040-CAN-Driver.dir/usr/share/pico-sdk/lib/tinyusb/src/portable/raspberrypi/rp2040/rp2040_usb.c.obj
 .rodata.hw_endpoint_xfer_continue.str1.4
                0x0000000010008e88       0x29 CMakeFiles/RP2040-CAN-Driver.dir/usr/share/pico-sdk/lib/tinyusb/src/portable/raspberrypi/rp2040/rp2040_usb.c.obj
 .rodata.str1.4
                0x0000000010008eb1       0x29 CMakeFiles/RP2040-CAN-Driver.dir/usr/share/pico-sdk/lib/tinyusb/src/portable/raspberrypi/rp2040/rp2040_usb.c.obj
                                          0x7 (size before relaxing)
 *fill*         0x0000000010008eb1        0x3 
 .rodata.__func__.0
                0x0000000010008eb4        0xf CMakeFiles/RP2040-CAN-Driver.dir/usr/share/pico-sdk/lib/tinyusb/src/portable/raspberrypi/rp2040/rp2040_usb.c.obj
 *fill*         0x0000000010008ec3        0x1 
 .rodata.process_set_config.str1.4
                0x0000000010008ec4       0x17 CMakeFiles/RP2040-CAN-Driver.dir/usr/share/pico-sdk/lib/tinyusb/src/device/usbd.c.obj
 *fill*         0x0000000010008edb        0x1 
 .rodata.process_get_descriptor
                0x0000000010008edc       0x40 CMakeFiles/RP2040-CAN-Driver.dir/usr/share/pico-sdk/lib/tinyusb/src/device/usbd.c.obj
 .rodata.process_control_request
                0x0000000010008f1c       0x28 CMakeFiles/RP2040-CAN-Driver.dir/usr/share/pico-sdk/lib/tinyusb/src/device/usbd.c.obj
 .rodata.tud_task
                0x0000000010008f44       0x24 CMakeFiles/RP2040-CAN-Driver.dir/usr/share/pico-sdk/lib/tinyusb/src/device/usbd.c.obj
 .rodata.__func__.2
                0x0000000010008f68        0xf CMakeFiles/RP2040-CAN-Driver.dir/usr/share/pico-sdk/lib/tinyusb/src/device/usbd.c.obj
 *fill*         0x0000000010008f77        0x1 
 .rodata.__func__.3
                0x0000000010008f78        0xf CMakeFiles/RP2040-CAN-Driver.dir/usr/share/pico-sdk/lib/tinyusb/src/device/usbd.c.obj
 *fill*         0x0000000010008f87        0x1 
 .rodata.__func__.4
                0x0000000010008f88       0x14 CMakeFiles/RP2040-CAN-Driver.dir/usr/share/pico-sdk/lib/tinyusb/src/device/usbd.c.obj
 .rodata.__func__.5
                0x0000000010008f9c       0x10 CMakeFiles/RP2040-CAN-Driver.dir/usr/share/pico-sdk/lib/tinyusb/src/device/usbd.c.obj
 .rodata.__func__.6
                0x0000000010008fac       0x17 CMakeFiles/RP2040-CAN-Driver.dir/usr/share/pico-sdk/lib/tinyusb/src/device/usbd.c.obj
 *fill*         0x0000000010008fc3        0x1 
 .rodata.__func__.7
                0x0000000010008fc4       0x13 CMakeFiles/RP2040-CAN-Driver.dir/usr/share/pico-sdk/lib/tinyusb/src/device/usbd.c.obj
 *fill*         0x0000000010008fd7        0x1 
 .rodata.__func__.8
                0x0000000010008fd8       0x18 CMakeFiles/RP2040-CAN-Driver.dir/usr/share/pico-sdk/lib/tinyusb/src/device/usbd.c.obj
 .rodata.__func__.9
                0x0000000010008ff0        0x9 CMakeFiles/RP2040-CAN-Driver.dir/usr/share/pico-sdk/lib/tinyusb/src/device/usbd.c.obj
 *fill*         0x0000000010008ff9        0x3 
 .rodata._usbd_driver
                0x0000000010008ffc       0x18 CMakeFiles/RP2040-CAN-Driver.dir/usr/share/pico-sdk/lib/tinyusb/src/device/usbd.c.obj
 .rodata.tud_control_xfer.str1.4
                0x0000000010009014       0x17 CMakeFiles/RP2040-CAN-Driver.dir/usr/share/pico-sdk/lib/tinyusb/src/device/usbd_control.c.obj
 .rodata.__func__.0
                0x0000000010009014       0x15 CMakeFiles/RP2040-CAN-Driver.dir/usr/share/pico-sdk/lib/tinyusb/src/device/usbd_control.c.obj
 *fill*         0x0000000010009029        0x3 
 .rodata.__func__.1
                0x000000001000902c       0x11 CMakeFiles/RP2040-CAN-Driver.dir/usr/share/pico-sdk/lib/tinyusb/src/device/usbd_control.c.obj
 .rodata.tud_cdc_n_write_flush.str1.4
                0x000000001000903d       0x17 CMakeFiles/RP2040-CAN-Driver.dir/usr/share/pico-sdk/lib/tinyusb/src/class/cdc/cdc_device.c.obj
 *fill*         0x000000001000903d        0x3 
 .rodata.__func__.0
                0x0000000010009040        0xd CMakeFiles/RP2040-CAN-Driver.dir/usr/share/pico-sdk/lib/tinyusb/src/class/cdc/cdc_device.c.obj
 *fill*         0x000000001000904d        0x3 
 .rodata.__func__.1
                0x0000000010009050        0xa CMakeFiles/RP2040-CAN-Driver.dir/usr/share/pico-sdk/lib/tinyusb/src/class/cdc/cdc_device.c.obj
 *fill*         0x000000001000905a        0x2 
 .rodata.__func__.2
                0x000000001000905c       0x16 CMakeFiles/RP2040-CAN-Driver.dir/usr/share/pico-sdk/lib/tinyusb/src/class/cdc/cdc_device.c.obj
 .rodata.tusb_init.str1.4
                0x0000000010009072       0x17 CMakeFiles/RP2040-CAN-Driver.dir/usr/share/pico-sdk/lib/tinyusb/src/tusb.c.obj
 *fill*         0x0000000010009072        0x2 
 .rodata.__func__.0
                0x0000000010009074       0x11 CMakeFiles/RP2040-CAN-Driver.dir/usr/share/pico-sdk/lib/tinyusb/src/tusb.c.obj
 *fill*         0x0000000010009085        0x3 
 .rodata.__func__.1
                0x0000000010009088        0xa CMakeFiles/RP2040-CAN-Driver.dir/usr/share/pico-sdk/lib/tinyusb/src/tusb.c.obj
 *fill*         0x0000000010009092        0x2 
 .rodata.pico_get_unique_board_id_string.str1.4
                0x0000000010009094       0x46 CMakeFiles/RP2040-CAN-Driver.dir/usr/share/pico-sdk/src/rp2_common/pico_unique_id/unique_id.c.obj
 *fill*         0x00000000100090da        0x2 
 .rodata.__func__.0
                0x00000000100090dc       0x20 CMakeFiles/RP2040-CAN-Driver.dir/usr/share/pico-sdk/src/rp2_common/pico_unique_id/unique_id.c.obj
 .rodata.str1.4
                0x00000000100090fc      0x152 CMakeFiles/RP2040-CAN-Driver.dir/usr/share/pico-sdk/src/rp2_common/hardware_flash/flash.c.obj
 *fill*         0x000000001000924e        0x2 
 .rodata.__func__.0
                0x0000000010009250        0xd CMakeFiles/RP2040-CAN-Driver.dir/usr/share/pico-sdk/src/rp2_common/hardware_flash/flash.c.obj
 *fill*         0x000000001000925d        0x3 
 .rodata._global_impure_ptr
                0x0000000010009260        0x4 /usr/lib/gcc/arm-none-eabi/11.2.0/../../../../arm-none-eabi/lib/thumb/v6-m/nofp/libg.a(lib_a-impure.o)
                0x0000000010009260                _global_impure_ptr
                0x0000000010009264                . = ALIGN (0x4)
 *(SORT_BY_ALIGNMENT(SORT_BY_NAME(.flashdata*)))
                0x0000000010009264                . = ALIGN (0x4)

.rel.dyn        0x0000000010009264        0x0
 .rel.iplt      0x0000000010009264        0x0 /usr/lib/gcc/arm-none-eabi/11.2.0/thumb/v6-m/nofp/crtbegin.o

.ARM.extab
 *(.ARM.extab* .gnu.linkonce.armextab.*)
                0x0000000010009264                __exidx_start = .

.ARM.exidx
 *(.ARM.exidx* .gnu.linkonce.armexidx.*)
                0x0000000010009264                __exidx_end = .
                0x0000000010009264                . = ALIGN (0x4)
                0x0000000010009264                __binary_info_start = .

.binary_info    0x0000000010009264       0x28
 *(.binary_info.keep.*)
 .binary_info.keep.__bi_ptr22
                0x0000000010009264        0x4 CMakeFiles/RP2040-CAN-Driver.dir/usr/share/pico-sdk/src/rp2_common/pico_standard_link/binary_info.c.obj
 .binary_info.keep.__bi_ptr30
                0x0000000010009268        0x4 CMakeFiles/RP2040-CAN-Driver.dir/usr/share/pico-sdk/src/rp2_common/pico_standard_link/binary_info.c.obj
 .binary_info.keep.__bi_ptr38
                0x000000001000926c        0x4 CMakeFiles/RP2040-CAN-Driver.dir/usr/share/pico-sdk/src/rp2_common/pico_standard_link/binary_info.c.obj
 .binary_info.keep.__bi_ptr44
                0x0000000010009270        0x4 CMakeFiles/RP2040-CAN-Driver.dir/usr/share/pico-sdk/src/rp2_common/pico_standard_link/binary_info.c.obj
 .binary_info.keep.__bi_ptr50
                0x0000000010009274        0x4 CMakeFiles/RP2040-CAN-Driver.dir/usr/share/pico-sdk/src/rp2_common/pico_standard_link/binary_info.c.obj
 .binary_info.keep.__bi_ptr75
                0x0000000010009278        0x4 CMakeFiles/RP2040-CAN-Driver.dir/usr/share/pico-sdk/src/rp2_common/pico_standard_link/binary_info.c.obj
 .binary_info.keep.__bi_ptr81
                0x000000001000927c        0x4 CMakeFiles/RP2040-CAN-Driver.dir/usr/share/pico-sdk/src/rp2_common/pico_standard_link/binary_info.c.obj
 *(.binary_info.*)
 .binary_info.__bi_ptr28
                0x0000000010009280        0x4 CMakeFiles/RP2040-CAN-Driver.dir/usr/share/pico-sdk/src/rp2_common/pico_stdio_uart/stdio_uart.c.obj
 .binary_info.__bi_ptr29
                0x0000000010009284        0x4 CMakeFiles/RP2040-CAN-Driver.dir/usr/share/pico-sdk/src/rp2_common/pico_stdio_uart/stdio_uart.c.obj
 .binary_info.__bi_ptr93
                0x0000000010009288        0x4 CMakeFiles/RP2040-CAN-Driver.dir/usr/share/pico-sdk/src/rp2_common/pico_stdio_usb/stdio_usb.c.obj
                0x000000001000928c                __binary_info_end = .
                0x000000001000928c                . = ALIGN (0x4)
                0x000000001000928c                __etext = .
