Archive member included to satisfy reference by file (symbol)

/usr/lib/gcc/arm-none-eabi/11.2.0/thumb/v6-m/nofp/libgcc.a(_dvmd_tls.o)
                              CMakeFiles/RP2040-CAN-Driver.dir/usr/share/pico-sdk/src/rp2_common/pico_divider/divider.S.obj (__aeabi_idiv0)
/usr/lib/gcc/arm-none-eabi/11.2.0/../../../../arm-none-eabi/lib/thumb/v6-m/nofp/libg.a(lib_a-atexit.o)
                              /usr/lib/gcc/arm-none-eabi/11.2.0/../../../../arm-none-eabi/lib/thumb/v6-m/nofp/crt0.o (atexit)
/usr/lib/gcc/arm-none-eabi/11.2.0/../../../../arm-none-eabi/lib/thumb/v6-m/nofp/libg.a(lib_a-calloc.o)
                              CMakeFiles/RP2040-CAN-Driver.dir/usr/share/pico-sdk/src/rp2_common/pico_malloc/pico_malloc.c.obj (calloc)
/usr/lib/gcc/arm-none-eabi/11.2.0/../../../../arm-none-eabi/lib/thumb/v6-m/nofp/libg.a(lib_a-callocr.o)
                              /usr/lib/gcc/arm-none-eabi/11.2.0/../../../../arm-none-eabi/lib/thumb/v6-m/nofp/libg.a(lib_a-calloc.o) (_calloc_r)
/usr/lib/gcc/arm-none-eabi/11.2.0/../../../../arm-none-eabi/lib/thumb/v6-m/nofp/libg.a(lib_a-ctype_.o)
                              CMakeFiles/RP2040-CAN-Driver.dir/usr/share/pico-sdk/lib/tinyusb/src/tusb.c.obj (_ctype_)
/usr/lib/gcc/arm-none-eabi/11.2.0/../../../../arm-none-eabi/lib/thumb/v6-m/nofp/libg.a(lib_a-errno.o)
                              /usr/lib/gcc/arm-none-eabi/11.2.0/../../../../arm-none-eabi/lib/thumb/v6-m/nofp/libg.a(lib_a-callocr.o) (__errno)
/usr/lib/gcc/arm-none-eabi/11.2.0/../../../../arm-none-eabi/lib/thumb/v6-m/nofp/libg.a(lib_a-fini.o)
                              /usr/lib/gcc/arm-none-eabi/11.2.0/../../../../arm-none-eabi/lib/thumb/v6-m/nofp/crt0.o (__libc_fini_array)
/usr/lib/gcc/arm-none-eabi/11.2.0/../../../../arm-none-eabi/lib/thumb/v6-m/nofp/libg.a(lib_a-impure.o)
                              /usr/lib/gcc/arm-none-eabi/11.2.0/../../../../arm-none-eabi/lib/thumb/v6-m/nofp/libg.a(lib_a-calloc.o) (_impure_ptr)
/usr/lib/gcc/arm-none-eabi/11.2.0/../../../../arm-none-eabi/lib/thumb/v6-m/nofp/libg.a(lib_a-init.o)
                              /usr/lib/gcc/arm-none-eabi/11.2.0/../../../../arm-none-eabi/lib/thumb/v6-m/nofp/crt0.o (__libc_init_array)
/usr/lib/gcc/arm-none-eabi/11.2.0/../../../../arm-none-eabi/lib/thumb/v6-m/nofp/libg.a(lib_a-malloc.o)
                              CMakeFiles/RP2040-CAN-Driver.dir/usr/share/pico-sdk/src/rp2_common/pico_malloc/pico_malloc.c.obj (malloc)
/usr/lib/gcc/arm-none-eabi/11.2.0/../../../../arm-none-eabi/lib/thumb/v6-m/nofp/libg.a(lib_a-mallocr.o)
                              /usr/lib/gcc/arm-none-eabi/11.2.0/../../../../arm-none-eabi/lib/thumb/v6-m/nofp/libg.a(lib_a-callocr.o) (_malloc_r)
/usr/lib/gcc/arm-none-eabi/11.2.0/../../../../arm-none-eabi/lib/thumb/v6-m/nofp/libg.a(lib_a-mlock.o)
                              /usr/lib/gcc/arm-none-eabi/11.2.0/../../../../arm-none-eabi/lib/thumb/v6-m/nofp/libg.a(lib_a-mallocr.o) (__malloc_lock)
/usr/lib/gcc/arm-none-eabi/11.2.0/../../../../arm-none-eabi/lib/thumb/v6-m/nofp/libg.a(lib_a-sbrkr.o)
                              /usr/lib/gcc/arm-none-eabi/11.2.0/../../../../arm-none-eabi/lib/thumb/v6-m/nofp/libg.a(lib_a-mallocr.o) (_sbrk_r)
/usr/lib/gcc/arm-none-eabi/11.2.0/../../../../arm-none-eabi/lib/thumb/v6-m/nofp/libg.a(lib_a-strlen-stub.o)
                              CMakeFiles/RP2040-CAN-Driver.dir/usr/share/pico-sdk/src/rp2_common/pico_stdio/stdio.c.obj (strlen)
/usr/lib/gcc/arm-none-eabi/11.2.0/../../../../arm-none-eabi/lib/thumb/v6-m/nofp/libg.a(lib_a-__atexit.o)
                              /usr/lib/gcc/arm-none-eabi/11.2.0/../../../../arm-none-eabi/lib/thumb/v6-m/nofp/libg.a(lib_a-atexit.o) (__register_exitproc)
/usr/lib/gcc/arm-none-eabi/11.2.0/../../../../arm-none-eabi/lib/thumb/v6-m/nofp/libg.a(lib_a-__call_atexit.o)
                              /usr/lib/gcc/arm-none-eabi/11.2.0/../../../../arm-none-eabi/lib/thumb/v6-m/nofp/libg.a(lib_a-__atexit.o) (__atexit_recursive_mutex)
/usr/lib/gcc/arm-none-eabi/11.2.0/../../../../arm-none-eabi/lib/thumb/v6-m/nofp/libg.a(lib_a-freer.o)
                              /usr/lib/gcc/arm-none-eabi/11.2.0/../../../../arm-none-eabi/lib/thumb/v6-m/nofp/libg.a(lib_a-malloc.o) (_free_r)
/usr/lib/gcc/arm-none-eabi/11.2.0/../../../../arm-none-eabi/lib/thumb/v6-m/nofp/libg.a(lib_a-lock.o)
                              /usr/lib/gcc/arm-none-eabi/11.2.0/../../../../arm-none-eabi/lib/thumb/v6-m/nofp/libg.a(lib_a-mlock.o) (__retarget_lock_acquire_recursive)
/usr/lib/gcc/arm-none-eabi/11.2.0/../../../../arm-none-eabi/lib/thumb/v6-m/nofp/libg.a(lib_a-reent.o)
                              /usr/lib/gcc/arm-none-eabi/11.2.0/../../../../arm-none-eabi/lib/thumb/v6-m/nofp/libg.a(lib_a-sbrkr.o) (errno)

Discarded input sections

 .text          0x0000000000000000        0x0 /usr/lib/gcc/arm-none-eabi/11.2.0/thumb/v6-m/nofp/crti.o
 .data          0x0000000000000000        0x0 /usr/lib/gcc/arm-none-eabi/11.2.0/thumb/v6-m/nofp/crti.o
[...]
Memory Configuration

Name             Origin             Length             Attributes
FLASH            0x0000000010000000 0x0000000000200000 xr
RAM              0x0000000020000000 0x0000000000040000 xrw
SCRATCH_X        0x0000000020040000 0x0000000000001000 xrw
SCRATCH_Y        0x0000000020041000 0x0000000000001000 xrw
*default*        0x0000000000000000 0xffffffffffffffff

Linker script and memory map

LOAD /usr/lib/gcc/arm-none-eabi/11.2.0/thumb/v6-m/nofp/crti.o
LOAD /usr/lib/gcc/arm-none-eabi/11.2.0/thumb/v6-m/nofp/crtbegin.o
LOAD /usr/lib/gcc/arm-none-eabi/11.2.0/../../../../arm-none-eabi/lib/thumb/v6-m/nofp/crt0.o

.flash_begin    0x0000000010000000        0x0
                0x0000000010000000                __flash_binary_start = .

.boot2          0x0000000010000000      0x100
                0x0000000010000000                __boot2_start__ = .
 *(.boot2)
 .boot2         0x0000000010000000      0x100 /tmp/cctmyf8n.o
                0x0000000010000100                __boot2_end__ = .
                0x0000000000000001                ASSERT (((__boot2_end__ - __boot2_start__) == 0x100), ERROR: Pico second stage bootloader must be 256 bytes in size)

.text           0x0000000010000100     0x7b88
                0x0000000010000100                __logical_binary_start = .
 *(.vectors)
 .vectors       0x0000000010000100       0xd4 CMakeFiles/RP2040-CAN-Driver.dir/usr/share/pico-sdk/src/rp2_common/pico_standard_link/crt0.S.obj
                0x0000000010000100                __vectors
                0x0000000010000100                __VECTOR_TABLE
                0x00000000100001c0                isr_invalid
                0x00000000100001c0                __default_isrs_start
                0x00000000100001c2                isr_nmi
                0x00000000100001c4                isr_hardfault
                0x00000000100001c6                isr_svcall
                0x00000000100001c8                isr_pendsv
                0x00000000100001ca                isr_systick
                0x00000000100001cc                isr_irq30
                0x00000000100001cc                __unhandled_user_irq
                0x00000000100001cc                isr_irq13
                0x00000000100001cc                isr_irq27
                0x00000000100001cc                isr_irq31
                0x00000000100001cc                isr_irq5
                0x00000000100001cc                isr_irq11
                0x00000000100001cc                isr_irq23
                0x00000000100001cc                isr_irq18
                0x00000000100001cc                isr_irq28
                0x00000000100001cc                isr_irq19
                0x00000000100001cc                isr_irq0
                0x00000000100001cc                isr_irq6
                0x00000000100001cc                isr_irq22
                0x00000000100001cc                isr_irq17
                0x00000000100001cc                isr_irq14
                0x00000000100001cc                isr_irq2
                0x00000000100001cc                isr_irq10
                0x00000000100001cc                isr_irq8
                0x00000000100001cc                isr_irq24
                0x00000000100001cc                isr_irq1
                0x00000000100001cc                isr_irq7
                0x00000000100001cc                isr_irq21
                0x00000000100001cc                isr_irq20
                0x00000000100001cc                isr_irq15
                0x00000000100001cc                isr_irq25
                0x00000000100001cc                isr_irq4
                0x00000000100001cc                isr_irq16
                0x00000000100001cc                isr_irq29
                0x00000000100001cc                isr_irq26
                0x00000000100001cc                __default_isrs_end
                0x00000000100001cc                isr_irq3
                0x00000000100001cc                isr_irq12
                0x00000000100001cc                isr_irq9
                0x00000000100001d2                unhandled_user_irq_num_in_r0
 *(.binary_info_header)
 .binary_info_header
                0x00000000100001d4       0x14 CMakeFiles/RP2040-CAN-Driver.dir/usr/share/pico-sdk/src/rp2_common/pico_standard_link/crt0.S.obj
                0x00000000100001e8                __binary_info_header_end = .
 *(.reset)
 .reset         0x00000000100001e8       0xa8 CMakeFiles/RP2040-CAN-Driver.dir/usr/share/pico-sdk/src/rp2_common/pico_standard_link/crt0.S.obj
                0x00000000100001e8                _entry_point
                0x0000000010000266                __get_current_exception
 .reset         0x0000000010000290       0x30 CMakeFiles/RP2040-CAN-Driver.dir/usr/share/pico-sdk/src/rp2_common/pico_standard_link/binary_info.c.obj
 *(.init)
 .init          0x00000000100002c0        0x4 /usr/lib/gcc/arm-none-eabi/11.2.0/thumb/v6-m/nofp/crti.o
                0x00000000100002c0                _init
 *(EXCLUDE_FILE(*libm.a: *libc.a:*lib_a-mem*.o *libgcc.a:) .text*)
 .text.frame_dummy
                0x00000000100002c4       0x20 /usr/lib/gcc/arm-none-eabi/11.2.0/thumb/v6-m/nofp/crtbegin.o
 .text.mcp2515_bitModify
                0x00000000100002e4       0x6e CMakeFiles/RP2040-CAN-Driver.dir/main.c.obj
 .text.mcp2515_writeByte
                0x0000000010000352       0x58 CMakeFiles/RP2040-CAN-Driver.dir/main.c.obj
 .text.mcp2515_readByte
                0x00000000100003aa       0x56 CMakeFiles/RP2040-CAN-Driver.dir/main.c.obj
 .text.mcp2515_readStatus
                0x0000000010000400       0x46 CMakeFiles/RP2040-CAN-Driver.dir/main.c.obj
 .text.mcp2515_rxStatus
                0x0000000010000446       0x46 CMakeFiles/RP2040-CAN-Driver.dir/main.c.obj
 .text.mcp2515_reset
                0x000000001000048c       0x34 CMakeFiles/RP2040-CAN-Driver.dir/main.c.obj
 .text.mcp2515_loadTxBuffer
                0x00000000100004c0      0x130 CMakeFiles/RP2040-CAN-Driver.dir/main.c.obj
 .text.mcp2515_requestToSend
                0x00000000100005f0       0x60 CMakeFiles/RP2040-CAN-Driver.dir/main.c.obj
 .text.mcp2515_readRxBuffer
                0x0000000010000650      0x120 CMakeFiles/RP2040-CAN-Driver.dir/main.c.obj
 .text.get_absolute_time
                0x0000000010000770       0x2c CMakeFiles/RP2040-CAN-Driver.dir/main.c.obj
 .text.mcp2515_setOpmode
                0x000000001000079c       0x26 CMakeFiles/RP2040-CAN-Driver.dir/main.c.obj
                0x000000001000079c                mcp2515_setOpmode
 *fill*         0x00000000100007c2        0x2 
 .text.mcp2515_init
                0x00000000100007c4       0xf4 CMakeFiles/RP2040-CAN-Driver.dir/main.c.obj
                0x00000000100007c4                mcp2515_init
 .text.mcp2515_TrySendMessage
                0x00000000100008b8       0x50 CMakeFiles/RP2040-CAN-Driver.dir/main.c.obj
                0x00000000100008b8                mcp2515_TrySendMessage
 .text.mcp2515_sendMessageBlocking
                0x0000000010000908       0x18 CMakeFiles/RP2040-CAN-Driver.dir/main.c.obj
                0x0000000010000908                mcp2515_sendMessageBlocking
 .text.mcp2515_TryRecieveMessage
                0x0000000010000920       0x36 CMakeFiles/RP2040-CAN-Driver.dir/main.c.obj
                0x0000000010000920                mcp2515_TryRecieveMessage
 .text.mcp2515_recieveMessageBlocking
                0x0000000010000956       0x18 CMakeFiles/RP2040-CAN-Driver.dir/main.c.obj
                0x0000000010000956                mcp2515_recieveMessageBlocking
 *fill*         0x000000001000096e        0x2 
 .text.main     0x0000000010000970      0x220 CMakeFiles/RP2040-CAN-Driver.dir/main.c.obj
                0x0000000010000970                main
 .text.gpio_set_function
                0x0000000010000b90       0x30 CMakeFiles/RP2040-CAN-Driver.dir/usr/share/pico-sdk/src/rp2_common/hardware_gpio/gpio.c.obj
                0x0000000010000b90                gpio_set_function
 .text.gpio_init
                0x0000000010000bc0       0x16 CMakeFiles/RP2040-CAN-Driver.dir/usr/share/pico-sdk/src/rp2_common/hardware_gpio/gpio.c.obj
                0x0000000010000bc0                gpio_init
 *fill*         0x0000000010000bd6        0x2 
 .text.hw_claim_lock
                0x0000000010000bd8       0x18 CMakeFiles/RP2040-CAN-Driver.dir/usr/share/pico-sdk/src/rp2_common/hardware_claim/claim.c.obj
                0x0000000010000bd8                hw_claim_lock
 .text.hw_claim_unlock
                0x0000000010000bf0       0x14 CMakeFiles/RP2040-CAN-Driver.dir/usr/share/pico-sdk/src/rp2_common/hardware_claim/claim.c.obj
                0x0000000010000bf0                hw_claim_unlock
 .text.hw_claim_or_assert
                0x0000000010000c04       0x32 CMakeFiles/RP2040-CAN-Driver.dir/usr/share/pico-sdk/src/rp2_common/hardware_claim/claim.c.obj
                0x0000000010000c04                hw_claim_or_assert
 .text.hw_claim_unused_from_range
                0x0000000010000c36       0x50 CMakeFiles/RP2040-CAN-Driver.dir/usr/share/pico-sdk/src/rp2_common/hardware_claim/claim.c.obj
                0x0000000010000c36                hw_claim_unused_from_range
 *fill*         0x0000000010000c86        0x2 
 .text.running_on_fpga
                0x0000000010000c88       0x14 CMakeFiles/RP2040-CAN-Driver.dir/usr/share/pico-sdk/src/rp2_common/pico_platform/platform.c.obj
                0x0000000010000c88                running_on_fpga
 .text.spin_locks_reset
                0x0000000010000c9c       0x20 CMakeFiles/RP2040-CAN-Driver.dir/usr/share/pico-sdk/src/rp2_common/hardware_sync/sync.c.obj
                0x0000000010000c9c                spin_locks_reset
 .text.next_striped_spin_lock_num
                0x0000000010000cbc       0x1c CMakeFiles/RP2040-CAN-Driver.dir/usr/share/pico-sdk/src/rp2_common/hardware_sync/sync.c.obj
                0x0000000010000cbc                next_striped_spin_lock_num
 .text.spin_lock_claim_unused
                0x0000000010000cd8       0x24 CMakeFiles/RP2040-CAN-Driver.dir/usr/share/pico-sdk/src/rp2_common/hardware_sync/sync.c.obj
                0x0000000010000cd8                spin_lock_claim_unused
 .text.uart_set_baudrate
                0x0000000010000cfc       0x5c CMakeFiles/RP2040-CAN-Driver.dir/usr/share/pico-sdk/src/rp2_common/hardware_uart/uart.c.obj
                0x0000000010000cfc                uart_set_baudrate
 .text.uart_set_translate_crlf
                0x0000000010000d58       0x28 CMakeFiles/RP2040-CAN-Driver.dir/usr/share/pico-sdk/src/rp2_common/hardware_uart/uart.c.obj
                0x0000000010000d58                uart_set_translate_crlf
 .text.uart_init
                0x0000000010000d80       0x80 CMakeFiles/RP2040-CAN-Driver.dir/usr/share/pico-sdk/src/rp2_common/hardware_uart/uart.c.obj
                0x0000000010000d80                uart_init
 .text.alarm_pool_post_alloc_init
                0x0000000010000e00       0x40 CMakeFiles/RP2040-CAN-Driver.dir/usr/share/pico-sdk/src/common/pico_time/time.c.obj
 .text.sleep_until_callback
                0x0000000010000e40       0x30 CMakeFiles/RP2040-CAN-Driver.dir/usr/share/pico-sdk/src/common/pico_time/time.c.obj
 .text.timer_pool_entry_comparator
                0x0000000010000e70       0x78 CMakeFiles/RP2040-CAN-Driver.dir/usr/share/pico-sdk/src/common/pico_time/time.c.obj
                0x0000000010000e70                timer_pool_entry_comparator
 .text.ph_add_child_node
                0x0000000010000ee8       0xa0 CMakeFiles/RP2040-CAN-Driver.dir/usr/share/pico-sdk/src/common/pico_time/time.c.obj
 .text.ph_merge_nodes
                0x0000000010000f88       0x3e CMakeFiles/RP2040-CAN-Driver.dir/usr/share/pico-sdk/src/common/pico_time/time.c.obj
 *fill*         0x0000000010000fc6        0x2 
 .text.add_alarm_under_lock
                0x0000000010000fc8      0x16c CMakeFiles/RP2040-CAN-Driver.dir/usr/share/pico-sdk/src/common/pico_time/time.c.obj
 .text.alarm_pool_alarm_callback
                0x0000000010001134      0x328 CMakeFiles/RP2040-CAN-Driver.dir/usr/share/pico-sdk/src/common/pico_time/time.c.obj
 .text.alarm_pool_init_default
                0x000000001000145c       0x38 CMakeFiles/RP2040-CAN-Driver.dir/usr/share/pico-sdk/src/common/pico_time/time.c.obj
                0x000000001000145c                alarm_pool_init_default
 .text.alarm_pool_get_default
                0x0000000010001494       0x2c CMakeFiles/RP2040-CAN-Driver.dir/usr/share/pico-sdk/src/common/pico_time/time.c.obj
                0x0000000010001494                alarm_pool_get_default
 .text.alarm_pool_add_alarm_at
                0x00000000100014c0      0x178 CMakeFiles/RP2040-CAN-Driver.dir/usr/share/pico-sdk/src/common/pico_time/time.c.obj
                0x00000000100014c0                alarm_pool_add_alarm_at
 .text.alarm_pool_cancel_alarm
                0x0000000010001638       0xec CMakeFiles/RP2040-CAN-Driver.dir/usr/share/pico-sdk/src/common/pico_time/time.c.obj
                0x0000000010001638                alarm_pool_cancel_alarm
 .text.sleep_until
                0x0000000010001724       0xfc CMakeFiles/RP2040-CAN-Driver.dir/usr/share/pico-sdk/src/common/pico_time/time.c.obj
                0x0000000010001724                sleep_until
 .text.sleep_us
                0x0000000010001820       0x58 CMakeFiles/RP2040-CAN-Driver.dir/usr/share/pico-sdk/src/common/pico_time/time.c.obj
                0x0000000010001820                sleep_us
 .text.sleep_ms
                0x0000000010001878       0x14 CMakeFiles/RP2040-CAN-Driver.dir/usr/share/pico-sdk/src/common/pico_time/time.c.obj
                0x0000000010001878                sleep_ms
 .text.best_effort_wfe_or_timeout
                0x000000001000188c       0x80 CMakeFiles/RP2040-CAN-Driver.dir/usr/share/pico-sdk/src/common/pico_time/time.c.obj
                0x000000001000188c                best_effort_wfe_or_timeout
 .text.hardware_alarm_irq_handler
                0x000000001000190c       0x88 CMakeFiles/RP2040-CAN-Driver.dir/usr/share/pico-sdk/src/rp2_common/hardware_timer/timer.c.obj
 .text.hardware_alarm_claim
                0x0000000010001994       0x18 CMakeFiles/RP2040-CAN-Driver.dir/usr/share/pico-sdk/src/rp2_common/hardware_timer/timer.c.obj
                0x0000000010001994                hardware_alarm_claim
 .text.time_us_64
                0x00000000100019ac       0x18 CMakeFiles/RP2040-CAN-Driver.dir/usr/share/pico-sdk/src/rp2_common/hardware_timer/timer.c.obj
                0x00000000100019ac                time_us_64
 .text.busy_wait_until
                0x00000000100019c4       0x28 CMakeFiles/RP2040-CAN-Driver.dir/usr/share/pico-sdk/src/rp2_common/hardware_timer/timer.c.obj
                0x00000000100019c4                busy_wait_until
 .text.hardware_alarm_set_callback
                0x00000000100019ec       0x90 CMakeFiles/RP2040-CAN-Driver.dir/usr/share/pico-sdk/src/rp2_common/hardware_timer/timer.c.obj
                0x00000000100019ec                hardware_alarm_set_callback
 .text.hardware_alarm_set_target
                0x0000000010001a7c       0xe8 CMakeFiles/RP2040-CAN-Driver.dir/usr/share/pico-sdk/src/rp2_common/hardware_timer/timer.c.obj
                0x0000000010001a7c                hardware_alarm_set_target
 .text.hardware_alarm_cancel
                0x0000000010001b64       0x40 CMakeFiles/RP2040-CAN-Driver.dir/usr/share/pico-sdk/src/rp2_common/hardware_timer/timer.c.obj
                0x0000000010001b64                hardware_alarm_cancel
 .text.lock_init
                0x0000000010001ba4       0x10 CMakeFiles/RP2040-CAN-Driver.dir/usr/share/pico-sdk/src/common/pico_sync/lock_core.c.obj
                0x0000000010001ba4                lock_init
 .text.mutex_init
                0x0000000010001bb4       0x1a CMakeFiles/RP2040-CAN-Driver.dir/usr/share/pico-sdk/src/common/pico_sync/mutex.c.obj
                0x0000000010001bb4                mutex_init
 .text.recursive_mutex_init
                0x0000000010001bce       0x1e CMakeFiles/RP2040-CAN-Driver.dir/usr/share/pico-sdk/src/common/pico_sync/mutex.c.obj
                0x0000000010001bce                recursive_mutex_init
 .text.critical_section_init_with_lock_num
                0x0000000010001bec       0x14 CMakeFiles/RP2040-CAN-Driver.dir/usr/share/pico-sdk/src/common/pico_sync/critical_section.c.obj
                0x0000000010001bec                critical_section_init_with_lock_num
 .text.critical_section_init
                0x0000000010001c00       0x14 CMakeFiles/RP2040-CAN-Driver.dir/usr/share/pico-sdk/src/common/pico_sync/critical_section.c.obj
                0x0000000010001c00                critical_section_init
 .text.ph_add_child_node
                0x0000000010001c14       0xa0 CMakeFiles/RP2040-CAN-Driver.dir/usr/share/pico-sdk/src/common/pico_util/pheap.c.obj
 .text.ph_merge_nodes
                0x0000000010001cb4       0x3e CMakeFiles/RP2040-CAN-Driver.dir/usr/share/pico-sdk/src/common/pico_util/pheap.c.obj
 *fill*         0x0000000010001cf2        0x2 
 .text.ph_clear
                0x0000000010001cf4       0x70 CMakeFiles/RP2040-CAN-Driver.dir/usr/share/pico-sdk/src/common/pico_util/pheap.c.obj
                0x0000000010001cf4                ph_clear
 .text.ph_post_alloc_init
                0x0000000010001d64        0xe CMakeFiles/RP2040-CAN-Driver.dir/usr/share/pico-sdk/src/common/pico_util/pheap.c.obj
                0x0000000010001d64                ph_post_alloc_init
 *fill*         0x0000000010001d72        0x2 
 .text.ph_merge_two_pass
                0x0000000010001d74       0xa4 CMakeFiles/RP2040-CAN-Driver.dir/usr/share/pico-sdk/src/common/pico_util/pheap.c.obj
                0x0000000010001d74                ph_merge_two_pass
 .text.ph_remove_any_head
                0x0000000010001e18      0x104 CMakeFiles/RP2040-CAN-Driver.dir/usr/share/pico-sdk/src/common/pico_util/pheap.c.obj
 .text.ph_remove_head
                0x0000000010001f1c       0x14 CMakeFiles/RP2040-CAN-Driver.dir/usr/share/pico-sdk/src/common/pico_util/pheap.c.obj
                0x0000000010001f1c                ph_remove_head
 .text.ph_remove_and_free_node
                0x0000000010001f30       0xf8 CMakeFiles/RP2040-CAN-Driver.dir/usr/share/pico-sdk/src/common/pico_util/pheap.c.obj
                0x0000000010001f30                ph_remove_and_free_node
 .text._exit    0x0000000010002028        0x4 CMakeFiles/RP2040-CAN-Driver.dir/usr/share/pico-sdk/src/rp2_common/pico_runtime/runtime.c.obj
                0x0000000010002028                _exit
 .text.exit     0x000000001000202c        0x6 CMakeFiles/RP2040-CAN-Driver.dir/usr/share/pico-sdk/src/rp2_common/pico_runtime/runtime.c.obj
                0x000000001000202c                exit
 *fill*         0x0000000010002032        0x2 
 .text.__assert_func
                0x0000000010002034       0x3c CMakeFiles/RP2040-CAN-Driver.dir/usr/share/pico-sdk/src/rp2_common/pico_runtime/runtime.c.obj
                0x0000000010002034                __assert_func
 .text.runtime_init
                0x0000000010002070       0xf8 CMakeFiles/RP2040-CAN-Driver.dir/usr/share/pico-sdk/src/rp2_common/pico_runtime/runtime.c.obj
                0x0000000010002070                runtime_init
 .text.panic    0x0000000010002168       0x30 CMakeFiles/RP2040-CAN-Driver.dir/usr/share/pico-sdk/src/rp2_common/pico_runtime/runtime.c.obj
                0x0000000010002168                panic
 .text.clock_configure
                0x0000000010002198      0x104 CMakeFiles/RP2040-CAN-Driver.dir/usr/share/pico-sdk/src/rp2_common/hardware_clocks/clocks.c.obj
                0x0000000010002198                clock_configure
 .text.clocks_init
                0x000000001000229c      0x100 CMakeFiles/RP2040-CAN-Driver.dir/usr/share/pico-sdk/src/rp2_common/hardware_clocks/clocks.c.obj
                0x000000001000229c                clocks_init
 .text.clock_get_hz
                0x000000001000239c        0xc CMakeFiles/RP2040-CAN-Driver.dir/usr/share/pico-sdk/src/rp2_common/hardware_clocks/clocks.c.obj
                0x000000001000239c                clock_get_hz
 .text.set_raw_irq_handler_and_unlock
                0x00000000100023a8       0x28 CMakeFiles/RP2040-CAN-Driver.dir/usr/share/pico-sdk/src/rp2_common/hardware_irq/irq.c.obj
 .text.make_branch
                0x00000000100023d0       0x34 CMakeFiles/RP2040-CAN-Driver.dir/usr/share/pico-sdk/src/rp2_common/hardware_irq/irq.c.obj
 .text.insert_branch_and_link
                0x0000000010002404       0x40 CMakeFiles/RP2040-CAN-Driver.dir/usr/share/pico-sdk/src/rp2_common/hardware_irq/irq.c.obj
 .text.irq_is_enabled
                0x0000000010002444       0x18 CMakeFiles/RP2040-CAN-Driver.dir/usr/share/pico-sdk/src/rp2_common/hardware_irq/irq.c.obj
                0x0000000010002444                irq_is_enabled
 .text.irq_set_mask_enabled
                0x000000001000245c       0x20 CMakeFiles/RP2040-CAN-Driver.dir/usr/share/pico-sdk/src/rp2_common/hardware_irq/irq.c.obj
                0x000000001000245c                irq_set_mask_enabled
 .text.irq_set_enabled
                0x000000001000247c        0xe CMakeFiles/RP2040-CAN-Driver.dir/usr/share/pico-sdk/src/rp2_common/hardware_irq/irq.c.obj
                0x000000001000247c                irq_set_enabled
 *fill*         0x000000001000248a        0x2 
 .text.irq_set_pending
                0x000000001000248c       0x10 CMakeFiles/RP2040-CAN-Driver.dir/usr/share/pico-sdk/src/rp2_common/hardware_irq/irq.c.obj
                0x000000001000248c                irq_set_pending
 .text.irq_get_vtable_handler
                0x000000001000249c       0x10 CMakeFiles/RP2040-CAN-Driver.dir/usr/share/pico-sdk/src/rp2_common/hardware_irq/irq.c.obj
                0x000000001000249c                irq_get_vtable_handler
 .text.irq_set_exclusive_handler
                0x00000000100024ac       0x54 CMakeFiles/RP2040-CAN-Driver.dir/usr/share/pico-sdk/src/rp2_common/hardware_irq/irq.c.obj
                0x00000000100024ac                irq_set_exclusive_handler
 .text.irq_remove_handler
                0x0000000010002500      0x1ac CMakeFiles/RP2040-CAN-Driver.dir/usr/share/pico-sdk/src/rp2_common/hardware_irq/irq.c.obj
                0x0000000010002500                irq_remove_handler
 .text.irq_add_tail_to_free_list
                0x00000000100026ac       0xf0 CMakeFiles/RP2040-CAN-Driver.dir/usr/share/pico-sdk/src/rp2_common/hardware_irq/irq.c.obj
                0x00000000100026ac                irq_add_tail_to_free_list
 .text.irq_init_priorities
                0x000000001000279c       0x1c CMakeFiles/RP2040-CAN-Driver.dir/usr/share/pico-sdk/src/rp2_common/hardware_irq/irq.c.obj
                0x000000001000279c                irq_init_priorities
 .text.pll_init
                0x00000000100027b8      0x118 CMakeFiles/RP2040-CAN-Driver.dir/usr/share/pico-sdk/src/rp2_common/hardware_pll/pll.c.obj
                0x00000000100027b8                pll_init
 .text.watchdog_start_tick
                0x00000000100028d0       0x10 CMakeFiles/RP2040-CAN-Driver.dir/usr/share/pico-sdk/src/rp2_common/hardware_watchdog/watchdog.c.obj
                0x00000000100028d0                watchdog_start_tick
 .text.watchdog_update
                0x00000000100028e0       0x14 CMakeFiles/RP2040-CAN-Driver.dir/usr/share/pico-sdk/src/rp2_common/hardware_watchdog/watchdog.c.obj
                0x00000000100028e0                watchdog_update
 .text._watchdog_enable
                0x00000000100028f4       0x78 CMakeFiles/RP2040-CAN-Driver.dir/usr/share/pico-sdk/src/rp2_common/hardware_watchdog/watchdog.c.obj
                0x00000000100028f4                _watchdog_enable
 .text.watchdog_reboot
                0x000000001000296c       0x48 CMakeFiles/RP2040-CAN-Driver.dir/usr/share/pico-sdk/src/rp2_common/hardware_watchdog/watchdog.c.obj
                0x000000001000296c                watchdog_reboot
 .text.xosc_init
                0x00000000100029b4       0x28 CMakeFiles/RP2040-CAN-Driver.dir/usr/share/pico-sdk/src/rp2_common/hardware_xosc/xosc.c.obj
                0x00000000100029b4                xosc_init
 .text._out_null
                0x00000000100029dc        0x2 CMakeFiles/RP2040-CAN-Driver.dir/usr/share/pico-sdk/src/rp2_common/pico_printf/printf.c.obj
 .text._out_fct
                0x00000000100029de        0xe CMakeFiles/RP2040-CAN-Driver.dir/usr/share/pico-sdk/src/rp2_common/pico_printf/printf.c.obj
 .text._atoi    0x00000000100029ec       0x24 CMakeFiles/RP2040-CAN-Driver.dir/usr/share/pico-sdk/src/rp2_common/pico_printf/printf.c.obj
 .text._out_rev
                0x0000000010002a10       0xae CMakeFiles/RP2040-CAN-Driver.dir/usr/share/pico-sdk/src/rp2_common/pico_printf/printf.c.obj
 .text._ntoa_format
                0x0000000010002abe      0x112 CMakeFiles/RP2040-CAN-Driver.dir/usr/share/pico-sdk/src/rp2_common/pico_printf/printf.c.obj
 .text._ntoa_long
                0x0000000010002bd0       0xbc CMakeFiles/RP2040-CAN-Driver.dir/usr/share/pico-sdk/src/rp2_common/pico_printf/printf.c.obj
 .text._ntoa_long_long
                0x0000000010002c8c       0xe2 CMakeFiles/RP2040-CAN-Driver.dir/usr/share/pico-sdk/src/rp2_common/pico_printf/printf.c.obj
 *fill*         0x0000000010002d6e        0x2 
 .text._etoa    0x0000000010002d70      0x414 CMakeFiles/RP2040-CAN-Driver.dir/usr/share/pico-sdk/src/rp2_common/pico_printf/printf.c.obj
 .text._ftoa    0x0000000010003184      0x354 CMakeFiles/RP2040-CAN-Driver.dir/usr/share/pico-sdk/src/rp2_common/pico_printf/printf.c.obj
 .text._vsnprintf
                0x00000000100034d8      0x650 CMakeFiles/RP2040-CAN-Driver.dir/usr/share/pico-sdk/src/rp2_common/pico_printf/printf.c.obj
 .text.vfctprintf
                0x0000000010003b28       0x20 CMakeFiles/RP2040-CAN-Driver.dir/usr/share/pico-sdk/src/rp2_common/pico_printf/printf.c.obj
                0x0000000010003b28                vfctprintf
 .text          0x0000000010003b48       0x10 CMakeFiles/RP2040-CAN-Driver.dir/usr/share/pico-sdk/src/rp2_common/pico_bit_ops/bit_ops_aeabi.S.obj
 .text.rom_func_lookup
                0x0000000010003b58       0x10 CMakeFiles/RP2040-CAN-Driver.dir/usr/share/pico-sdk/src/rp2_common/pico_bootrom/bootrom.c.obj
                0x0000000010003b58                rom_func_lookup
 .text.rom_data_lookup
                0x0000000010003b68       0x10 CMakeFiles/RP2040-CAN-Driver.dir/usr/share/pico-sdk/src/rp2_common/pico_bootrom/bootrom.c.obj
                0x0000000010003b68                rom_data_lookup
 .text.rom_funcs_lookup
                0x0000000010003b78       0x36 CMakeFiles/RP2040-CAN-Driver.dir/usr/share/pico-sdk/src/rp2_common/pico_bootrom/bootrom.c.obj
                0x0000000010003b78                rom_funcs_lookup
 *fill*         0x0000000010003bae        0x2 
 .text.__wrap___aeabi_idiv
                0x0000000010003bb0       0x50 CMakeFiles/RP2040-CAN-Driver.dir/usr/share/pico-sdk/src/rp2_common/pico_divider/divider.S.obj
                0x0000000010003bb0                __wrap___aeabi_idivmod
                0x0000000010003bb0                divmod_s32s32
                0x0000000010003bb0                div_s32s32
                0x0000000010003bb0                __wrap___aeabi_idiv
                0x0000000010003bb8                divmod_s32s32_unsafe
                0x0000000010003be4                divmod_s32s32_savestate
 .text.__wrap___aeabi_uidiv
                0x0000000010003c00       0x4c CMakeFiles/RP2040-CAN-Driver.dir/usr/share/pico-sdk/src/rp2_common/pico_divider/divider.S.obj
                0x0000000010003c00                __wrap___aeabi_uidiv
                0x0000000010003c00                __wrap___aeabi_uidivmod
                0x0000000010003c00                div_u32u32
                0x0000000010003c00                divmod_u32u32
                0x0000000010003c08                divmod_u32u32_unsafe
                0x0000000010003c30                divmod_u32u32_savestate
 .text.__wrap___aeabi_ldiv
                0x0000000010003c4c      0x434 CMakeFiles/RP2040-CAN-Driver.dir/usr/share/pico-sdk/src/rp2_common/pico_divider/divider.S.obj
                0x0000000010003c4c                div_s64s64
                0x0000000010003c4c                divmod_s64s64
                0x0000000010003c4c                __wrap___aeabi_ldivmod
                0x0000000010003c84                div_u64u64
                0x0000000010003c84                divmod_u64u64
                0x0000000010003c84                __wrap___aeabi_uldivmod
                0x0000000010003c94                divmod_u64u64_savestate
                0x0000000010003cbc                divmod_s64s64_unsafe
                0x0000000010003d44                divmod_u64u64_unsafe
 .text.__wrap___aeabi_darithmetic
                0x0000000010004080       0x80 CMakeFiles/RP2040-CAN-Driver.dir/usr/share/pico-sdk/src/rp2_common/pico_double/double_aeabi.S.obj
                0x0000000010004080                __wrap___aeabi_drsub
                0x0000000010004086                __wrap___aeabi_dsub
                0x0000000010004098                __wrap___aeabi_dadd
                0x00000000100040aa                __wrap___aeabi_ddiv
                0x00000000100040e6                __wrap___aeabi_dmul
 .text.__wrap___aeabi_cdcmple
                0x0000000010004100       0x6c CMakeFiles/RP2040-CAN-Driver.dir/usr/share/pico-sdk/src/rp2_common/pico_double/double_aeabi.S.obj
                0x0000000010004100                __wrap___aeabi_cdrcmple
                0x0000000010004110                __wrap___aeabi_cdcmple
                0x0000000010004110                __wrap___aeabi_cdcmpeq
 .text.__wrap___aeabi_dcmplt
                0x000000001000416c        0xc CMakeFiles/RP2040-CAN-Driver.dir/usr/share/pico-sdk/src/rp2_common/pico_double/double_aeabi.S.obj
                0x000000001000416c                __wrap___aeabi_dcmplt
 .text.__wrap___aeabi_dcmple
                0x0000000010004178       0x10 CMakeFiles/RP2040-CAN-Driver.dir/usr/share/pico-sdk/src/rp2_common/pico_double/double_aeabi.S.obj
                0x0000000010004178                __wrap___aeabi_dcmple
 .text.__wrap___aeabi_dcmpge
                0x0000000010004188       0x10 CMakeFiles/RP2040-CAN-Driver.dir/usr/share/pico-sdk/src/rp2_common/pico_double/double_aeabi.S.obj
                0x0000000010004188                __wrap___aeabi_dcmpge
 .text.__wrap___aeabi_dcmpgt
                0x0000000010004198        0xa CMakeFiles/RP2040-CAN-Driver.dir/usr/share/pico-sdk/src/rp2_common/pico_double/double_aeabi.S.obj
                0x0000000010004198                __wrap___aeabi_dcmpgt
 .text.__wrap___aeabi_dcmpun
                0x00000000100041a2       0x1c CMakeFiles/RP2040-CAN-Driver.dir/usr/share/pico-sdk/src/rp2_common/pico_double/double_aeabi.S.obj
                0x00000000100041a2                __wrap___aeabi_dcmpun
 *fill*         0x00000000100041be        0x2 
 .text.__wrap___aeabi_i2d
                0x00000000100041c0       0x38 CMakeFiles/RP2040-CAN-Driver.dir/usr/share/pico-sdk/src/rp2_common/pico_double/double_aeabi.S.obj
                0x00000000100041c0                __wrap___aeabi_ui2d
                0x00000000100041c8                __wrap___aeabi_i2d
 .text.__wrap___aeabi_d2iz
                0x00000000100041f8       0x48 CMakeFiles/RP2040-CAN-Driver.dir/usr/share/pico-sdk/src/rp2_common/pico_double/double_aeabi.S.obj
                0x00000000100041f8                __wrap___aeabi_d2iz
                0x00000000100041f8                double2int_z
 .text.__wrap___aeabi_d2uiz
                0x0000000010004240       0x18 CMakeFiles/RP2040-CAN-Driver.dir/usr/share/pico-sdk/src/rp2_common/pico_double/double_aeabi.S.obj
                0x0000000010004240                double2uint
                0x0000000010004240                __wrap___aeabi_d2uiz
 .text.__aeabi_double_init
                0x0000000010004258       0xc8 CMakeFiles/RP2040-CAN-Driver.dir/usr/share/pico-sdk/src/rp2_common/pico_double/double_init_rom.c.obj
                0x0000000010004258                __aeabi_double_init
 .text.double_table_shim_on_use_helper
                0x0000000010004320       0x34 CMakeFiles/RP2040-CAN-Driver.dir/usr/share/pico-sdk/src/rp2_common/pico_double/double_v1_rom_shim.S.obj
                0x0000000010004320                double_table_shim_on_use_helper
 .text.__wrap___aeabi_dsub
                0x0000000010004354       0x10 CMakeFiles/RP2040-CAN-Driver.dir/usr/share/pico-sdk/src/rp2_common/pico_double/double_v1_rom_shim.S.obj
                0x0000000010004354                drsub_shim
                0x000000001000435a                dsub_shim
 .text.dadd_shim
                0x0000000010004364      0x15c CMakeFiles/RP2040-CAN-Driver.dir/usr/share/pico-sdk/src/rp2_common/pico_double/double_v1_rom_shim.S.obj
                0x0000000010004364                dadd_shim
 .text.dmul_shim
                0x00000000100044c0      0x15c CMakeFiles/RP2040-CAN-Driver.dir/usr/share/pico-sdk/src/rp2_common/pico_double/double_v1_rom_shim.S.obj
                0x00000000100044c0                dmul_shim
 .text.ddiv_shim
                0x000000001000461c      0x1b0 CMakeFiles/RP2040-CAN-Driver.dir/usr/share/pico-sdk/src/rp2_common/pico_double/double_v1_rom_shim.S.obj
                0x000000001000461c                ddiv_shim
 .text.double2uint_shim
                0x00000000100047cc        0xe CMakeFiles/RP2040-CAN-Driver.dir/usr/share/pico-sdk/src/rp2_common/pico_double/double_v1_rom_shim.S.obj
                0x00000000100047cc                double2uint_shim
                0x00000000100047ce                double2ufix_shim
 *fill*         0x00000000100047da        0x2 
 .text.double2uint64_shim
                0x00000000100047dc       0x70 CMakeFiles/RP2040-CAN-Driver.dir/usr/share/pico-sdk/src/rp2_common/pico_double/double_v1_rom_shim.S.obj
                0x00000000100047dc                double2uint64_shim
                0x00000000100047de                double2ufix64_shim
                0x00000000100047fe                d2fix_a
 .text.dunpacks
                0x000000001000484c       0x3c CMakeFiles/RP2040-CAN-Driver.dir/usr/share/pico-sdk/src/rp2_common/pico_double/double_v1_rom_shim.S.obj
                0x000000001000484c                dunpacks
 .text.__aeabi_lmul
                0x0000000010004888       0x32 CMakeFiles/RP2040-CAN-Driver.dir/usr/share/pico-sdk/src/rp2_common/pico_int64_ops/pico_int64_ops_aeabi.S.obj
                0x0000000010004888                __wrap___aeabi_lmul
 *fill*         0x00000000100048ba        0x2 
 .text.__aeabi_float_init
                0x00000000100048bc       0xfc CMakeFiles/RP2040-CAN-Driver.dir/usr/share/pico-sdk/src/rp2_common/pico_float/float_init_rom.c.obj
                0x00000000100048bc                __aeabi_float_init
 .text.float_table_shim_on_use_helper
                0x00000000100049b8       0x34 CMakeFiles/RP2040-CAN-Driver.dir/usr/share/pico-sdk/src/rp2_common/pico_float/float_v1_rom_shim.S.obj
                0x00000000100049b8                float_table_shim_on_use_helper
 .text          0x00000000100049ec       0x10 CMakeFiles/RP2040-CAN-Driver.dir/usr/share/pico-sdk/src/rp2_common/pico_mem_ops/mem_ops_aeabi.S.obj
                0x00000000100049ec                __aeabi_mem_init
 .text.memset   0x00000000100049fc        0xc CMakeFiles/RP2040-CAN-Driver.dir/usr/share/pico-sdk/src/rp2_common/pico_mem_ops/mem_ops_aeabi.S.obj
                0x00000000100049fc                __wrap_memset
 .text.memcpy   0x0000000010004a08        0xc CMakeFiles/RP2040-CAN-Driver.dir/usr/share/pico-sdk/src/rp2_common/pico_mem_ops/mem_ops_aeabi.S.obj
                0x0000000010004a08                __wrap___aeabi_memcpy
                0x0000000010004a08                __wrap_memcpy
 .text.stdio_out_chars_no_crlf
                0x0000000010004a14        0xe CMakeFiles/RP2040-CAN-Driver.dir/usr/share/pico-sdk/src/rp2_common/pico_stdio/stdio.c.obj
 *fill*         0x0000000010004a22        0x2 
 .text.stdio_out_chars_crlf
                0x0000000010004a24       0x80 CMakeFiles/RP2040-CAN-Driver.dir/usr/share/pico-sdk/src/rp2_common/pico_stdio/stdio.c.obj
 .text.stdio_stack_buffer_flush
                0x0000000010004aa4       0x44 CMakeFiles/RP2040-CAN-Driver.dir/usr/share/pico-sdk/src/rp2_common/pico_stdio/stdio.c.obj
 .text.stdio_buffered_printer
                0x0000000010004ae8       0x20 CMakeFiles/RP2040-CAN-Driver.dir/usr/share/pico-sdk/src/rp2_common/pico_stdio/stdio.c.obj
 .text.stdout_serialize_begin
                0x0000000010004b08       0x30 CMakeFiles/RP2040-CAN-Driver.dir/usr/share/pico-sdk/src/rp2_common/pico_stdio/stdio.c.obj
                0x0000000010004b08                stdout_serialize_begin
 .text.stdout_serialize_end
                0x0000000010004b38       0x10 CMakeFiles/RP2040-CAN-Driver.dir/usr/share/pico-sdk/src/rp2_common/pico_stdio/stdio.c.obj
                0x0000000010004b38                stdout_serialize_end
 .text.stdio_put_string
                0x0000000010004b48       0x98 CMakeFiles/RP2040-CAN-Driver.dir/usr/share/pico-sdk/src/rp2_common/pico_stdio/stdio.c.obj
 .text.stdio_set_driver_enabled
                0x0000000010004be0       0x38 CMakeFiles/RP2040-CAN-Driver.dir/usr/share/pico-sdk/src/rp2_common/pico_stdio/stdio.c.obj
                0x0000000010004be0                stdio_set_driver_enabled
 .text.stdio_flush
                0x0000000010004c18       0x20 CMakeFiles/RP2040-CAN-Driver.dir/usr/share/pico-sdk/src/rp2_common/pico_stdio/stdio.c.obj
                0x0000000010004c18                stdio_flush
 .text.__wrap_puts
                0x0000000010004c38       0x1e CMakeFiles/RP2040-CAN-Driver.dir/usr/share/pico-sdk/src/rp2_common/pico_stdio/stdio.c.obj
                0x0000000010004c38                __wrap_puts
 *fill*         0x0000000010004c56        0x2 
 .text.__wrap_vprintf
                0x0000000010004c58       0x44 CMakeFiles/RP2040-CAN-Driver.dir/usr/share/pico-sdk/src/rp2_common/pico_stdio/stdio.c.obj
                0x0000000010004c58                __wrap_vprintf
 .text.__wrap_printf
                0x0000000010004c9c       0x18 CMakeFiles/RP2040-CAN-Driver.dir/usr/share/pico-sdk/src/rp2_common/pico_stdio/stdio.c.obj
                0x0000000010004c9c                __wrap_printf
 .text.stdio_init_all
                0x0000000010004cb4        0xc CMakeFiles/RP2040-CAN-Driver.dir/usr/share/pico-sdk/src/rp2_common/pico_stdio/stdio.c.obj
                0x0000000010004cb4                stdio_init_all
 .text.stdio_uart_out_chars
                0x0000000010004cc0       0x74 CMakeFiles/RP2040-CAN-Driver.dir/usr/share/pico-sdk/src/rp2_common/pico_stdio_uart/stdio_uart.c.obj
 .text.stdio_uart_in_chars
                0x0000000010004d34       0x58 CMakeFiles/RP2040-CAN-Driver.dir/usr/share/pico-sdk/src/rp2_common/pico_stdio_uart/stdio_uart.c.obj
                0x0000000010004d34                stdio_uart_in_chars
 .text.stdio_uart_init_full
                0x0000000010004d8c       0x3c CMakeFiles/RP2040-CAN-Driver.dir/usr/share/pico-sdk/src/rp2_common/pico_stdio_uart/stdio_uart.c.obj
                0x0000000010004d8c                stdio_uart_init_full
 .text.stdio_uart_init
                0x0000000010004dc8       0x28 CMakeFiles/RP2040-CAN-Driver.dir/usr/share/pico-sdk/src/rp2_common/pico_stdio_uart/stdio_uart.c.obj
                0x0000000010004dc8                stdio_uart_init
 .text.resetd_init
                0x0000000010004df0        0x2 CMakeFiles/RP2040-CAN-Driver.dir/usr/share/pico-sdk/src/rp2_common/pico_stdio_usb/reset_interface.c.obj
 *fill*         0x0000000010004df2        0x2 
 .text.resetd_reset
                0x0000000010004df4        0xc CMakeFiles/RP2040-CAN-Driver.dir/usr/share/pico-sdk/src/rp2_common/pico_stdio_usb/reset_interface.c.obj
 .text.resetd_open
                0x0000000010004e00       0x34 CMakeFiles/RP2040-CAN-Driver.dir/usr/share/pico-sdk/src/rp2_common/pico_stdio_usb/reset_interface.c.obj
 .text.resetd_xfer_cb
                0x0000000010004e34        0x4 CMakeFiles/RP2040-CAN-Driver.dir/usr/share/pico-sdk/src/rp2_common/pico_stdio_usb/reset_interface.c.obj
 .text.reset_usb_boot
                0x0000000010004e38       0x18 CMakeFiles/RP2040-CAN-Driver.dir/usr/share/pico-sdk/src/rp2_common/pico_stdio_usb/reset_interface.c.obj
 .text.resetd_control_xfer_cb
                0x0000000010004e50       0x5c CMakeFiles/RP2040-CAN-Driver.dir/usr/share/pico-sdk/src/rp2_common/pico_stdio_usb/reset_interface.c.obj
 .text.usbd_app_driver_get_cb
                0x0000000010004eac        0xc CMakeFiles/RP2040-CAN-Driver.dir/usr/share/pico-sdk/src/rp2_common/pico_stdio_usb/reset_interface.c.obj
                0x0000000010004eac                usbd_app_driver_get_cb
 .text.tud_cdc_line_coding_cb
                0x0000000010004eb8       0x28 CMakeFiles/RP2040-CAN-Driver.dir/usr/share/pico-sdk/src/rp2_common/pico_stdio_usb/reset_interface.c.obj
                0x0000000010004eb8                tud_cdc_line_coding_cb
 .text.stdio_usb_in_chars
                0x0000000010004ee0       0x70 CMakeFiles/RP2040-CAN-Driver.dir/usr/share/pico-sdk/src/rp2_common/pico_stdio_usb/stdio_usb.c.obj
                0x0000000010004ee0                stdio_usb_in_chars
 .text.low_priority_worker_irq
                0x0000000010004f50       0x20 CMakeFiles/RP2040-CAN-Driver.dir/usr/share/pico-sdk/src/rp2_common/pico_stdio_usb/stdio_usb.c.obj
 .text.stdio_usb_out_chars
                0x0000000010004f70       0xd4 CMakeFiles/RP2040-CAN-Driver.dir/usr/share/pico-sdk/src/rp2_common/pico_stdio_usb/stdio_usb.c.obj
 .text.timer_task
                0x0000000010005044       0x10 CMakeFiles/RP2040-CAN-Driver.dir/usr/share/pico-sdk/src/rp2_common/pico_stdio_usb/stdio_usb.c.obj
 .text.stdio_usb_init
                0x0000000010005054       0xb8 CMakeFiles/RP2040-CAN-Driver.dir/usr/share/pico-sdk/src/rp2_common/pico_stdio_usb/stdio_usb.c.obj
                0x0000000010005054                stdio_usb_init
 .text.tud_descriptor_device_cb
                0x000000001000510c        0x8 CMakeFiles/RP2040-CAN-Driver.dir/usr/share/pico-sdk/src/rp2_common/pico_stdio_usb/stdio_usb_descriptors.c.obj
                0x000000001000510c                tud_descriptor_device_cb
 .text.tud_descriptor_configuration_cb
                0x0000000010005114        0x8 CMakeFiles/RP2040-CAN-Driver.dir/usr/share/pico-sdk/src/rp2_common/pico_stdio_usb/stdio_usb_descriptors.c.obj
                0x0000000010005114                tud_descriptor_configuration_cb
 .text.tud_descriptor_string_cb
                0x000000001000511c       0x6c CMakeFiles/RP2040-CAN-Driver.dir/usr/share/pico-sdk/src/rp2_common/pico_stdio_usb/stdio_usb_descriptors.c.obj
                0x000000001000511c                tud_descriptor_string_cb
 .text.hw_endpoint_get_by_addr
                0x0000000010005188       0x18 CMakeFiles/RP2040-CAN-Driver.dir/usr/share/pico-sdk/lib/tinyusb/src/portable/raspberrypi/rp2040/dcd_rp2040.c.obj
 .text.reset_ep0_pid
                0x00000000100051a0       0x28 CMakeFiles/RP2040-CAN-Driver.dir/usr/share/pico-sdk/lib/tinyusb/src/portable/raspberrypi/rp2040/dcd_rp2040.c.obj
 .text._hw_endpoint_alloc
                0x00000000100051c8       0x70 CMakeFiles/RP2040-CAN-Driver.dir/usr/share/pico-sdk/lib/tinyusb/src/portable/raspberrypi/rp2040/dcd_rp2040.c.obj
 .text.hw_endpoint_init
                0x0000000010005238       0x88 CMakeFiles/RP2040-CAN-Driver.dir/usr/share/pico-sdk/lib/tinyusb/src/portable/raspberrypi/rp2040/dcd_rp2040.c.obj
 .text.reset_non_control_endpoints
                0x00000000100052c0       0x40 CMakeFiles/RP2040-CAN-Driver.dir/usr/share/pico-sdk/lib/tinyusb/src/portable/raspberrypi/rp2040/dcd_rp2040.c.obj
 .text.hw_handle_buff_status
                0x0000000010005300       0x8c CMakeFiles/RP2040-CAN-Driver.dir/usr/share/pico-sdk/lib/tinyusb/src/portable/raspberrypi/rp2040/dcd_rp2040.c.obj
 .text.dcd_rp2040_irq
                0x000000001000538c       0xc0 CMakeFiles/RP2040-CAN-Driver.dir/usr/share/pico-sdk/lib/tinyusb/src/portable/raspberrypi/rp2040/dcd_rp2040.c.obj
 .text.hw_endpoint_xfer
                0x000000001000544c       0x14 CMakeFiles/RP2040-CAN-Driver.dir/usr/share/pico-sdk/lib/tinyusb/src/portable/raspberrypi/rp2040/dcd_rp2040.c.obj
 .text.dcd_int_enable
                0x0000000010005460       0x2c CMakeFiles/RP2040-CAN-Driver.dir/usr/share/pico-sdk/lib/tinyusb/src/portable/raspberrypi/rp2040/dcd_rp2040.c.obj
                0x0000000010005460                dcd_int_enable
 .text.dcd_set_address
                0x000000001000548c       0x2c CMakeFiles/RP2040-CAN-Driver.dir/usr/share/pico-sdk/lib/tinyusb/src/portable/raspberrypi/rp2040/dcd_rp2040.c.obj
                0x000000001000548c                dcd_set_address
 .text.dcd_connect
                0x00000000100054b8       0x10 CMakeFiles/RP2040-CAN-Driver.dir/usr/share/pico-sdk/lib/tinyusb/src/portable/raspberrypi/rp2040/dcd_rp2040.c.obj
                0x00000000100054b8                dcd_connect
 .text.dcd_init
                0x00000000100054c8       0x7c CMakeFiles/RP2040-CAN-Driver.dir/usr/share/pico-sdk/lib/tinyusb/src/portable/raspberrypi/rp2040/dcd_rp2040.c.obj
                0x00000000100054c8                dcd_init
 .text.dcd_edpt0_status_complete
                0x0000000010005544       0x1c CMakeFiles/RP2040-CAN-Driver.dir/usr/share/pico-sdk/lib/tinyusb/src/portable/raspberrypi/rp2040/dcd_rp2040.c.obj
                0x0000000010005544                dcd_edpt0_status_complete
 .text.dcd_edpt_open
                0x0000000010005560       0x40 CMakeFiles/RP2040-CAN-Driver.dir/usr/share/pico-sdk/lib/tinyusb/src/portable/raspberrypi/rp2040/dcd_rp2040.c.obj
                0x0000000010005560                dcd_edpt_open
 .text.dcd_edpt_close_all
                0x00000000100055a0        0x8 CMakeFiles/RP2040-CAN-Driver.dir/usr/share/pico-sdk/lib/tinyusb/src/portable/raspberrypi/rp2040/dcd_rp2040.c.obj
                0x00000000100055a0                dcd_edpt_close_all
 .text.dcd_edpt_xfer
                0x00000000100055a8       0x30 CMakeFiles/RP2040-CAN-Driver.dir/usr/share/pico-sdk/lib/tinyusb/src/portable/raspberrypi/rp2040/dcd_rp2040.c.obj
                0x00000000100055a8                dcd_edpt_xfer
 .text.dcd_edpt_stall
                0x00000000100055d8       0x2c CMakeFiles/RP2040-CAN-Driver.dir/usr/share/pico-sdk/lib/tinyusb/src/portable/raspberrypi/rp2040/dcd_rp2040.c.obj
                0x00000000100055d8                dcd_edpt_stall
 .text.dcd_edpt_clear_stall
                0x0000000010005604       0x20 CMakeFiles/RP2040-CAN-Driver.dir/usr/share/pico-sdk/lib/tinyusb/src/portable/raspberrypi/rp2040/dcd_rp2040.c.obj
                0x0000000010005604                dcd_edpt_clear_stall
 .text.prepare_ep_buffer
                0x0000000010005624       0x6c CMakeFiles/RP2040-CAN-Driver.dir/usr/share/pico-sdk/lib/tinyusb/src/portable/raspberrypi/rp2040/rp2040_usb.c.obj
 .text.sync_ep_buffer
                0x0000000010005690       0x78 CMakeFiles/RP2040-CAN-Driver.dir/usr/share/pico-sdk/lib/tinyusb/src/portable/raspberrypi/rp2040/rp2040_usb.c.obj
 .text._hw_endpoint_xfer_sync
                0x0000000010005708       0x28 CMakeFiles/RP2040-CAN-Driver.dir/usr/share/pico-sdk/lib/tinyusb/src/portable/raspberrypi/rp2040/rp2040_usb.c.obj
 .text.rp2040_usb_init
                0x0000000010005730       0x4c CMakeFiles/RP2040-CAN-Driver.dir/usr/share/pico-sdk/lib/tinyusb/src/portable/raspberrypi/rp2040/rp2040_usb.c.obj
                0x0000000010005730                rp2040_usb_init
 .text.hw_endpoint_reset_transfer
                0x000000001000577c        0xc CMakeFiles/RP2040-CAN-Driver.dir/usr/share/pico-sdk/lib/tinyusb/src/portable/raspberrypi/rp2040/rp2040_usb.c.obj
                0x000000001000577c                hw_endpoint_reset_transfer
 .text._hw_endpoint_buffer_control_update32
                0x0000000010005788       0x58 CMakeFiles/RP2040-CAN-Driver.dir/usr/share/pico-sdk/lib/tinyusb/src/portable/raspberrypi/rp2040/rp2040_usb.c.obj
                0x0000000010005788                _hw_endpoint_buffer_control_update32
 .text._hw_endpoint_start_next_buffer
                0x00000000100057e0       0x74 CMakeFiles/RP2040-CAN-Driver.dir/usr/share/pico-sdk/lib/tinyusb/src/portable/raspberrypi/rp2040/rp2040_usb.c.obj
 .text.hw_endpoint_xfer_start
                0x0000000010005854       0x48 CMakeFiles/RP2040-CAN-Driver.dir/usr/share/pico-sdk/lib/tinyusb/src/portable/raspberrypi/rp2040/rp2040_usb.c.obj
                0x0000000010005854                hw_endpoint_xfer_start
 .text.hw_endpoint_xfer_continue
                0x000000001000589c       0x38 CMakeFiles/RP2040-CAN-Driver.dir/usr/share/pico-sdk/lib/tinyusb/src/portable/raspberrypi/rp2040/rp2040_usb.c.obj
                0x000000001000589c                hw_endpoint_xfer_continue
 .text.configuration_reset
                0x00000000100058d4       0x84 CMakeFiles/RP2040-CAN-Driver.dir/usr/share/pico-sdk/lib/tinyusb/src/device/usbd.c.obj
 .text.usbd_reset
                0x0000000010005958        0xc CMakeFiles/RP2040-CAN-Driver.dir/usr/share/pico-sdk/lib/tinyusb/src/device/usbd.c.obj
 .text.invoke_class_control
                0x0000000010005964       0x1a CMakeFiles/RP2040-CAN-Driver.dir/usr/share/pico-sdk/lib/tinyusb/src/device/usbd.c.obj
 *fill*         0x000000001000597e        0x2 
 .text.process_set_config
                0x0000000010005980      0x1b0 CMakeFiles/RP2040-CAN-Driver.dir/usr/share/pico-sdk/lib/tinyusb/src/device/usbd.c.obj
 .text.process_get_descriptor
                0x0000000010005b30       0xec CMakeFiles/RP2040-CAN-Driver.dir/usr/share/pico-sdk/lib/tinyusb/src/device/usbd.c.obj
 .text.tud_mounted
                0x0000000010005c1c       0x10 CMakeFiles/RP2040-CAN-Driver.dir/usr/share/pico-sdk/lib/tinyusb/src/device/usbd.c.obj
                0x0000000010005c1c                tud_mounted
 .text.tud_suspended
                0x0000000010005c2c       0x10 CMakeFiles/RP2040-CAN-Driver.dir/usr/share/pico-sdk/lib/tinyusb/src/device/usbd.c.obj
                0x0000000010005c2c                tud_suspended
 .text.tud_inited
                0x0000000010005c3c        0xc CMakeFiles/RP2040-CAN-Driver.dir/usr/share/pico-sdk/lib/tinyusb/src/device/usbd.c.obj
                0x0000000010005c3c                tud_inited
 .text.tud_init
                0x0000000010005c48       0xcc CMakeFiles/RP2040-CAN-Driver.dir/usr/share/pico-sdk/lib/tinyusb/src/device/usbd.c.obj
                0x0000000010005c48                tud_init
 .text.dcd_event_handler
                0x0000000010005d14      0x1e0 CMakeFiles/RP2040-CAN-Driver.dir/usr/share/pico-sdk/lib/tinyusb/src/device/usbd.c.obj
                0x0000000010005d14                dcd_event_handler
 .text.dcd_event_bus_signal
                0x0000000010005ef4       0x26 CMakeFiles/RP2040-CAN-Driver.dir/usr/share/pico-sdk/lib/tinyusb/src/device/usbd.c.obj
                0x0000000010005ef4                dcd_event_bus_signal
 .text.dcd_event_bus_reset
                0x0000000010005f1a       0x2a CMakeFiles/RP2040-CAN-Driver.dir/usr/share/pico-sdk/lib/tinyusb/src/device/usbd.c.obj
                0x0000000010005f1a                dcd_event_bus_reset
 .text.dcd_event_setup_received
                0x0000000010005f44       0x34 CMakeFiles/RP2040-CAN-Driver.dir/usr/share/pico-sdk/lib/tinyusb/src/device/usbd.c.obj
                0x0000000010005f44                dcd_event_setup_received
 .text.dcd_event_xfer_complete
                0x0000000010005f78       0x44 CMakeFiles/RP2040-CAN-Driver.dir/usr/share/pico-sdk/lib/tinyusb/src/device/usbd.c.obj
                0x0000000010005f78                dcd_event_xfer_complete
 .text.usbd_edpt_open
                0x0000000010005fbc       0x58 CMakeFiles/RP2040-CAN-Driver.dir/usr/share/pico-sdk/lib/tinyusb/src/device/usbd.c.obj
                0x0000000010005fbc                usbd_edpt_open
 .text.usbd_open_edpt_pair
                0x0000000010006014       0x8c CMakeFiles/RP2040-CAN-Driver.dir/usr/share/pico-sdk/lib/tinyusb/src/device/usbd.c.obj
                0x0000000010006014                usbd_open_edpt_pair
 .text.usbd_edpt_claim
                0x00000000100060a0       0x8c CMakeFiles/RP2040-CAN-Driver.dir/usr/share/pico-sdk/lib/tinyusb/src/device/usbd.c.obj
                0x00000000100060a0                usbd_edpt_claim
 .text.usbd_edpt_release
                0x000000001000612c       0x68 CMakeFiles/RP2040-CAN-Driver.dir/usr/share/pico-sdk/lib/tinyusb/src/device/usbd.c.obj
                0x000000001000612c                usbd_edpt_release
 .text.usbd_edpt_xfer
                0x0000000010006194       0x84 CMakeFiles/RP2040-CAN-Driver.dir/usr/share/pico-sdk/lib/tinyusb/src/device/usbd.c.obj
                0x0000000010006194                usbd_edpt_xfer
 .text.usbd_edpt_stall
                0x0000000010006218       0x40 CMakeFiles/RP2040-CAN-Driver.dir/usr/share/pico-sdk/lib/tinyusb/src/device/usbd.c.obj
                0x0000000010006218                usbd_edpt_stall
 .text.usbd_edpt_clear_stall
                0x0000000010006258       0x40 CMakeFiles/RP2040-CAN-Driver.dir/usr/share/pico-sdk/lib/tinyusb/src/device/usbd.c.obj
                0x0000000010006258                usbd_edpt_clear_stall
 .text.usbd_edpt_stalled
                0x0000000010006298       0x1c CMakeFiles/RP2040-CAN-Driver.dir/usr/share/pico-sdk/lib/tinyusb/src/device/usbd.c.obj
                0x0000000010006298                usbd_edpt_stalled
 .text.process_control_request
                0x00000000100062b4      0x3b8 CMakeFiles/RP2040-CAN-Driver.dir/usr/share/pico-sdk/lib/tinyusb/src/device/usbd.c.obj
 .text.tud_task
                0x000000001000666c      0x218 CMakeFiles/RP2040-CAN-Driver.dir/usr/share/pico-sdk/lib/tinyusb/src/device/usbd.c.obj
                0x000000001000666c                tud_task
 .text._data_stage_xact
                0x0000000010006884       0x58 CMakeFiles/RP2040-CAN-Driver.dir/usr/share/pico-sdk/lib/tinyusb/src/device/usbd_control.c.obj
 .text.tud_control_status
                0x00000000100068dc       0x38 CMakeFiles/RP2040-CAN-Driver.dir/usr/share/pico-sdk/lib/tinyusb/src/device/usbd_control.c.obj
                0x00000000100068dc                tud_control_status
 .text.tud_control_xfer
                0x0000000010006914       0xa8 CMakeFiles/RP2040-CAN-Driver.dir/usr/share/pico-sdk/lib/tinyusb/src/device/usbd_control.c.obj
                0x0000000010006914                tud_control_xfer
 .text.usbd_control_reset
                0x00000000100069bc       0x14 CMakeFiles/RP2040-CAN-Driver.dir/usr/share/pico-sdk/lib/tinyusb/src/device/usbd_control.c.obj
                0x00000000100069bc                usbd_control_reset
 .text.usbd_control_set_complete_callback
                0x00000000100069d0        0xc CMakeFiles/RP2040-CAN-Driver.dir/usr/share/pico-sdk/lib/tinyusb/src/device/usbd_control.c.obj
                0x00000000100069d0                usbd_control_set_complete_callback
 .text.usbd_control_set_request
                0x00000000100069dc       0x1c CMakeFiles/RP2040-CAN-Driver.dir/usr/share/pico-sdk/lib/tinyusb/src/device/usbd_control.c.obj
                0x00000000100069dc                usbd_control_set_request
 .text.usbd_control_xfer_cb
                0x00000000100069f8       0xfc CMakeFiles/RP2040-CAN-Driver.dir/usr/share/pico-sdk/lib/tinyusb/src/device/usbd_control.c.obj
                0x00000000100069f8                usbd_control_xfer_cb
 .text._prep_out_transaction
                0x0000000010006af4       0x46 CMakeFiles/RP2040-CAN-Driver.dir/usr/share/pico-sdk/lib/tinyusb/src/class/cdc/cdc_device.c.obj
 *fill*         0x0000000010006b3a        0x2 
 .text.tud_cdc_n_connected
                0x0000000010006b3c       0x44 CMakeFiles/RP2040-CAN-Driver.dir/usr/share/pico-sdk/lib/tinyusb/src/class/cdc/cdc_device.c.obj
                0x0000000010006b3c                tud_cdc_n_connected
 .text.tud_cdc_n_available
                0x0000000010006b80       0x18 CMakeFiles/RP2040-CAN-Driver.dir/usr/share/pico-sdk/lib/tinyusb/src/class/cdc/cdc_device.c.obj
                0x0000000010006b80                tud_cdc_n_available
 .text.tud_cdc_n_read
                0x0000000010006b98       0x28 CMakeFiles/RP2040-CAN-Driver.dir/usr/share/pico-sdk/lib/tinyusb/src/class/cdc/cdc_device.c.obj
                0x0000000010006b98                tud_cdc_n_read
 .text.tud_cdc_n_write_flush
                0x0000000010006bc0       0xcc CMakeFiles/RP2040-CAN-Driver.dir/usr/share/pico-sdk/lib/tinyusb/src/class/cdc/cdc_device.c.obj
                0x0000000010006bc0                tud_cdc_n_write_flush
 .text.tud_cdc_n_write
                0x0000000010006c8c       0x38 CMakeFiles/RP2040-CAN-Driver.dir/usr/share/pico-sdk/lib/tinyusb/src/class/cdc/cdc_device.c.obj
                0x0000000010006c8c                tud_cdc_n_write
 .text.tud_cdc_n_write_available
                0x0000000010006cc4       0x1c CMakeFiles/RP2040-CAN-Driver.dir/usr/share/pico-sdk/lib/tinyusb/src/class/cdc/cdc_device.c.obj
                0x0000000010006cc4                tud_cdc_n_write_available
 .text.cdcd_init
                0x0000000010006ce0       0xbc CMakeFiles/RP2040-CAN-Driver.dir/usr/share/pico-sdk/lib/tinyusb/src/class/cdc/cdc_device.c.obj
                0x0000000010006ce0                cdcd_init
 .text.cdcd_reset
                0x0000000010006d9c       0x44 CMakeFiles/RP2040-CAN-Driver.dir/usr/share/pico-sdk/lib/tinyusb/src/class/cdc/cdc_device.c.obj
                0x0000000010006d9c                cdcd_reset
 .text.cdcd_open
                0x0000000010006de0       0xf8 CMakeFiles/RP2040-CAN-Driver.dir/usr/share/pico-sdk/lib/tinyusb/src/class/cdc/cdc_device.c.obj
                0x0000000010006de0                cdcd_open
 .text.cdcd_control_xfer_cb
                0x0000000010006ed8      0x134 CMakeFiles/RP2040-CAN-Driver.dir/usr/share/pico-sdk/lib/tinyusb/src/class/cdc/cdc_device.c.obj
                0x0000000010006ed8                cdcd_control_xfer_cb
 .text.cdcd_xfer_cb
                0x000000001000700c      0x144 CMakeFiles/RP2040-CAN-Driver.dir/usr/share/pico-sdk/lib/tinyusb/src/class/cdc/cdc_device.c.obj
                0x000000001000700c                cdcd_xfer_cb
 .text.tusb_init
                0x0000000010007150       0x24 CMakeFiles/RP2040-CAN-Driver.dir/usr/share/pico-sdk/lib/tinyusb/src/tusb.c.obj
                0x0000000010007150                tusb_init
 .text.tusb_inited
                0x0000000010007174        0xe CMakeFiles/RP2040-CAN-Driver.dir/usr/share/pico-sdk/lib/tinyusb/src/tusb.c.obj
                0x0000000010007174                tusb_inited
 *fill*         0x0000000010007182        0x2 
 .text.tu_edpt_validate
                0x0000000010007184       0xa8 CMakeFiles/RP2040-CAN-Driver.dir/usr/share/pico-sdk/lib/tinyusb/src/tusb.c.obj
                0x0000000010007184                tu_edpt_validate
 .text.tu_edpt_bind_driver
                0x000000001000722c       0x2a CMakeFiles/RP2040-CAN-Driver.dir/usr/share/pico-sdk/lib/tinyusb/src/tusb.c.obj
                0x000000001000722c                tu_edpt_bind_driver
 .text.advance_pointer
                0x0000000010007256       0x18 CMakeFiles/RP2040-CAN-Driver.dir/usr/share/pico-sdk/lib/tinyusb/src/common/tusb_fifo.c.obj
 .text.backward_pointer
                0x000000001000726e       0x1e CMakeFiles/RP2040-CAN-Driver.dir/usr/share/pico-sdk/lib/tinyusb/src/common/tusb_fifo.c.obj
 .text.get_relative_pointer
                0x000000001000728c       0x10 CMakeFiles/RP2040-CAN-Driver.dir/usr/share/pico-sdk/lib/tinyusb/src/common/tusb_fifo.c.obj
 .text._tu_fifo_peek
                0x000000001000729c       0x50 CMakeFiles/RP2040-CAN-Driver.dir/usr/share/pico-sdk/lib/tinyusb/src/common/tusb_fifo.c.obj
 .text._ff_pull_const_addr
                0x00000000100072ec       0x4c CMakeFiles/RP2040-CAN-Driver.dir/usr/share/pico-sdk/lib/tinyusb/src/common/tusb_fifo.c.obj
 .text._ff_pull_n
                0x0000000010007338      0x10c CMakeFiles/RP2040-CAN-Driver.dir/usr/share/pico-sdk/lib/tinyusb/src/common/tusb_fifo.c.obj
 .text._tu_fifo_peek_n
                0x0000000010007444       0x5e CMakeFiles/RP2040-CAN-Driver.dir/usr/share/pico-sdk/lib/tinyusb/src/common/tusb_fifo.c.obj
 .text._tu_fifo_read_n
                0x00000000100074a2       0x4e CMakeFiles/RP2040-CAN-Driver.dir/usr/share/pico-sdk/lib/tinyusb/src/common/tusb_fifo.c.obj
 .text._ff_push_const_addr
                0x00000000100074f0       0x40 CMakeFiles/RP2040-CAN-Driver.dir/usr/share/pico-sdk/lib/tinyusb/src/common/tusb_fifo.c.obj
 .text._ff_push_n
                0x0000000010007530      0x108 CMakeFiles/RP2040-CAN-Driver.dir/usr/share/pico-sdk/lib/tinyusb/src/common/tusb_fifo.c.obj
 .text._tu_fifo_write_n
                0x0000000010007638       0x9e CMakeFiles/RP2040-CAN-Driver.dir/usr/share/pico-sdk/lib/tinyusb/src/common/tusb_fifo.c.obj
 .text.tu_fifo_config
                0x00000000100076d6       0x72 CMakeFiles/RP2040-CAN-Driver.dir/usr/share/pico-sdk/lib/tinyusb/src/common/tusb_fifo.c.obj
                0x00000000100076d6                tu_fifo_config
 .text.tu_fifo_count
                0x0000000010007748       0x26 CMakeFiles/RP2040-CAN-Driver.dir/usr/share/pico-sdk/lib/tinyusb/src/common/tusb_fifo.c.obj
                0x0000000010007748                tu_fifo_count
 .text.tu_fifo_empty
                0x000000001000776e        0xe CMakeFiles/RP2040-CAN-Driver.dir/usr/share/pico-sdk/lib/tinyusb/src/common/tusb_fifo.c.obj
                0x000000001000776e                tu_fifo_empty
 .text.tu_fifo_remaining
                0x000000001000777c       0x20 CMakeFiles/RP2040-CAN-Driver.dir/usr/share/pico-sdk/lib/tinyusb/src/common/tusb_fifo.c.obj
                0x000000001000777c                tu_fifo_remaining
 .text.tu_fifo_read
                0x000000001000779c       0x42 CMakeFiles/RP2040-CAN-Driver.dir/usr/share/pico-sdk/lib/tinyusb/src/common/tusb_fifo.c.obj
                0x000000001000779c                tu_fifo_read
 .text.tu_fifo_read_n
                0x00000000100077de        0xa CMakeFiles/RP2040-CAN-Driver.dir/usr/share/pico-sdk/lib/tinyusb/src/common/tusb_fifo.c.obj
                0x00000000100077de                tu_fifo_read_n
 .text.tu_fifo_write
                0x00000000100077e8       0x6a CMakeFiles/RP2040-CAN-Driver.dir/usr/share/pico-sdk/lib/tinyusb/src/common/tusb_fifo.c.obj
                0x00000000100077e8                tu_fifo_write
 .text.tu_fifo_write_n
                0x0000000010007852        0xa CMakeFiles/RP2040-CAN-Driver.dir/usr/share/pico-sdk/lib/tinyusb/src/common/tusb_fifo.c.obj
                0x0000000010007852                tu_fifo_write_n
 .text.tu_fifo_clear
                0x000000001000785c       0x4c CMakeFiles/RP2040-CAN-Driver.dir/usr/share/pico-sdk/lib/tinyusb/src/common/tusb_fifo.c.obj
                0x000000001000785c                tu_fifo_clear
 .text.tu_fifo_set_overwritable
                0x00000000100078a8       0x3c CMakeFiles/RP2040-CAN-Driver.dir/usr/share/pico-sdk/lib/tinyusb/src/common/tusb_fifo.c.obj
                0x00000000100078a8                tu_fifo_set_overwritable
 .text._retrieve_unique_id_on_boot
                0x00000000100078e4       0x10 CMakeFiles/RP2040-CAN-Driver.dir/usr/share/pico-sdk/src/rp2_common/pico_unique_id/unique_id.c.obj
 .text.pico_get_unique_board_id_string
                0x00000000100078f4       0x5c CMakeFiles/RP2040-CAN-Driver.dir/usr/share/pico-sdk/src/rp2_common/pico_unique_id/unique_id.c.obj
                0x00000000100078f4                pico_get_unique_board_id_string
 .text.flash_get_unique_id
                0x0000000010007950       0x46 CMakeFiles/RP2040-CAN-Driver.dir/usr/share/pico-sdk/src/rp2_common/hardware_flash/flash.c.obj
                0x0000000010007950                flash_get_unique_id
 .text.spi_set_baudrate
                0x0000000010007996       0x92 CMakeFiles/RP2040-CAN-Driver.dir/usr/share/pico-sdk/src/rp2_common/hardware_spi/spi.c.obj
                0x0000000010007996                spi_set_baudrate
 .text.spi_init
                0x0000000010007a28       0x68 CMakeFiles/RP2040-CAN-Driver.dir/usr/share/pico-sdk/src/rp2_common/hardware_spi/spi.c.obj
                0x0000000010007a28                spi_init
 .text.atexit   0x0000000010007a90       0x10 /usr/lib/gcc/arm-none-eabi/11.2.0/../../../../arm-none-eabi/lib/thumb/v6-m/nofp/libg.a(lib_a-atexit.o)
                0x0000000010007a90                atexit
 .text.__libc_fini_array
                0x0000000010007aa0       0x28 /usr/lib/gcc/arm-none-eabi/11.2.0/../../../../arm-none-eabi/lib/thumb/v6-m/nofp/libg.a(lib_a-fini.o)
                0x0000000010007aa0                __libc_fini_array
 .text.strlen   0x0000000010007ac8       0x5c /usr/lib/gcc/arm-none-eabi/11.2.0/../../../../arm-none-eabi/lib/thumb/v6-m/nofp/libg.a(lib_a-strlen-stub.o)
                0x0000000010007ac8                strlen
 .text.__register_exitproc
                0x0000000010007b24       0xb0 /usr/lib/gcc/arm-none-eabi/11.2.0/../../../../arm-none-eabi/lib/thumb/v6-m/nofp/libg.a(lib_a-__atexit.o)
                0x0000000010007b24                __register_exitproc
 .text.startup.register_fini
                0x0000000010007bd4       0x18 /usr/lib/gcc/arm-none-eabi/11.2.0/../../../../arm-none-eabi/lib/thumb/v6-m/nofp/libg.a(lib_a-__call_atexit.o)
 .text.__retarget_lock_acquire_recursive
                0x0000000010007bec        0x4 /usr/lib/gcc/arm-none-eabi/11.2.0/../../../../arm-none-eabi/lib/thumb/v6-m/nofp/libg.a(lib_a-lock.o)
                0x0000000010007bec                __retarget_lock_acquire_recursive
 .text.__retarget_lock_release_recursive
                0x0000000010007bf0        0x4 /usr/lib/gcc/arm-none-eabi/11.2.0/../../../../arm-none-eabi/lib/thumb/v6-m/nofp/libg.a(lib_a-lock.o)
                0x0000000010007bf0                __retarget_lock_release_recursive
 *(.fini)
 .fini          0x0000000010007bf4        0x4 /usr/lib/gcc/arm-none-eabi/11.2.0/thumb/v6-m/nofp/crti.o
                0x0000000010007bf4                _fini
 .fini.__stub   0x0000000010007bf8       0x90 linker stubs
 *crtbegin.o(.ctors)
 *crtbegin?.o(.ctors)
 *(EXCLUDE_FILE(*crtend.o *crtend?.o) .ctors)
 *(SORT_BY_NAME(.ctors.*))
 *(.ctors)
 *crtbegin.o(.dtors)
 *crtbegin?.o(.dtors)
 *(EXCLUDE_FILE(*crtend.o *crtend?.o) .dtors)
 *(SORT_BY_NAME(.dtors.*))
 *(.dtors)
 *(.eh_frame*)
 .eh_frame      0x0000000010007c88        0x0 /usr/lib/gcc/arm-none-eabi/11.2.0/thumb/v6-m/nofp/crtbegin.o
                0x0000000010007c88                . = ALIGN (0x4)

.glue_7         0x0000000010007c88        0x0
 .glue_7        0x0000000010007c88        0x0 linker stubs

.glue_7t        0x0000000010007c88        0x0
 .glue_7t       0x0000000010007c88        0x0 linker stubs

.vfp11_veneer   0x0000000010007c88        0x0
 .vfp11_veneer  0x0000000010007c88        0x0 linker stubs

.v4_bx          0x0000000010007c88        0x0
 .v4_bx         0x0000000010007c88        0x0 linker stubs

.iplt           0x0000000010007c88        0x0
 .iplt          0x0000000010007c88        0x0 /usr/lib/gcc/arm-none-eabi/11.2.0/thumb/v6-m/nofp/crtbegin.o

.rodata         0x0000000010007c88     0x15fc
 *(EXCLUDE_FILE(*libm.a: *libc.a:*lib_a-mem*.o *libgcc.a:) .rodata*)
 .rodata.mcp2515_loadTxBuffer.str1.4
                0x0000000010007c88       0x15 CMakeFiles/RP2040-CAN-Driver.dir/main.c.obj
 *fill*         0x0000000010007c9d        0x3 
 .rodata.mcp2515_requestToSend.str1.4
                0x0000000010007ca0       0x16 CMakeFiles/RP2040-CAN-Driver.dir/main.c.obj
 *fill*         0x0000000010007cb6        0x2 
 .rodata.get_absolute_time.str1.4
                0x0000000010007cb8       0x5a CMakeFiles/RP2040-CAN-Driver.dir/main.c.obj
 *fill*         0x0000000010007d12        0x2 
 .rodata.mcp2515_init.str1.4
                0x0000000010007d14       0x3c CMakeFiles/RP2040-CAN-Driver.dir/main.c.obj
 .rodata.main.str1.4
                0x0000000010007d50       0x4f CMakeFiles/RP2040-CAN-Driver.dir/main.c.obj
 *fill*         0x0000000010007d9f        0x1 
 .rodata.__func__.0
                0x0000000010007da0       0x15 CMakeFiles/RP2040-CAN-Driver.dir/main.c.obj
 *fill*         0x0000000010007db5        0x3 
 .rodata.spin_lock_claim_unused.str1.4
                0x0000000010007db8       0x1b CMakeFiles/RP2040-CAN-Driver.dir/usr/share/pico-sdk/src/rp2_common/hardware_sync/sync.c.obj
 *fill*         0x0000000010007dd3        0x1 
 .rodata.repeating_timer_callback.str1.4
                0x0000000010007dd4       0x44 CMakeFiles/RP2040-CAN-Driver.dir/usr/share/pico-sdk/src/common/pico_time/time.c.obj
 .rodata.alarm_pool_dump_key.str1.4
                0x0000000010007e18       0x33 CMakeFiles/RP2040-CAN-Driver.dir/usr/share/pico-sdk/src/common/pico_time/time.c.obj
 *fill*         0x0000000010007e4b        0x1 
 .rodata.ph_add_child_node.str1.4
                0x0000000010007e4c       0x8e CMakeFiles/RP2040-CAN-Driver.dir/usr/share/pico-sdk/src/common/pico_time/time.c.obj
 *fill*         0x0000000010007eda        0x2 
 .rodata.add_alarm_under_lock.str1.4
                0x0000000010007edc       0x28 CMakeFiles/RP2040-CAN-Driver.dir/usr/share/pico-sdk/src/common/pico_time/time.c.obj
                                         0x2b (size before relaxing)
 .rodata.alarm_pool_alarm_callback.str1.4
                0x0000000010007f04       0x82 CMakeFiles/RP2040-CAN-Driver.dir/usr/share/pico-sdk/src/common/pico_time/time.c.obj
                                         0xde (size before relaxing)
 *fill*         0x0000000010007f86        0x2 
 .rodata.alarm_pool_get_default.str1.4
                0x0000000010007f88       0x21 CMakeFiles/RP2040-CAN-Driver.dir/usr/share/pico-sdk/src/common/pico_time/time.c.obj
 *fill*         0x0000000010007fa9        0x3 
 .rodata.alarm_pool_cancel_alarm.str1.4
                0x0000000010007fac       0x27 CMakeFiles/RP2040-CAN-Driver.dir/usr/share/pico-sdk/src/common/pico_time/time.c.obj
 *fill*         0x0000000010007fd3        0x1 
 .rodata.sleep_until.str1.4
                0x0000000010007fd4       0x4d CMakeFiles/RP2040-CAN-Driver.dir/usr/share/pico-sdk/src/common/pico_time/time.c.obj
 *fill*         0x0000000010008021        0x3 
 .rodata.__func__.1
                0x0000000010008024       0x18 CMakeFiles/RP2040-CAN-Driver.dir/usr/share/pico-sdk/src/common/pico_time/time.c.obj
 .rodata.__func__.10
                0x000000001000803c       0x15 CMakeFiles/RP2040-CAN-Driver.dir/usr/share/pico-sdk/src/common/pico_time/time.c.obj
 *fill*         0x0000000010008051        0x3 
 .rodata.__func__.11
                0x0000000010008054       0x1a CMakeFiles/RP2040-CAN-Driver.dir/usr/share/pico-sdk/src/common/pico_time/time.c.obj
 *fill*         0x000000001000806e        0x2 
 .rodata.__func__.12
                0x0000000010008070        0xa CMakeFiles/RP2040-CAN-Driver.dir/usr/share/pico-sdk/src/common/pico_time/time.c.obj
 *fill*         0x000000001000807a        0x2 
 .rodata.__func__.3
                0x000000001000807c       0x17 CMakeFiles/RP2040-CAN-Driver.dir/usr/share/pico-sdk/src/common/pico_time/time.c.obj
 *fill*         0x0000000010008093        0x1 
 .rodata.__func__.4
                0x0000000010008094       0x12 CMakeFiles/RP2040-CAN-Driver.dir/usr/share/pico-sdk/src/common/pico_time/time.c.obj
 *fill*         0x00000000100080a6        0x2 
 .rodata.__func__.5
                0x00000000100080a8        0xd CMakeFiles/RP2040-CAN-Driver.dir/usr/share/pico-sdk/src/common/pico_time/time.c.obj
 *fill*         0x00000000100080b5        0x3 
 .rodata.__func__.6
                0x00000000100080b8       0x12 CMakeFiles/RP2040-CAN-Driver.dir/usr/share/pico-sdk/src/common/pico_time/time.c.obj
 *fill*         0x00000000100080ca        0x2 
 .rodata.__func__.7
                0x00000000100080cc        0xf CMakeFiles/RP2040-CAN-Driver.dir/usr/share/pico-sdk/src/common/pico_time/time.c.obj
 *fill*         0x00000000100080db        0x1 
 .rodata.__func__.8
                0x00000000100080dc        0xc CMakeFiles/RP2040-CAN-Driver.dir/usr/share/pico-sdk/src/common/pico_time/time.c.obj
 .rodata.__func__.9
                0x00000000100080e8       0x15 CMakeFiles/RP2040-CAN-Driver.dir/usr/share/pico-sdk/src/common/pico_time/time.c.obj
 *fill*         0x00000000100080fd        0x3 
 .rodata.hardware_alarm_claim.str1.4
                0x0000000010008100       0x22 CMakeFiles/RP2040-CAN-Driver.dir/usr/share/pico-sdk/src/rp2_common/hardware_timer/timer.c.obj
 *fill*         0x0000000010008122        0x2 
 .rodata.hardware_alarm_set_target.str1.4
                0x0000000010008124       0x5e CMakeFiles/RP2040-CAN-Driver.dir/usr/share/pico-sdk/src/rp2_common/hardware_timer/timer.c.obj
 *fill*         0x0000000010008182        0x2 
 .rodata.__func__.0
                0x0000000010008184       0x1a CMakeFiles/RP2040-CAN-Driver.dir/usr/share/pico-sdk/src/rp2_common/hardware_timer/timer.c.obj
 *fill*         0x000000001000819e        0x2 
 .rodata.str1.4
                0x00000000100081a0       0x85 CMakeFiles/RP2040-CAN-Driver.dir/usr/share/pico-sdk/src/common/pico_sync/mutex.c.obj
                                         0xe1 (size before relaxing)
 *fill*         0x0000000010008225        0x3 
 .rodata.__func__.1
                0x0000000010008228        0xb CMakeFiles/RP2040-CAN-Driver.dir/usr/share/pico-sdk/src/common/pico_sync/mutex.c.obj
 *fill*         0x0000000010008233        0x1 
 .rodata.__func__.3
                0x0000000010008234       0x18 CMakeFiles/RP2040-CAN-Driver.dir/usr/share/pico-sdk/src/common/pico_sync/mutex.c.obj
 .rodata.__func__.4
                0x000000001000824c       0x15 CMakeFiles/RP2040-CAN-Driver.dir/usr/share/pico-sdk/src/common/pico_sync/mutex.c.obj
 .rodata.ph_add_child_node.str1.4
                0x0000000010008261       0x8e CMakeFiles/RP2040-CAN-Driver.dir/usr/share/pico-sdk/src/common/pico_util/pheap.c.obj
 *fill*         0x0000000010008261        0x3 
 .rodata.ph_remove_any_head.str1.4
                0x0000000010008264       0x88 CMakeFiles/RP2040-CAN-Driver.dir/usr/share/pico-sdk/src/common/pico_util/pheap.c.obj
 .rodata.ph_remove_and_free_node.str1.4
                0x00000000100082ec       0x26 CMakeFiles/RP2040-CAN-Driver.dir/usr/share/pico-sdk/src/common/pico_util/pheap.c.obj
 *fill*         0x0000000010008312        0x2 
 .rodata.__func__.0
                0x0000000010008314       0x18 CMakeFiles/RP2040-CAN-Driver.dir/usr/share/pico-sdk/src/common/pico_util/pheap.c.obj
 .rodata.__func__.1
                0x000000001000832c       0x13 CMakeFiles/RP2040-CAN-Driver.dir/usr/share/pico-sdk/src/common/pico_util/pheap.c.obj
 *fill*         0x000000001000833f        0x1 
 .rodata.__func__.2
                0x0000000010008340       0x12 CMakeFiles/RP2040-CAN-Driver.dir/usr/share/pico-sdk/src/common/pico_util/pheap.c.obj
 *fill*         0x0000000010008352        0x2 
 .rodata.__func__.3
                0x0000000010008354        0xc CMakeFiles/RP2040-CAN-Driver.dir/usr/share/pico-sdk/src/common/pico_util/pheap.c.obj
 .rodata.__assert_func.str1.4
                0x0000000010008360       0x3f CMakeFiles/RP2040-CAN-Driver.dir/usr/share/pico-sdk/src/rp2_common/pico_runtime/runtime.c.obj
                                         0x43 (size before relaxing)
 *fill*         0x000000001000839f        0x1 
 .rodata.runtime_init.str1.4
                0x00000000100083a0       0x5a CMakeFiles/RP2040-CAN-Driver.dir/usr/share/pico-sdk/src/rp2_common/pico_runtime/runtime.c.obj
 *fill*         0x00000000100083fa        0x2 
 .rodata.panic.str1.4
                0x00000000100083fc       0x12 CMakeFiles/RP2040-CAN-Driver.dir/usr/share/pico-sdk/src/rp2_common/pico_runtime/runtime.c.obj
 *fill*         0x000000001000840e        0x2 
 .rodata.__func__.1
                0x0000000010008410        0xd CMakeFiles/RP2040-CAN-Driver.dir/usr/share/pico-sdk/src/rp2_common/pico_runtime/runtime.c.obj
 *fill*         0x000000001000841d        0x3 
 .rodata.clock_configure.str1.4
                0x0000000010008420       0x50 CMakeFiles/RP2040-CAN-Driver.dir/usr/share/pico-sdk/src/rp2_common/hardware_clocks/clocks.c.obj
 .rodata.__func__.1
                0x0000000010008470       0x10 CMakeFiles/RP2040-CAN-Driver.dir/usr/share/pico-sdk/src/rp2_common/hardware_clocks/clocks.c.obj
 .rodata.make_branch.str1.4
                0x0000000010008480       0x46 CMakeFiles/RP2040-CAN-Driver.dir/usr/share/pico-sdk/src/rp2_common/hardware_irq/irq.c.obj
 *fill*         0x00000000100084c6        0x2 
 .rodata.irq_set_exclusive_handler.str1.4
                0x00000000100084c8       0x36 CMakeFiles/RP2040-CAN-Driver.dir/usr/share/pico-sdk/src/rp2_common/hardware_irq/irq.c.obj
 *fill*         0x00000000100084fe        0x2 
 .rodata.irq_add_shared_handler.str1.4
                0x0000000010008500       0xd9 CMakeFiles/RP2040-CAN-Driver.dir/usr/share/pico-sdk/src/rp2_common/hardware_irq/irq.c.obj
 *fill*         0x00000000100085d9        0x3 
 .rodata.irq_remove_handler.str1.4
                0x00000000100085dc       0x2a CMakeFiles/RP2040-CAN-Driver.dir/usr/share/pico-sdk/src/rp2_common/hardware_irq/irq.c.obj
 *fill*         0x0000000010008606        0x2 
 .rodata.irq_add_tail_to_free_list.str1.4
                0x0000000010008608       0x32 CMakeFiles/RP2040-CAN-Driver.dir/usr/share/pico-sdk/src/rp2_common/hardware_irq/irq.c.obj
                                         0x3a (size before relaxing)
 *fill*         0x000000001000863a        0x2 
 .rodata.__func__.0
                0x000000001000863c       0x1a CMakeFiles/RP2040-CAN-Driver.dir/usr/share/pico-sdk/src/rp2_common/hardware_irq/irq.c.obj
 *fill*         0x0000000010008656        0x2 
 .rodata.__func__.1
                0x0000000010008658       0x17 CMakeFiles/RP2040-CAN-Driver.dir/usr/share/pico-sdk/src/rp2_common/hardware_irq/irq.c.obj
 *fill*         0x000000001000866f        0x1 
 .rodata.__func__.2
                0x0000000010008670       0x13 CMakeFiles/RP2040-CAN-Driver.dir/usr/share/pico-sdk/src/rp2_common/hardware_irq/irq.c.obj
 *fill*         0x0000000010008683        0x1 
 .rodata.__func__.3
                0x0000000010008684        0xc CMakeFiles/RP2040-CAN-Driver.dir/usr/share/pico-sdk/src/rp2_common/hardware_irq/irq.c.obj
 .rodata.__func__.4
                0x0000000010008690        0xf CMakeFiles/RP2040-CAN-Driver.dir/usr/share/pico-sdk/src/rp2_common/hardware_irq/irq.c.obj
 *fill*         0x000000001000869f        0x1 
 .rodata.__func__.6
                0x00000000100086a0       0x1a CMakeFiles/RP2040-CAN-Driver.dir/usr/share/pico-sdk/src/rp2_common/hardware_irq/irq.c.obj
 *fill*         0x00000000100086ba        0x2 
 .rodata.pll_init.str1.4
                0x00000000100086bc       0xd3 CMakeFiles/RP2040-CAN-Driver.dir/usr/share/pico-sdk/src/rp2_common/hardware_pll/pll.c.obj
 *fill*         0x000000001000878f        0x1 
 .rodata.__func__.0
                0x0000000010008790        0x9 CMakeFiles/RP2040-CAN-Driver.dir/usr/share/pico-sdk/src/rp2_common/hardware_pll/pll.c.obj
 *fill*         0x0000000010008799        0x3 
 .rodata._ftoa.str1.4
                0x000000001000879c       0x15 CMakeFiles/RP2040-CAN-Driver.dir/usr/share/pico-sdk/src/rp2_common/pico_printf/printf.c.obj
 *fill*         0x00000000100087b1        0x3 
 .rodata._vsnprintf
                0x00000000100087b4      0x19c CMakeFiles/RP2040-CAN-Driver.dir/usr/share/pico-sdk/src/rp2_common/pico_printf/printf.c.obj
 .rodata.pow10.0
                0x0000000010008950       0x50 CMakeFiles/RP2040-CAN-Driver.dir/usr/share/pico-sdk/src/rp2_common/pico_printf/printf.c.obj
 .rodata.__aeabi_double_init.str1.4
                0x00000000100089a0       0xa1 CMakeFiles/RP2040-CAN-Driver.dir/usr/share/pico-sdk/src/rp2_common/pico_double/double_init_rom.c.obj
 *fill*         0x0000000010008a41        0x3 
 .rodata.__func__.0
                0x0000000010008a44       0x14 CMakeFiles/RP2040-CAN-Driver.dir/usr/share/pico-sdk/src/rp2_common/pico_double/double_init_rom.c.obj
 .rodata.__aeabi_float_init.str1.4
                0x0000000010008a58       0x73 CMakeFiles/RP2040-CAN-Driver.dir/usr/share/pico-sdk/src/rp2_common/pico_float/float_init_rom.c.obj
                                         0x77 (size before relaxing)
 *fill*         0x0000000010008acb        0x1 
 .rodata.__func__.0
                0x0000000010008acc       0x13 CMakeFiles/RP2040-CAN-Driver.dir/usr/share/pico-sdk/src/rp2_common/pico_float/float_init_rom.c.obj
 *fill*         0x0000000010008adf        0x1 
 .rodata.str1.4
                0x0000000010008ae0       0x48 CMakeFiles/RP2040-CAN-Driver.dir/usr/share/pico-sdk/src/rp2_common/pico_standard_link/binary_info.c.obj
 .rodata.__bi_44
                0x0000000010008b28        0xc CMakeFiles/RP2040-CAN-Driver.dir/usr/share/pico-sdk/src/rp2_common/pico_standard_link/binary_info.c.obj
 .rodata.__bi_75
                0x0000000010008b34        0xc CMakeFiles/RP2040-CAN-Driver.dir/usr/share/pico-sdk/src/rp2_common/pico_standard_link/binary_info.c.obj
 .rodata.__bi_81
                0x0000000010008b40        0xc CMakeFiles/RP2040-CAN-Driver.dir/usr/share/pico-sdk/src/rp2_common/pico_standard_link/binary_info.c.obj
 .rodata.crlf_str.3
                0x0000000010008b4c        0x2 CMakeFiles/RP2040-CAN-Driver.dir/usr/share/pico-sdk/src/rp2_common/pico_stdio/stdio.c.obj
 *fill*         0x0000000010008b4e        0x2 
 .rodata.str1.4
                0x0000000010008b50       0x2c CMakeFiles/RP2040-CAN-Driver.dir/usr/share/pico-sdk/src/rp2_common/pico_stdio_uart/stdio_uart.c.obj
 .rodata.__bi_28.4
                0x0000000010008b7c        0xc CMakeFiles/RP2040-CAN-Driver.dir/usr/share/pico-sdk/src/rp2_common/pico_stdio_uart/stdio_uart.c.obj
 .rodata.__bi_29.5
                0x0000000010008b88        0x8 CMakeFiles/RP2040-CAN-Driver.dir/usr/share/pico-sdk/src/rp2_common/pico_stdio_uart/stdio_uart.c.obj
 .rodata._resetd_driver
                0x0000000010008b90       0x18 CMakeFiles/RP2040-CAN-Driver.dir/usr/share/pico-sdk/src/rp2_common/pico_stdio_usb/reset_interface.c.obj
 .rodata.stdio_usb_init.str1.4
                0x0000000010008ba8       0x5a CMakeFiles/RP2040-CAN-Driver.dir/usr/share/pico-sdk/src/rp2_common/pico_stdio_usb/stdio_usb.c.obj
 .rodata.str1.4
                0x0000000010008ba8       0x13 CMakeFiles/RP2040-CAN-Driver.dir/usr/share/pico-sdk/src/rp2_common/pico_stdio_usb/stdio_usb.c.obj
 *fill*         0x0000000010008bbb        0x1 
 .rodata.__bi_93.1
                0x0000000010008bbc        0xc CMakeFiles/RP2040-CAN-Driver.dir/usr/share/pico-sdk/src/rp2_common/pico_stdio_usb/stdio_usb.c.obj
 .rodata.__func__.0
                0x0000000010008bc8       0x15 CMakeFiles/RP2040-CAN-Driver.dir/usr/share/pico-sdk/src/rp2_common/pico_stdio_usb/stdio_usb.c.obj
 *fill*         0x0000000010008bdd        0x3 
 .rodata.str1.4
                0x0000000010008be0       0x2a CMakeFiles/RP2040-CAN-Driver.dir/usr/share/pico-sdk/src/rp2_common/pico_stdio_usb/stdio_usb_descriptors.c.obj
 *fill*         0x0000000010008c0a        0x2 
 .rodata.usbd_desc_cfg
                0x0000000010008c0c       0x54 CMakeFiles/RP2040-CAN-Driver.dir/usr/share/pico-sdk/src/rp2_common/pico_stdio_usb/stdio_usb_descriptors.c.obj
 .rodata.usbd_desc_device
                0x0000000010008c60       0x12 CMakeFiles/RP2040-CAN-Driver.dir/usr/share/pico-sdk/src/rp2_common/pico_stdio_usb/stdio_usb_descriptors.c.obj
 *fill*         0x0000000010008c72        0x2 
 .rodata.usbd_desc_str
                0x0000000010008c74       0x18 CMakeFiles/RP2040-CAN-Driver.dir/usr/share/pico-sdk/src/rp2_common/pico_stdio_usb/stdio_usb_descriptors.c.obj
 .rodata._hw_endpoint_alloc.str1.4
                0x0000000010008c8c       0xb1 CMakeFiles/RP2040-CAN-Driver.dir/usr/share/pico-sdk/lib/tinyusb/src/portable/raspberrypi/rp2040/dcd_rp2040.c.obj
 *fill*         0x0000000010008d3d        0x3 
 .rodata.dcd_rp2040_irq.str1.4
                0x0000000010008d40       0x14 CMakeFiles/RP2040-CAN-Driver.dir/usr/share/pico-sdk/lib/tinyusb/src/portable/raspberrypi/rp2040/dcd_rp2040.c.obj
 .rodata.dcd_int_enable.str1.4
                0x0000000010008d54        0xc CMakeFiles/RP2040-CAN-Driver.dir/usr/share/pico-sdk/lib/tinyusb/src/portable/raspberrypi/rp2040/dcd_rp2040.c.obj
 .rodata.__func__.0
                0x0000000010008d60        0xe CMakeFiles/RP2040-CAN-Driver.dir/usr/share/pico-sdk/lib/tinyusb/src/portable/raspberrypi/rp2040/dcd_rp2040.c.obj
 *fill*         0x0000000010008d6e        0x2 
 .rodata.__func__.1
                0x0000000010008d70        0xe CMakeFiles/RP2040-CAN-Driver.dir/usr/share/pico-sdk/lib/tinyusb/src/portable/raspberrypi/rp2040/dcd_rp2040.c.obj
 *fill*         0x0000000010008d7e        0x2 
 .rodata.__func__.3
                0x0000000010008d80       0x10 CMakeFiles/RP2040-CAN-Driver.dir/usr/share/pico-sdk/lib/tinyusb/src/portable/raspberrypi/rp2040/dcd_rp2040.c.obj
 .rodata.__func__.5
                0x0000000010008d90        0xf CMakeFiles/RP2040-CAN-Driver.dir/usr/share/pico-sdk/lib/tinyusb/src/portable/raspberrypi/rp2040/dcd_rp2040.c.obj
 *fill*         0x0000000010008d9f        0x1 
 .rodata.__func__.6
                0x0000000010008da0       0x13 CMakeFiles/RP2040-CAN-Driver.dir/usr/share/pico-sdk/lib/tinyusb/src/portable/raspberrypi/rp2040/dcd_rp2040.c.obj
 *fill*         0x0000000010008db3        0x1 
 .rodata.__func__.7
                0x0000000010008db4        0x9 CMakeFiles/RP2040-CAN-Driver.dir/usr/share/pico-sdk/lib/tinyusb/src/portable/raspberrypi/rp2040/dcd_rp2040.c.obj
 *fill*         0x0000000010008dbd        0x3 
 .rodata.sync_ep_buffer.str1.4
                0x0000000010008dc0       0x8d CMakeFiles/RP2040-CAN-Driver.dir/usr/share/pico-sdk/lib/tinyusb/src/portable/raspberrypi/rp2040/rp2040_usb.c.obj
 *fill*         0x0000000010008e4d        0x3 
 .rodata._hw_endpoint_buffer_control_update32.str1.4
                0x0000000010008e50       0x1f CMakeFiles/RP2040-CAN-Driver.dir/usr/share/pico-sdk/lib/tinyusb/src/portable/raspberrypi/rp2040/rp2040_usb.c.obj
 *fill*         0x0000000010008e6f        0x1 
 .rodata.hw_endpoint_xfer_start.str1.4
                0x0000000010008e70       0x38 CMakeFiles/RP2040-CAN-Driver.dir/usr/share/pico-sdk/lib/tinyusb/src/portable/raspberrypi/rp2040/rp2040_usb.c.obj
 .rodata.hw_endpoint_xfer_continue.str1.4
                0x0000000010008ea8       0x29 CMakeFiles/RP2040-CAN-Driver.dir/usr/share/pico-sdk/lib/tinyusb/src/portable/raspberrypi/rp2040/rp2040_usb.c.obj
 .rodata.str1.4
                0x0000000010008ed1       0x29 CMakeFiles/RP2040-CAN-Driver.dir/usr/share/pico-sdk/lib/tinyusb/src/portable/raspberrypi/rp2040/rp2040_usb.c.obj
                                          0x7 (size before relaxing)
 *fill*         0x0000000010008ed1        0x3 
 .rodata.__func__.0
                0x0000000010008ed4        0xf CMakeFiles/RP2040-CAN-Driver.dir/usr/share/pico-sdk/lib/tinyusb/src/portable/raspberrypi/rp2040/rp2040_usb.c.obj
 *fill*         0x0000000010008ee3        0x1 
 .rodata.process_set_config.str1.4
                0x0000000010008ee4       0x17 CMakeFiles/RP2040-CAN-Driver.dir/usr/share/pico-sdk/lib/tinyusb/src/device/usbd.c.obj
 *fill*         0x0000000010008efb        0x1 
 .rodata.process_get_descriptor
                0x0000000010008efc       0x40 CMakeFiles/RP2040-CAN-Driver.dir/usr/share/pico-sdk/lib/tinyusb/src/device/usbd.c.obj
 .rodata.process_control_request
                0x0000000010008f3c       0x28 CMakeFiles/RP2040-CAN-Driver.dir/usr/share/pico-sdk/lib/tinyusb/src/device/usbd.c.obj
 .rodata.tud_task
                0x0000000010008f64       0x24 CMakeFiles/RP2040-CAN-Driver.dir/usr/share/pico-sdk/lib/tinyusb/src/device/usbd.c.obj
 .rodata.__func__.2
                0x0000000010008f88        0xf CMakeFiles/RP2040-CAN-Driver.dir/usr/share/pico-sdk/lib/tinyusb/src/device/usbd.c.obj
 *fill*         0x0000000010008f97        0x1 
 .rodata.__func__.3
                0x0000000010008f98        0xf CMakeFiles/RP2040-CAN-Driver.dir/usr/share/pico-sdk/lib/tinyusb/src/device/usbd.c.obj
 *fill*         0x0000000010008fa7        0x1 
 .rodata.__func__.4
                0x0000000010008fa8       0x14 CMakeFiles/RP2040-CAN-Driver.dir/usr/share/pico-sdk/lib/tinyusb/src/device/usbd.c.obj
 .rodata.__func__.5
                0x0000000010008fbc       0x10 CMakeFiles/RP2040-CAN-Driver.dir/usr/share/pico-sdk/lib/tinyusb/src/device/usbd.c.obj
 .rodata.__func__.6
                0x0000000010008fcc       0x17 CMakeFiles/RP2040-CAN-Driver.dir/usr/share/pico-sdk/lib/tinyusb/src/device/usbd.c.obj
 *fill*         0x0000000010008fe3        0x1 
 .rodata.__func__.7
                0x0000000010008fe4       0x13 CMakeFiles/RP2040-CAN-Driver.dir/usr/share/pico-sdk/lib/tinyusb/src/device/usbd.c.obj
 *fill*         0x0000000010008ff7        0x1 
 .rodata.__func__.8
                0x0000000010008ff8       0x18 CMakeFiles/RP2040-CAN-Driver.dir/usr/share/pico-sdk/lib/tinyusb/src/device/usbd.c.obj
 .rodata.__func__.9
                0x0000000010009010        0x9 CMakeFiles/RP2040-CAN-Driver.dir/usr/share/pico-sdk/lib/tinyusb/src/device/usbd.c.obj
 *fill*         0x0000000010009019        0x3 
 .rodata._usbd_driver
                0x000000001000901c       0x18 CMakeFiles/RP2040-CAN-Driver.dir/usr/share/pico-sdk/lib/tinyusb/src/device/usbd.c.obj
 .rodata.tud_control_xfer.str1.4
                0x0000000010009034       0x17 CMakeFiles/RP2040-CAN-Driver.dir/usr/share/pico-sdk/lib/tinyusb/src/device/usbd_control.c.obj
 .rodata.__func__.0
                0x0000000010009034       0x15 CMakeFiles/RP2040-CAN-Driver.dir/usr/share/pico-sdk/lib/tinyusb/src/device/usbd_control.c.obj
 *fill*         0x0000000010009049        0x3 
 .rodata.__func__.1
                0x000000001000904c       0x11 CMakeFiles/RP2040-CAN-Driver.dir/usr/share/pico-sdk/lib/tinyusb/src/device/usbd_control.c.obj
 .rodata.tud_cdc_n_write_flush.str1.4
                0x000000001000905d       0x17 CMakeFiles/RP2040-CAN-Driver.dir/usr/share/pico-sdk/lib/tinyusb/src/class/cdc/cdc_device.c.obj
 *fill*         0x000000001000905d        0x3 
 .rodata.__func__.0
                0x0000000010009060        0xd CMakeFiles/RP2040-CAN-Driver.dir/usr/share/pico-sdk/lib/tinyusb/src/class/cdc/cdc_device.c.obj
 *fill*         0x000000001000906d        0x3 
 .rodata.__func__.1
                0x0000000010009070        0xa CMakeFiles/RP2040-CAN-Driver.dir/usr/share/pico-sdk/lib/tinyusb/src/class/cdc/cdc_device.c.obj
 *fill*         0x000000001000907a        0x2 
 .rodata.__func__.2
                0x000000001000907c       0x16 CMakeFiles/RP2040-CAN-Driver.dir/usr/share/pico-sdk/lib/tinyusb/src/class/cdc/cdc_device.c.obj
 .rodata.tusb_init.str1.4
                0x0000000010009092       0x17 CMakeFiles/RP2040-CAN-Driver.dir/usr/share/pico-sdk/lib/tinyusb/src/tusb.c.obj
 *fill*         0x0000000010009092        0x2 
 .rodata.__func__.0
                0x0000000010009094       0x11 CMakeFiles/RP2040-CAN-Driver.dir/usr/share/pico-sdk/lib/tinyusb/src/tusb.c.obj
 *fill*         0x00000000100090a5        0x3 
 .rodata.__func__.1
                0x00000000100090a8        0xa CMakeFiles/RP2040-CAN-Driver.dir/usr/share/pico-sdk/lib/tinyusb/src/tusb.c.obj
 *fill*         0x00000000100090b2        0x2 
 .rodata.pico_get_unique_board_id_string.str1.4
                0x00000000100090b4       0x46 CMakeFiles/RP2040-CAN-Driver.dir/usr/share/pico-sdk/src/rp2_common/pico_unique_id/unique_id.c.obj
 *fill*         0x00000000100090fa        0x2 
 .rodata.__func__.0
                0x00000000100090fc       0x20 CMakeFiles/RP2040-CAN-Driver.dir/usr/share/pico-sdk/src/rp2_common/pico_unique_id/unique_id.c.obj
 .rodata.str1.4
                0x000000001000911c      0x152 CMakeFiles/RP2040-CAN-Driver.dir/usr/share/pico-sdk/src/rp2_common/hardware_flash/flash.c.obj
 *fill*         0x000000001000926e        0x2 
 .rodata.__func__.0
                0x0000000010009270        0xd CMakeFiles/RP2040-CAN-Driver.dir/usr/share/pico-sdk/src/rp2_common/hardware_flash/flash.c.obj
 *fill*         0x000000001000927d        0x3 
 .rodata._global_impure_ptr
                0x0000000010009280        0x4 /usr/lib/gcc/arm-none-eabi/11.2.0/../../../../arm-none-eabi/lib/thumb/v6-m/nofp/libg.a(lib_a-impure.o)
                0x0000000010009280                _global_impure_ptr
                0x0000000010009284                . = ALIGN (0x4)
 *(SORT_BY_ALIGNMENT(SORT_BY_NAME(.flashdata*)))
                0x0000000010009284                . = ALIGN (0x4)

.rel.dyn        0x0000000010009284        0x0
 .rel.iplt      0x0000000010009284        0x0 /usr/lib/gcc/arm-none-eabi/11.2.0/thumb/v6-m/nofp/crtbegin.o

.ARM.extab
 *(.ARM.extab* .gnu.linkonce.armextab.*)
                0x0000000010009284                __exidx_start = .

.ARM.exidx
 *(.ARM.exidx* .gnu.linkonce.armexidx.*)
                0x0000000010009284                __exidx_end = .
                0x0000000010009284                . = ALIGN (0x4)
                0x0000000010009284                __binary_info_start = .

.binary_info    0x0000000010009284       0x28
 *(.binary_info.keep.*)
 .binary_info.keep.__bi_ptr22
                0x0000000010009284        0x4 CMakeFiles/RP2040-CAN-Driver.dir/usr/share/pico-sdk/src/rp2_common/pico_standard_link/binary_info.c.obj
 .binary_info.keep.__bi_ptr30
                0x0000000010009288        0x4 CMakeFiles/RP2040-CAN-Driver.dir/usr/share/pico-sdk/src/rp2_common/pico_standard_link/binary_info.c.obj
 .binary_info.keep.__bi_ptr38
                0x000000001000928c        0x4 CMakeFiles/RP2040-CAN-Driver.dir/usr/share/pico-sdk/src/rp2_common/pico_standard_link/binary_info.c.obj
 .binary_info.keep.__bi_ptr44
                0x0000000010009290        0x4 CMakeFiles/RP2040-CAN-Driver.dir/usr/share/pico-sdk/src/rp2_common/pico_standard_link/binary_info.c.obj
 .binary_info.keep.__bi_ptr50
                0x0000000010009294        0x4 CMakeFiles/RP2040-CAN-Driver.dir/usr/share/pico-sdk/src/rp2_common/pico_standard_link/binary_info.c.obj
 .binary_info.keep.__bi_ptr75
                0x0000000010009298        0x4 CMakeFiles/RP2040-CAN-Driver.dir/usr/share/pico-sdk/src/rp2_common/pico_standard_link/binary_info.c.obj
 .binary_info.keep.__bi_ptr81
                0x000000001000929c        0x4 CMakeFiles/RP2040-CAN-Driver.dir/usr/share/pico-sdk/src/rp2_common/pico_standard_link/binary_info.c.obj
 *(.binary_info.*)
 .binary_info.__bi_ptr28
                0x00000000100092a0        0x4 CMakeFiles/RP2040-CAN-Driver.dir/usr/share/pico-sdk/src/rp2_common/pico_stdio_uart/stdio_uart.c.obj
 .binary_info.__bi_ptr29
                0x00000000100092a4        0x4 CMakeFiles/RP2040-CAN-Driver.dir/usr/share/pico-sdk/src/rp2_common/pico_stdio_uart/stdio_uart.c.obj
 .binary_info.__bi_ptr93
                0x00000000100092a8        0x4 CMakeFiles/RP2040-CAN-Driver.dir/usr/share/pico-sdk/src/rp2_common/pico_stdio_usb/stdio_usb.c.obj
                0x00000000100092ac                __binary_info_end = .
                0x00000000100092ac                . = ALIGN (0x4)
                0x00000000100092ac                __etext = .

.ram_vector_table